[2025-12-24T13:49:12.581869+00:00] Boot image artifact metadata
[2025-12-24T13:49:12.581869+00:00]   ISO: /nix/store/gymcmhqzw6f5xcbhljqijc5wdsnfpgw3-nixos-minimal-25.05.20251022.c8aa8cc-x86_64-linux.iso/iso/nixos-minimal-25.05.20251022.c8aa8cc-x86_64-linux.iso
[2025-12-24T13:49:12.581869+00:00]   Store path: /nix/store/gymcmhqzw6f5xcbhljqijc5wdsnfpgw3-nixos-minimal-25.05.20251022.c8aa8cc-x86_64-linux.iso
[2025-12-24T13:49:12.581869+00:00]   Deriver: /nix/store/hyprl1gy65cip8zxljbzcf8s0qnq3xda-nixos-minimal-25.05.20251022.c8aa8cc-x86_64-linux.iso.drv
[2025-12-24T13:49:12.581869+00:00]   NAR hash: sha256-mOS9TVvlwo53/EoIApKD3HFhkVZmsCL+8kIEJrucMxU=
[2025-12-24T13:49:12.581869+00:00]   Embedded root key fingerprint: 256 SHA256:KaaYS4e7KWd5cxrxZKaSdisU7DhfZB3dUR4wiYzOSs8 boot-image-vm-test (ED25519)
[2025-12-24T13:49:12.581869+00:00]   QEMU version: QEMU emulator version 8.2.2 (Debian 1:8.2.2+ds-0ubuntu1.11)
[2025-12-24T13:49:12.581869+00:00]   Disk image: /tmp/pytest-of-root/pytest-0/boot-image-disk0/disk.img
[2025-12-24T13:49:12.581869+00:00]   QEMU command: /usr/bin/qemu-system-x86_64 -m 2048 -smp 2 -display none -no-reboot -boot d -serial stdio -cdrom /nix/store/gymcmhqzw6f5xcbhljqijc5wdsnfpgw3-nixos-minimal-25.05.20251022.c8aa8cc-x86_64-linux.iso/iso/nixos-minimal-25.05.20251022.c8aa8cc-x86_64-linux.iso -drive file=/tmp/pytest-of-root/pytest-0/boot-image-disk0/disk.img,if=virtio,format=raw -drive file=/tmp/pytest-of-root/pytest-0/boot-image-disk10/disk.img,if=virtio,format=raw -drive file=/tmp/pytest-of-root/pytest-0/boot-image-disk20/disk.img,if=virtio,format=raw -device virtio-rng-pci -netdev user,id=net0,hostfwd=tcp:127.0.0.1:44763-:22 -device virtio-net-pci,netdev=net0
[2025-12-24T13:49:12.582449+00:00] Harness metadata written to /workspace/NixOS-boot-image/notes/2025-12-24T134912Z-vm-run/logs/metadata.json
[2025-12-24T13:49:12.582631+00:00] Starting login sequence
[2025-12-24T13:49:12.585425+00:00] Awaiting patterns: login: , \[nixos@[^]]+\]\$ ?, root@.*# ?, # ? (timeout=300s)
[2025-12-24T13:49:13.172065+00:00] Serial output: ISOLINUX 6.04   Copyright (C) 1994-2015 H. Peter Anvin et al
[2025-12-24T13:49:13.172336+00:00] Serial output: e%@)0(B
[2025-12-24T13:49:13.177744+00:00] Serial output: lqqqqqqqqqqqqqqqqqqqqqqqqqqqqqqqqqqqqqqqqqqqqqqqqqqqqqqqqqqqqqqqqqqqqqqqqqqqqqqqqqqqqqqqqqqqqqqqqk
[2025-12-24T13:49:13.178153+00:00] Serial output: x
[2025-12-24T13:49:13.178292+00:00] Serial output: NixOS
[2025-12-24T13:49:13.178594+00:00] Serial output: x
[2025-12-24T13:49:13.180685+00:00] Serial output: tqqqqqqqqqqqqqqqqqqqqqqqqqqqqqqqqqqqqqqqqqqqqqqqqqqqqqqqqqqqqqqqqqqqqqqqqqqqqqqqqqqqqqqqqqqqqqqqqu
[2025-12-24T13:49:13.180803+00:00] Serial output: x
[2025-12-24T13:49:13.183127+00:00] Serial output: NixOS 25.05.20251022.c8aa8cc Installer
[2025-12-24T13:49:13.183416+00:00] Serial output: x
[2025-12-24T13:49:13.183511+00:00] Serial output: x
[2025-12-24T13:49:13.185479+00:00] Serial output: Options                                                                                      >
[2025-12-24T13:49:13.185740+00:00] Serial output: x
[2025-12-24T13:49:13.185829+00:00] Serial output: x
[2025-12-24T13:49:13.187726+00:00] Serial output: Memtest86+
[2025-12-24T13:49:13.187987+00:00] Serial output: x
[2025-12-24T13:49:13.188029+00:00] Serial output: x
[2025-12-24T13:49:13.189336+00:00] Serial output: x
[2025-12-24T13:49:13.189471+00:00] Serial output: x
[2025-12-24T13:49:13.190602+00:00] Serial output: x
[2025-12-24T13:49:13.190776+00:00] Serial output: x
[2025-12-24T13:49:13.191976+00:00] Serial output: x
[2025-12-24T13:49:13.194782+00:00] Serial output: mqqqqqqqqqqqqqqqqqqqqqqqqqqqqqqqqqqqqqqqqqqqqqqqqqqqqqqqqqqqqqqqqqqqqqqqqqqqqqqqqqqqqqqqqqqqqqqqqj
[2025-12-24T13:49:13.194840+00:00] Serial output: Press [Tab] to edit options
[2025-12-24T13:49:13.197785+00:00] Serial output: Automatic boot in
[2025-12-24T13:49:13.197920+00:00] Serial output: 10
[2025-12-24T13:49:14.196328+00:00] Serial output: seconds...
[2025-12-24T13:49:14.196594+00:00] Serial output: Automatic boot in
[2025-12-24T13:49:14.196976+00:00] Serial output: 9
[2025-12-24T13:49:15.239620+00:00] Serial output: seconds...
[2025-12-24T13:49:15.240084+00:00] Serial output: Automatic boot in
[2025-12-24T13:49:15.240191+00:00] Serial output: 8
[2025-12-24T13:49:16.283318+00:00] Serial output: seconds...
[2025-12-24T13:49:16.283446+00:00] Serial output: Automatic boot in
[2025-12-24T13:49:16.283475+00:00] Serial output: 7
[2025-12-24T13:49:17.326918+00:00] Serial output: seconds...
[2025-12-24T13:49:17.327059+00:00] Serial output: Automatic boot in
[2025-12-24T13:49:17.327092+00:00] Serial output: 6
[2025-12-24T13:49:18.370432+00:00] Serial output: seconds...
[2025-12-24T13:49:18.370560+00:00] Serial output: Automatic boot in
[2025-12-24T13:49:18.370602+00:00] Serial output: 5
[2025-12-24T13:49:19.414384+00:00] Serial output: seconds...
[2025-12-24T13:49:19.414782+00:00] Serial output: Automatic boot in
[2025-12-24T13:49:19.414835+00:00] Serial output: 4
[2025-12-24T13:49:20.457493+00:00] Serial output: seconds...
[2025-12-24T13:49:20.457675+00:00] Serial output: Automatic boot in
[2025-12-24T13:49:20.457706+00:00] Serial output: 3
[2025-12-24T13:49:21.501261+00:00] Serial output: seconds...
[2025-12-24T13:49:21.501687+00:00] Serial output: Automatic boot in
[2025-12-24T13:49:21.501817+00:00] Serial output: 2
[2025-12-24T13:49:22.544781+00:00] Serial output: seconds...
[2025-12-24T13:49:22.544964+00:00] Serial output: Automatic boot in
[2025-12-24T13:49:22.545255+00:00] Serial output: 1
[2025-12-24T13:49:23.588208+00:00] Serial output: second...
[2025-12-24T13:49:23.592427+00:00] Serial output: lqqqqqqqqqqqqqqqqqqqqqqqqqqqqqqqqqqqqqqqqqqqqqqqqqqqqqqqqqqqqqqqqqqqqqqqqqqqqqqqqqqqqqqqqqqqqqqqqk
[2025-12-24T13:49:23.596681+00:00] Serial output: x
[2025-12-24T13:49:23.596776+00:00] Serial output: NixOS
[2025-12-24T13:49:23.596845+00:00] Serial output: x
[2025-12-24T13:49:23.596875+00:00] Serial output: tqqqqqqqqqqqqqqqqqqqqqqqqqqqqqqqqqqqqqqqqqqqqqqqqqqqqqqqqqqqqqqqqqqqqqqqqqqqqqqqqqqqqqqqqqqqqqqqqu
[2025-12-24T13:49:23.596902+00:00] Serial output: x
[2025-12-24T13:49:23.597592+00:00] Serial output: NixOS 25.05.20251022.c8aa8cc Installer
[2025-12-24T13:49:23.597686+00:00] Serial output: x
[2025-12-24T13:49:23.597753+00:00] Serial output: x
[2025-12-24T13:49:23.599768+00:00] Serial output: Options                                                                                      >
[2025-12-24T13:49:23.599991+00:00] Serial output: x
[2025-12-24T13:49:23.600028+00:00] Serial output: x
[2025-12-24T13:49:23.602609+00:00] Serial output: Memtest86+
[2025-12-24T13:49:23.602699+00:00] Serial output: x
[2025-12-24T13:49:23.602765+00:00] Serial output: x
[2025-12-24T13:49:23.603943+00:00] Serial output: x
[2025-12-24T13:49:23.603990+00:00] Serial output: x
[2025-12-24T13:49:23.605333+00:00] Serial output: x
[2025-12-24T13:49:23.605404+00:00] Serial output: x
[2025-12-24T13:49:23.606513+00:00] Serial output: x
[2025-12-24T13:49:23.609650+00:00] Serial output: mqqqqqqqqqqqqqqqqqqqqqqqqqqqqqqqqqqqqqqqqqqqqqqqqqqqqqqqqqqqqqqqqqqqqqqqqqqqqqqqqqqqqqqqqqqqqqqqqj
[2025-12-24T13:49:23.609717+00:00] Serial output: Press [Tab] to edit options
[2025-12-24T13:49:23.642589+00:00] Serial output: e%@)0(B
[2025-12-24T13:49:31.675360+00:00] Serial output: Loading /boot//nix/store/cjrhr0f61a0c68r4vq0qxws3jadn48yj-linux-6.12.54/bzImage... ok
[2025-12-24T13:49:31.675495+00:00] Serial output: Loading /boot//nix/store/y4jkdvcm47cc5kr7mijnbs4969x71frv-initrd-linux-6.12.54/initrd...ok
[2025-12-24T13:49:31.675540+00:00] Serial output: <<< NixOS Stage 1 >>>
[2025-12-24T13:49:44.794163+00:00] Serial output: loading module loop...
[2025-12-24T13:49:44.794338+00:00] Serial output: loading module overlay...
[2025-12-24T13:49:44.794379+00:00] Serial output: loading module vfat...
[2025-12-24T13:49:44.794395+00:00] Serial output: loading module nls_cp437...
[2025-12-24T13:49:44.794408+00:00] Serial output: loading module nls_iso8859-1...
[2025-12-24T13:49:44.794421+00:00] Serial output: loading module dm_mod...
[2025-12-24T13:49:44.794433+00:00] Serial output: running udev...
[2025-12-24T13:49:44.794490+00:00] Serial output: Starting systemd-udevd version 257.9
[2025-12-24T13:49:44.794506+00:00] Serial output: kbd_mode: KDSKBMODE: Inappropriate ioctl for device
[2025-12-24T13:49:44.794569+00:00] Serial output: %Gstarting device mapper and LVM...
[2025-12-24T13:49:44.794615+00:00] Serial output: mounting tmpfs on /...
[2025-12-24T13:49:44.794629+00:00] Serial output: mounting /dev/root on /iso...
[2025-12-24T13:49:44.794643+00:00] Serial output: [   11.350181] /dev/root: Can't open blockdev
[2025-12-24T13:49:44.794656+00:00] Serial output: mounting /mnt-root/iso/nix-store.squashfs on /nix/.ro-store...
[2025-12-24T13:49:44.794669+00:00] Serial output: mounting tmpfs on /nix/.rw-store...
[2025-12-24T13:49:44.794713+00:00] Serial output: mounting overlay on /nix/store...
[2025-12-24T13:49:44.794759+00:00] Serial output: <<< NixOS Stage 2 >>>
[2025-12-24T13:50:00.466087+00:00] Serial output: running activation script...
[2025-12-24T13:50:00.466199+00:00] Serial output: setting up /etc...
[2025-12-24T13:50:00.466218+00:00] Serial output: unpacking the NixOS/Nixpkgs sources...
[2025-12-24T13:50:00.466233+00:00] Serial output: ln: failed to create symbolic link '/root/.nix-defexpr/channels/channels': Read-only file system
[2025-12-24T13:50:00.466294+00:00] Serial output: starting systemd...
[2025-12-24T13:50:00.495759+00:00] Serial output: Welcome to
[2025-12-24T13:50:00.496163+00:00] Serial output: NixOS 25.05 (Warbler)
[2025-12-24T13:50:00.496434+00:00] Serial output: !
[2025-12-24T13:50:08.057547+00:00] Serial output: [
[2025-12-24T13:50:08.057960+00:00] Serial output: OK
[2025-12-24T13:50:08.058279+00:00] Serial output: ] Created slice
[2025-12-24T13:50:08.058549+00:00] Serial output: Slice /system/getty
[2025-12-24T13:50:08.072122+00:00] Serial output: .
[2025-12-24T13:50:08.072259+00:00] Serial output: [
[2025-12-24T13:50:08.072310+00:00] Serial output: OK
[2025-12-24T13:50:08.072419+00:00] Serial output: ] Created slice
[2025-12-24T13:50:08.072447+00:00] Serial output: Slice /system/modprobe
[2025-12-24T13:50:08.083259+00:00] Serial output: .
[2025-12-24T13:50:08.083344+00:00] Serial output: [
[2025-12-24T13:50:08.083383+00:00] Serial output: OK
[2025-12-24T13:50:08.083615+00:00] Serial output: ] Created slice
[2025-12-24T13:50:08.083925+00:00] Serial output: Slice /system/serial-getty
[2025-12-24T13:50:08.097193+00:00] Serial output: .
[2025-12-24T13:50:08.097279+00:00] Serial output: [
[2025-12-24T13:50:08.097328+00:00] Serial output: OK
[2025-12-24T13:50:08.097569+00:00] Serial output: ] Created slice
[2025-12-24T13:50:08.097918+00:00] Serial output: User and Session Slice
[2025-12-24T13:50:08.102945+00:00] Serial output: .
[2025-12-24T13:50:08.103050+00:00] Serial output: [
[2025-12-24T13:50:08.103121+00:00] Serial output: OK
[2025-12-24T13:50:08.103351+00:00] Serial output: ] Started
[2025-12-24T13:50:08.104165+00:00] Serial output: Dispatch Password Requests to Console Directory Watch
[2025-12-24T13:50:08.106241+00:00] Serial output: .
[2025-12-24T13:50:08.106286+00:00] Serial output: [
[2025-12-24T13:50:08.106360+00:00] Serial output: OK
[2025-12-24T13:50:08.106388+00:00] Serial output: ] Started
[2025-12-24T13:50:08.106885+00:00] Serial output: Forward Password Requests to Wall Directory Watch
[2025-12-24T13:50:08.110093+00:00] Serial output: .
[2025-12-24T13:50:08.110156+00:00] Serial output: Expecting device
[2025-12-24T13:50:08.110337+00:00] Serial output: /dev/ttyS0
[2025-12-24T13:50:08.111797+00:00] Serial output: ...
[2025-12-24T13:50:08.111843+00:00] Serial output: [
[2025-12-24T13:50:08.111873+00:00] Serial output: OK
[2025-12-24T13:50:08.112185+00:00] Serial output: ] Reached target
[2025-12-24T13:50:08.112446+00:00] Serial output: Local Encrypted Volumes
[2025-12-24T13:50:08.113594+00:00] Serial output: .
[2025-12-24T13:50:08.113641+00:00] Serial output: [
[2025-12-24T13:50:08.113691+00:00] Serial output: OK
[2025-12-24T13:50:08.113972+00:00] Serial output: ] Reached target
[2025-12-24T13:50:08.114259+00:00] Serial output: Containers
[2025-12-24T13:50:08.115278+00:00] Serial output: .
[2025-12-24T13:50:08.115341+00:00] Serial output: [
[2025-12-24T13:50:08.115430+00:00] Serial output: OK
[2025-12-24T13:50:08.115944+00:00] Serial output: ] Reached target
[2025-12-24T13:50:08.116209+00:00] Serial output: Path Units
[2025-12-24T13:50:08.117354+00:00] Serial output: .
[2025-12-24T13:50:08.117467+00:00] Serial output: [
[2025-12-24T13:50:08.117762+00:00] Serial output: OK
[2025-12-24T13:50:08.118034+00:00] Serial output: ] Reached target
[2025-12-24T13:50:08.118547+00:00] Serial output: Remote File Systems
[2025-12-24T13:50:08.119556+00:00] Serial output: .
[2025-12-24T13:50:08.119595+00:00] Serial output: [
[2025-12-24T13:50:08.119835+00:00] Serial output: OK
[2025-12-24T13:50:08.119882+00:00] Serial output: ] Reached target
[2025-12-24T13:50:08.120165+00:00] Serial output: Slice Units
[2025-12-24T13:50:08.121380+00:00] Serial output: .
[2025-12-24T13:50:08.121455+00:00] Serial output: [
[2025-12-24T13:50:08.121487+00:00] Serial output: OK
[2025-12-24T13:50:08.121783+00:00] Serial output: ] Reached target
[2025-12-24T13:50:08.122047+00:00] Serial output: Swaps
[2025-12-24T13:50:08.122965+00:00] Serial output: .
[2025-12-24T13:50:08.123038+00:00] Serial output: [
[2025-12-24T13:50:08.123102+00:00] Serial output: OK
[2025-12-24T13:50:08.123334+00:00] Serial output: ] Reached target
[2025-12-24T13:50:08.123703+00:00] Serial output: ZFS pool import target
[2025-12-24T13:50:08.168973+00:00] Serial output: .
[2025-12-24T13:50:08.169197+00:00] Serial output: [
[2025-12-24T13:50:08.169282+00:00] Serial output: OK
[2025-12-24T13:50:08.170279+00:00] Serial output: ] Listening on
[2025-12-24T13:50:08.170674+00:00] Serial output: Process Core Dump Socket
[2025-12-24T13:50:08.202398+00:00] Serial output: .
[2025-12-24T13:50:08.202522+00:00] Serial output: [
[2025-12-24T13:50:08.202774+00:00] Serial output: OK
[2025-12-24T13:50:08.202875+00:00] Serial output: ] Listening on
[2025-12-24T13:50:08.203495+00:00] Serial output: Credential Encryption/Decryption
[2025-12-24T13:50:08.213424+00:00] Serial output: .
[2025-12-24T13:50:08.213508+00:00] Serial output: [
[2025-12-24T13:50:08.213547+00:00] Serial output: OK
[2025-12-24T13:50:08.213841+00:00] Serial output: ] Listening on
[2025-12-24T13:50:08.214098+00:00] Serial output: Journal Audit Socket
[2025-12-24T13:50:08.220389+00:00] Serial output: .
[2025-12-24T13:50:08.220458+00:00] Serial output: [
[2025-12-24T13:50:08.220555+00:00] Serial output: OK
[2025-12-24T13:50:08.220582+00:00] Serial output: ] Listening on
[2025-12-24T13:50:08.220896+00:00] Serial output: Journal Socket (/dev/log)
[2025-12-24T13:50:08.224572+00:00] Serial output: .
[2025-12-24T13:50:08.224635+00:00] Serial output: [
[2025-12-24T13:50:08.224673+00:00] Serial output: OK
[2025-12-24T13:50:08.225139+00:00] Serial output: ] Listening on
[2025-12-24T13:50:08.225201+00:00] Serial output: Journal Sockets
[2025-12-24T13:50:08.228676+00:00] Serial output: .
[2025-12-24T13:50:08.228781+00:00] Serial output: [
[2025-12-24T13:50:08.228820+00:00] Serial output: OK
[2025-12-24T13:50:08.228844+00:00] Serial output: ] Listening on
[2025-12-24T13:50:08.232200+00:00] Serial output: Network Service Netlink Socket
[2025-12-24T13:50:08.232730+00:00] Serial output: .
[2025-12-24T13:50:08.232773+00:00] Serial output: [
[2025-12-24T13:50:08.232801+00:00] Serial output: OK
[2025-12-24T13:50:08.233551+00:00] Serial output: ] Listening on
[2025-12-24T13:50:08.233629+00:00] Serial output: Userspace Out-Of-Memory (OOM) Killer Socket
[2025-12-24T13:50:08.237726+00:00] Serial output: .
[2025-12-24T13:50:08.237789+00:00] Serial output: [
[2025-12-24T13:50:08.237834+00:00] Serial output: OK
[2025-12-24T13:50:08.238146+00:00] Serial output: ] Listening on
[2025-12-24T13:50:08.238270+00:00] Serial output: udev Control Socket
[2025-12-24T13:50:08.239579+00:00] Serial output: .
[2025-12-24T13:50:08.239619+00:00] Serial output: [
[2025-12-24T13:50:08.239843+00:00] Serial output: OK
[2025-12-24T13:50:08.239878+00:00] Serial output: ] Listening on
[2025-12-24T13:50:08.239901+00:00] Serial output: udev Kernel Socket
[2025-12-24T13:50:08.317963+00:00] Serial output: .
[2025-12-24T13:50:08.318177+00:00] Serial output: Mounting
[2025-12-24T13:50:08.318246+00:00] Serial output: Huge Pages File System
[2025-12-24T13:50:08.345660+00:00] Serial output: ...
[2025-12-24T13:50:08.345793+00:00] Serial output: Mounting
[2025-12-24T13:50:08.345925+00:00] Serial output: POSIX Message Queue File System
[2025-12-24T13:50:08.476897+00:00] Serial output: ...
[2025-12-24T13:50:08.477067+00:00] Serial output: Mounting
[2025-12-24T13:50:08.478155+00:00] Serial output: Kernel Debug File System
[2025-12-24T13:50:08.522850+00:00] Serial output: ...
[2025-12-24T13:50:08.522983+00:00] Serial output: Mounting
[2025-12-24T13:50:08.523043+00:00] Serial output: Kernel Trace File System
[2025-12-24T13:50:08.639844+00:00] Serial output: ...
[2025-12-24T13:50:08.639978+00:00] Serial output: Starting
[2025-12-24T13:50:08.640303+00:00] Serial output: Create List of Static Device Nodes
[2025-12-24T13:50:08.725950+00:00] Serial output: ...
[2025-12-24T13:50:08.726213+00:00] Serial output: Starting
[2025-12-24T13:50:08.726600+00:00] Serial output: Load Kernel Module configfs
[2025-12-24T13:50:08.848990+00:00] Serial output: ...
[2025-12-24T13:50:08.849119+00:00] Serial output: Starting
[2025-12-24T13:50:08.849161+00:00] Serial output: Load Kernel Module drm
[2025-12-24T13:50:09.062215+00:00] Serial output: ...
[2025-12-24T13:50:09.062361+00:00] Serial output: Starting
[2025-12-24T13:50:09.062699+00:00] Serial output: Load Kernel Module efi_pstore
[2025-12-24T13:50:09.141867+00:00] Serial output: ...
[2025-12-24T13:50:09.141995+00:00] Serial output: Starting
[2025-12-24T13:50:09.142256+00:00] Serial output: Load Kernel Module fuse
[2025-12-24T13:50:09.235828+00:00] Serial output: ...
[2025-12-24T13:50:09.235958+00:00] Serial output: Starting
[2025-12-24T13:50:09.236171+00:00] Serial output: mount-pstore.service
[2025-12-24T13:50:09.371613+00:00] Serial output: ...
[2025-12-24T13:50:09.371787+00:00] Serial output: Starting
[2025-12-24T13:50:09.372262+00:00] Serial output: Journal Service
[2025-12-24T13:50:09.434162+00:00] Serial output: ...
[2025-12-24T13:50:09.434308+00:00] Serial output: Starting
[2025-12-24T13:50:09.434372+00:00] Serial output: Load Kernel Modules
[2025-12-24T13:50:09.481914+00:00] Serial output: ...
[2025-12-24T13:50:09.482047+00:00] Serial output: Starting
[2025-12-24T13:50:09.482349+00:00] Serial output: Userspace Out-Of-Memory (OOM) Killer
[2025-12-24T13:50:09.516026+00:00] Serial output: ...
[2025-12-24T13:50:09.516215+00:00] Serial output: Starting
[2025-12-24T13:50:09.517135+00:00] Serial output: Remount Root and Kernel File Systems
[2025-12-24T13:50:09.566880+00:00] Serial output: ...
[2025-12-24T13:50:09.567040+00:00] Serial output: Starting
[2025-12-24T13:50:09.568469+00:00] Serial output: Coldplug All udev Devices
[2025-12-24T13:50:09.638480+00:00] Serial output: ...
[2025-12-24T13:50:09.638622+00:00] Serial output: [
[2025-12-24T13:50:09.638733+00:00] Serial output: OK
[2025-12-24T13:50:09.639120+00:00] Serial output: ] Mounted
[2025-12-24T13:50:09.639216+00:00] Serial output: Huge Pages File System
[2025-12-24T13:50:09.648597+00:00] Serial output: .
[2025-12-24T13:50:09.648774+00:00] Serial output: [
[2025-12-24T13:50:09.648828+00:00] Serial output: OK
[2025-12-24T13:50:09.648866+00:00] Serial output: ] Mounted
[2025-12-24T13:50:09.648977+00:00] Serial output: POSIX Message Queue File System
[2025-12-24T13:50:09.654334+00:00] Serial output: .
[2025-12-24T13:50:09.654444+00:00] Serial output: [
[2025-12-24T13:50:09.654489+00:00] Serial output: OK
[2025-12-24T13:50:09.654745+00:00] Serial output: ] Mounted
[2025-12-24T13:50:09.654871+00:00] Serial output: Kernel Debug File System
[2025-12-24T13:50:09.659169+00:00] Serial output: .
[2025-12-24T13:50:09.659246+00:00] Serial output: [
[2025-12-24T13:50:09.659491+00:00] Serial output: OK
[2025-12-24T13:50:09.659578+00:00] Serial output: ] Mounted
[2025-12-24T13:50:09.659605+00:00] Serial output: Kernel Trace File System
[2025-12-24T13:50:10.226319+00:00] Serial output: .
[2025-12-24T13:50:10.226542+00:00] Serial output: [
[2025-12-24T13:50:10.226865+00:00] Serial output: OK
[2025-12-24T13:50:10.226962+00:00] Serial output: ] Finished
[2025-12-24T13:50:10.227006+00:00] Serial output: Create List of Static Device Nodes
[2025-12-24T13:50:10.307295+00:00] Serial output: .
[2025-12-24T13:50:10.307442+00:00] Serial output: Starting
[2025-12-24T13:50:10.307492+00:00] Serial output: Create Static Device Nodes in /dev gracefully
[2025-12-24T13:50:12.020415+00:00] Serial output: ...
[2025-12-24T13:50:12.020520+00:00] Serial output: [
[2025-12-24T13:50:12.020627+00:00] Serial output: OK
[2025-12-24T13:50:12.020654+00:00] Serial output: ] Finished
[2025-12-24T13:50:12.020898+00:00] Serial output: Remount Root and Kernel File Systems
[2025-12-24T13:50:12.245492+00:00] Serial output: .
[2025-12-24T13:50:12.245602+00:00] Serial output: Starting
[2025-12-24T13:50:12.245873+00:00] Serial output: Load/Save OS Random Seed
[2025-12-24T13:50:12.308992+00:00] Serial output: ...
[2025-12-24T13:50:12.309183+00:00] Serial output: Starting
[2025-12-24T13:50:12.309494+00:00] Serial output: Network Time Synchronization
[2025-12-24T13:50:14.021525+00:00] Serial output: ...
[2025-12-24T13:50:14.021660+00:00] Serial output: [
[2025-12-24T13:50:14.021723+00:00] Serial output: OK
[2025-12-24T13:50:14.021833+00:00] Serial output: ] Finished
[2025-12-24T13:50:14.022157+00:00] Serial output: Load/Save OS Random Seed
[2025-12-24T13:50:14.028544+00:00] Serial output: .
[2025-12-24T13:50:14.028665+00:00] Serial output: [
[2025-12-24T13:50:14.028920+00:00] Serial output: OK
[2025-12-24T13:50:14.028992+00:00] Serial output: ] Reached target
[2025-12-24T13:50:14.029018+00:00] Serial output: First Boot Complete
[2025-12-24T13:50:14.130805+00:00] Serial output: .
[2025-12-24T13:50:14.130913+00:00] Serial output: [
[2025-12-24T13:50:14.130955+00:00] Serial output: OK
[2025-12-24T13:50:14.130982+00:00] Serial output: ] Finished
[2025-12-24T13:50:14.131352+00:00] Serial output: Create Static Device Nodes in /dev gracefully
[2025-12-24T13:50:14.186374+00:00] Serial output: .
[2025-12-24T13:50:14.186506+00:00] Serial output: Starting
[2025-12-24T13:50:14.186548+00:00] Serial output: Create Static Device Nodes in /dev
[2025-12-24T13:50:14.944626+00:00] Serial output: ...
[2025-12-24T13:50:14.944788+00:00] Serial output: [
[2025-12-24T13:50:14.944882+00:00] Serial output: OK
[2025-12-24T13:50:14.945130+00:00] Serial output: ] Finished
[2025-12-24T13:50:14.945192+00:00] Serial output: Load Kernel Module drm
[2025-12-24T13:50:15.236186+00:00] Serial output: .
[2025-12-24T13:50:15.236298+00:00] Serial output: [
[2025-12-24T13:50:15.236348+00:00] Serial output: OK
[2025-12-24T13:50:15.236379+00:00] Serial output: ] Started
[2025-12-24T13:50:15.236622+00:00] Serial output: Userspace Out-Of-Memory (OOM) Killer
[2025-12-24T13:50:15.383704+00:00] Serial output: .
[2025-12-24T13:50:15.383828+00:00] Serial output: [
[2025-12-24T13:50:15.383885+00:00] Serial output: OK
[2025-12-24T13:50:15.384170+00:00] Serial output: ] Finished
[2025-12-24T13:50:15.384225+00:00] Serial output: Load Kernel Module configfs
[2025-12-24T13:50:15.422432+00:00] Serial output: .
[2025-12-24T13:50:15.422526+00:00] Serial output: Mounting
[2025-12-24T13:50:15.422564+00:00] Serial output: Kernel Configuration File System
[2025-12-24T13:50:15.459393+00:00] Serial output: ...
[2025-12-24T13:50:15.459494+00:00] Serial output: [
[2025-12-24T13:50:15.459755+00:00] Serial output: OK
[2025-12-24T13:50:15.459798+00:00] Serial output: ] Finished
[2025-12-24T13:50:15.459823+00:00] Serial output: Load Kernel Module efi_pstore
[2025-12-24T13:50:15.767834+00:00] Serial output: .
[2025-12-24T13:50:15.767947+00:00] Serial output: [
[2025-12-24T13:50:15.768213+00:00] Serial output: OK
[2025-12-24T13:50:15.768343+00:00] Serial output: ] Mounted
[2025-12-24T13:50:15.768473+00:00] Serial output: Kernel Configuration File System
[2025-12-24T13:50:15.873636+00:00] Serial output: .
[2025-12-24T13:50:15.873734+00:00] Serial output: [
[2025-12-24T13:50:15.874063+00:00] Serial output: OK
[2025-12-24T13:50:15.874109+00:00] Serial output: ] Started
[2025-12-24T13:50:15.874158+00:00] Serial output: Journal Service
[2025-12-24T13:50:15.918276+00:00] Serial output: .
[2025-12-24T13:50:15.918390+00:00] Serial output: Starting
[2025-12-24T13:50:15.918459+00:00] Serial output: Flush Journal to Persistent Storage
[2025-12-24T13:50:16.033999+00:00] Serial output: ...
[2025-12-24T13:50:16.034135+00:00] Serial output: [
[2025-12-24T13:50:16.034406+00:00] Serial output: OK
[2025-12-24T13:50:16.034459+00:00] Serial output: ] Finished
[2025-12-24T13:50:16.034484+00:00] Serial output: Load Kernel Module fuse
[2025-12-24T13:50:16.110334+00:00] Serial output: .
[2025-12-24T13:50:16.110447+00:00] Serial output: Mounting
[2025-12-24T13:50:16.110508+00:00] Serial output: FUSE Control File System
[2025-12-24T13:50:16.492208+00:00] Serial output: ...
[2025-12-24T13:50:16.492322+00:00] Serial output: [
[2025-12-24T13:50:16.492611+00:00] Serial output: OK
[2025-12-24T13:50:16.492668+00:00] Serial output: ] Mounted
[2025-12-24T13:50:16.492694+00:00] Serial output: FUSE Control File System
[2025-12-24T13:50:16.530993+00:00] Serial output: .
[2025-12-24T13:50:16.531195+00:00] Serial output: [
[2025-12-24T13:50:16.531573+00:00] Serial output: OK
[2025-12-24T13:50:16.531667+00:00] Serial output: ] Finished
[2025-12-24T13:50:16.531713+00:00] Serial output: Create Static Device Nodes in /dev
[2025-12-24T13:50:16.565933+00:00] Serial output: .
[2025-12-24T13:50:16.566117+00:00] Serial output: [
[2025-12-24T13:50:16.566503+00:00] Serial output: OK
[2025-12-24T13:50:16.566601+00:00] Serial output: ] Reached target
[2025-12-24T13:50:16.566646+00:00] Serial output: Preparation for Local File Systems
[2025-12-24T13:50:16.607525+00:00] Serial output: .
[2025-12-24T13:50:16.607647+00:00] Serial output: Mounting
[2025-12-24T13:50:16.607688+00:00] Serial output: /run/wrappers
[2025-12-24T13:50:16.634600+00:00] Serial output: ...
[2025-12-24T13:50:16.634742+00:00] Serial output: Starting
[2025-12-24T13:50:16.634789+00:00] Serial output: Rule-based Manager for Device Events and Files
[2025-12-24T13:50:17.717398+00:00] Serial output: ...
[2025-12-24T13:50:17.717507+00:00] Serial output: [
[2025-12-24T13:50:17.717760+00:00] Serial output: OK
[2025-12-24T13:50:17.717810+00:00] Serial output: ] Mounted
[2025-12-24T13:50:17.717835+00:00] Serial output: /run/wrappers
[2025-12-24T13:50:18.470546+00:00] Serial output: .
[2025-12-24T13:50:18.470650+00:00] Serial output: Starting
[2025-12-24T13:50:18.470692+00:00] Serial output: Create SUID/SGID Wrappers
[2025-12-24T13:50:19.649302+00:00] Serial output: ...
[2025-12-24T13:50:19.649404+00:00] Serial output: [
[2025-12-24T13:50:19.649652+00:00] Serial output: OK
[2025-12-24T13:50:19.649695+00:00] Serial output: ] Finished
[2025-12-24T13:50:19.649720+00:00] Serial output: Flush Journal to Persistent Storage
[2025-12-24T13:50:21.868438+00:00] Serial output: .
[2025-12-24T13:50:21.868574+00:00] Serial output: [
[2025-12-24T13:50:21.868872+00:00] Serial output: *
[2025-12-24T13:50:22.364962+00:00] Serial output: ] (1 of 7) A start job is running forâ€¦ All udev Devices (14s / no limit)
[2025-12-24T13:50:22.365377+00:00] Serial output: [
[2025-12-24T13:50:22.365468+00:00] Serial output: *
[2025-12-24T13:50:22.365523+00:00] Serial output: *
[2025-12-24T13:50:23.953511+00:00] Serial output: ] (1 of 7) A start job is running forâ€¦ All udev Devices (14s / no limit)
[2025-12-24T13:50:23.953667+00:00] Serial output: [
[2025-12-24T13:50:23.953698+00:00] Serial output: *
[2025-12-24T13:50:23.953763+00:00] Serial output: *
[2025-12-24T13:50:23.953791+00:00] Serial output: *
[2025-12-24T13:50:29.830783+00:00] Serial output: ] (1 of 7) A start job is running forâ€¦ All udev Devices (16s / no limit)
[2025-12-24T13:50:29.831123+00:00] Serial output: [
[2025-12-24T13:50:29.831222+00:00] Serial output: OK
[2025-12-24T13:50:29.831251+00:00] Serial output: ] Finished
[2025-12-24T13:50:29.831274+00:00] Serial output: Coldplug All udev Devices
[2025-12-24T13:50:29.831296+00:00] Serial output: .
[2025-12-24T13:50:29.847523+00:00] Serial output: [
[2025-12-24T13:50:29.847855+00:00] Serial output: OK
[2025-12-24T13:50:29.847930+00:00] Serial output: ] Started
[2025-12-24T13:50:29.847957+00:00] Serial output: Rule-based Manager for Device Events and Files
[2025-12-24T13:50:29.866256+00:00] Serial output: .
[2025-12-24T13:50:29.866358+00:00] Serial output: [
[2025-12-24T13:50:29.866605+00:00] Serial output: OK
[2025-12-24T13:50:29.866668+00:00] Serial output: ] Finished
[2025-12-24T13:50:29.866694+00:00] Serial output: mount-pstore.service
[2025-12-24T13:50:32.136337+00:00] Serial output: .
[2025-12-24T13:50:32.136573+00:00] Serial output: [
[2025-12-24T13:50:32.136972+00:00] Serial output: *
[2025-12-24T13:50:32.137086+00:00] Serial output: *
[2025-12-24T13:50:32.137131+00:00] Serial output: *
[2025-12-24T13:50:32.613541+00:00] Serial output: ] (2 of 4) A start job is running forâ€¦e Synchronization (24s / 1min 40s)
[2025-12-24T13:50:32.613968+00:00] Serial output: [
[2025-12-24T13:50:32.614019+00:00] Serial output: *
[2025-12-24T13:50:32.614043+00:00] Serial output: *
[2025-12-24T13:50:32.614094+00:00] Serial output: *
[2025-12-24T13:50:33.113383+00:00] Serial output: ] (2 of 4) A start job is running forâ€¦e Synchronization (24s / 1min 40s)
[2025-12-24T13:50:33.113784+00:00] Serial output: [
[2025-12-24T13:50:33.113847+00:00] Serial output: *
[2025-12-24T13:50:33.113874+00:00] Serial output: *
[2025-12-24T13:50:33.113904+00:00] Serial output: *
[2025-12-24T13:50:33.613822+00:00] Serial output: ] (2 of 4) A start job is running forâ€¦e Synchronization (25s / 1min 40s)
[2025-12-24T13:50:33.614227+00:00] Serial output: [
[2025-12-24T13:50:33.614291+00:00] Serial output: *
[2025-12-24T13:50:33.614318+00:00] Serial output: *
[2025-12-24T13:50:33.990659+00:00] Serial output: ] (3 of 4) A start job is running for /dev/ttyS0 (25s / 1min 30s)
[2025-12-24T13:50:33.991120+00:00] Serial output: [
[2025-12-24T13:50:33.991227+00:00] Serial output: *
[2025-12-24T13:50:34.365454+00:00] Serial output: ] (3 of 4) A start job is running for /dev/ttyS0 (26s / 1min 30s)
[2025-12-24T13:50:34.365666+00:00] Serial output: [
[2025-12-24T13:50:34.365724+00:00] Serial output: *
[2025-12-24T13:50:34.365973+00:00] Serial output: *
[2025-12-24T13:50:34.446590+00:00] Serial output: ] (3 of 4) A start job is running for /dev/ttyS0 (26s / 1min 30s)
[2025-12-24T13:50:34.446788+00:00] Serial output: [
[2025-12-24T13:50:34.446859+00:00] Serial output: OK
[2025-12-24T13:50:34.446999+00:00] Serial output: ] Finished
[2025-12-24T13:50:34.447031+00:00] Serial output: Load Kernel Modules
[2025-12-24T13:50:34.447343+00:00] Serial output: .
[2025-12-24T13:50:34.569672+00:00] Serial output: Starting
[2025-12-24T13:50:34.569868+00:00] Serial output: Firewall
[2025-12-24T13:50:34.602613+00:00] Serial output: ...
[2025-12-24T13:50:34.602754+00:00] Serial output: Starting
[2025-12-24T13:50:34.602797+00:00] Serial output: Apply Kernel Variables
[2025-12-24T13:50:34.672543+00:00] Serial output: ...
[2025-12-24T13:50:34.672689+00:00] Serial output: Starting
[2025-12-24T13:50:34.672756+00:00] Serial output: Mount ZFS filesystems
[2025-12-24T13:50:34.690107+00:00] Serial output: ...
[2025-12-24T13:50:34.690202+00:00] Serial output: [
[2025-12-24T13:50:34.690241+00:00] Serial output: OK
[2025-12-24T13:50:34.690267+00:00] Serial output: ] Started
[2025-12-24T13:50:34.690487+00:00] Serial output: Network Time Synchronization
[2025-12-24T13:50:36.302922+00:00] Serial output: .
[2025-12-24T13:50:36.303028+00:00] Serial output: [
[2025-12-24T13:50:36.303302+00:00] Serial output: OK
[2025-12-24T13:50:36.303355+00:00] Serial output: ] Finished
[2025-12-24T13:50:36.303382+00:00] Serial output: Apply Kernel Variables
[2025-12-24T13:50:36.379343+00:00] Serial output: .
[2025-12-24T13:50:36.379454+00:00] Serial output: Starting
[2025-12-24T13:50:36.379719+00:00] Serial output: Network Name Resolution
[2025-12-24T13:50:36.554636+00:00] Serial output: ...
[2025-12-24T13:50:36.554734+00:00] Serial output: [
[2025-12-24T13:50:36.554997+00:00] Serial output: OK
[2025-12-24T13:50:36.555042+00:00] Serial output: ] Finished
[2025-12-24T13:50:36.555089+00:00] Serial output: Mount ZFS filesystems
[2025-12-24T13:50:36.562729+00:00] Serial output: .
[2025-12-24T13:50:36.562814+00:00] Serial output: [
[2025-12-24T13:50:36.563045+00:00] Serial output: OK
[2025-12-24T13:50:36.563099+00:00] Serial output: ] Reached target
[2025-12-24T13:50:36.563133+00:00] Serial output: Local File Systems
[2025-12-24T13:50:36.620671+00:00] Serial output: .
[2025-12-24T13:50:36.620792+00:00] Serial output: [
[2025-12-24T13:50:36.620836+00:00] Serial output: OK
[2025-12-24T13:50:36.620862+00:00] Serial output: ] Listening on
[2025-12-24T13:50:36.620885+00:00] Serial output: Boot Entries Service Socket
[2025-12-24T13:50:36.657568+00:00] Serial output: .
[2025-12-24T13:50:36.657679+00:00] Serial output: Starting
[2025-12-24T13:50:36.657733+00:00] Serial output: Save Transient machine-id to Disk
[2025-12-24T13:50:36.687362+00:00] Serial output: ...
[2025-12-24T13:50:36.687460+00:00] Serial output: Starting
[2025-12-24T13:50:36.687499+00:00] Serial output: Create System Files and Directories
[2025-12-24T13:50:37.459592+00:00] Serial output: ...
[2025-12-24T13:50:37.459693+00:00] Serial output: [
[2025-12-24T13:50:37.459753+00:00] Serial output: OK
[2025-12-24T13:50:37.459783+00:00] Serial output: ] Finished
[2025-12-24T13:50:37.460073+00:00] Serial output: Save Transient machine-id to Disk
[2025-12-24T13:50:38.233586+00:00] Serial output: .
[2025-12-24T13:50:38.233723+00:00] Serial output: [
[2025-12-24T13:50:38.233982+00:00] Serial output: OK
[2025-12-24T13:50:38.234025+00:00] Serial output: ] Finished
[2025-12-24T13:50:38.234068+00:00] Serial output: Create System Files and Directories
[2025-12-24T13:50:38.277960+00:00] Serial output: .
[2025-12-24T13:50:38.278092+00:00] Serial output: Starting
[2025-12-24T13:50:38.278135+00:00] Serial output: Rebuild Journal Catalog
[2025-12-24T13:50:38.299525+00:00] Serial output: ...
[2025-12-24T13:50:38.299621+00:00] Serial output: Starting
[2025-12-24T13:50:38.299661+00:00] Serial output: Record System Boot/Shutdown in UTMP
[2025-12-24T13:50:39.412325+00:00] Serial output: ...
[2025-12-24T13:50:39.412452+00:00] Serial output: [
[2025-12-24T13:50:39.412778+00:00] Serial output: OK
[2025-12-24T13:50:39.412882+00:00] Serial output: ] Finished
[2025-12-24T13:50:39.412920+00:00] Serial output: Record System Boot/Shutdown in UTMP
[2025-12-24T13:50:40.042970+00:00] Serial output: .
[2025-12-24T13:50:40.043129+00:00] Serial output: [
[2025-12-24T13:50:40.043431+00:00] Serial output: OK
[2025-12-24T13:50:40.043505+00:00] Serial output: ] Finished
[2025-12-24T13:50:40.043534+00:00] Serial output: Rebuild Journal Catalog
[2025-12-24T13:50:40.082985+00:00] Serial output: .
[2025-12-24T13:50:40.083108+00:00] Serial output: Starting
[2025-12-24T13:50:40.083152+00:00] Serial output: Update is Completed
[2025-12-24T13:50:40.495593+00:00] Serial output: ...
[2025-12-24T13:50:40.495718+00:00] Serial output: [
[2025-12-24T13:50:40.495779+00:00] Serial output: OK
[2025-12-24T13:50:40.495809+00:00] Serial output: ] Found device
[2025-12-24T13:50:40.495833+00:00] Serial output: /dev/ttyS0
[2025-12-24T13:50:41.039292+00:00] Serial output: .
[2025-12-24T13:50:41.039444+00:00] Serial output: [
[2025-12-24T13:50:41.039704+00:00] Serial output: OK
[2025-12-24T13:50:41.039745+00:00] Serial output: ] Finished
[2025-12-24T13:50:41.039770+00:00] Serial output: Update is Completed
[2025-12-24T13:50:41.605371+00:00] Serial output: .
[2025-12-24T13:50:41.605500+00:00] Serial output: [
[2025-12-24T13:50:41.605839+00:00] Serial output: OK
[2025-12-24T13:50:41.605930+00:00] Serial output: ] Started
[2025-12-24T13:50:41.605964+00:00] Serial output: Network Name Resolution
[2025-12-24T13:50:43.557447+00:00] Serial output: .
[2025-12-24T13:50:43.557550+00:00] Serial output: [
[2025-12-24T13:50:43.557594+00:00] Serial output: OK
[2025-12-24T13:50:43.557620+00:00] Serial output: ] Finished
[2025-12-24T13:50:43.557643+00:00] Serial output: Create SUID/SGID Wrappers
[2025-12-24T13:50:43.574588+00:00] Serial output: .
[2025-12-24T13:50:43.574734+00:00] Serial output: [
[2025-12-24T13:50:43.574778+00:00] Serial output: OK
[2025-12-24T13:50:43.574814+00:00] Serial output: ] Reached target
[2025-12-24T13:50:43.574838+00:00] Serial output: System Initialization
[2025-12-24T13:50:43.590545+00:00] Serial output: .
[2025-12-24T13:50:43.590653+00:00] Serial output: [
[2025-12-24T13:50:43.590694+00:00] Serial output: OK
[2025-12-24T13:50:43.590720+00:00] Serial output: ] Started
[2025-12-24T13:50:43.590955+00:00] Serial output: Discard unused filesystem blocks once a week
[2025-12-24T13:50:43.594562+00:00] Serial output: .
[2025-12-24T13:50:43.594676+00:00] Serial output: [
[2025-12-24T13:50:43.594715+00:00] Serial output: OK
[2025-12-24T13:50:43.594937+00:00] Serial output: ] Started
[2025-12-24T13:50:43.594971+00:00] Serial output: Daily Cleanup of Temporary Directories
[2025-12-24T13:50:43.599213+00:00] Serial output: .
[2025-12-24T13:50:43.599274+00:00] Serial output: [
[2025-12-24T13:50:43.599501+00:00] Serial output: OK
[2025-12-24T13:50:43.599534+00:00] Serial output: ] Started
[2025-12-24T13:50:43.599557+00:00] Serial output: zpool-trim.timer
[2025-12-24T13:50:43.602126+00:00] Serial output: .
[2025-12-24T13:50:43.602216+00:00] Serial output: [
[2025-12-24T13:50:43.602445+00:00] Serial output: OK
[2025-12-24T13:50:43.602480+00:00] Serial output: ] Reached target
[2025-12-24T13:50:43.602515+00:00] Serial output: Timer Units
[2025-12-24T13:50:43.636434+00:00] Serial output: .
[2025-12-24T13:50:43.636533+00:00] Serial output: [
[2025-12-24T13:50:43.636574+00:00] Serial output: OK
[2025-12-24T13:50:43.636601+00:00] Serial output: ] Listening on
[2025-12-24T13:50:43.636826+00:00] Serial output: D-Bus System Message Bus Socket
[2025-12-24T13:50:43.639153+00:00] Serial output: .
[2025-12-24T13:50:43.639250+00:00] Serial output: [
[2025-12-24T13:50:43.639289+00:00] Serial output: OK
[2025-12-24T13:50:43.639518+00:00] Serial output: ] Listening on
[2025-12-24T13:50:43.639566+00:00] Serial output: Nix Daemon Socket
[2025-12-24T13:50:43.716469+00:00] Serial output: .
[2025-12-24T13:50:43.716582+00:00] Serial output: [
[2025-12-24T13:50:43.716627+00:00] Serial output: OK
[2025-12-24T13:50:43.716654+00:00] Serial output: ] Listening on
[2025-12-24T13:50:43.716679+00:00] Serial output: OpenSSH Server Socketâ€¦temd-ssh-generator, AF_UNIX Local)
[2025-12-24T13:50:43.732316+00:00] Serial output: .
[2025-12-24T13:50:43.732458+00:00] Serial output: [
[2025-12-24T13:50:43.732710+00:00] Serial output: OK
[2025-12-24T13:50:43.732757+00:00] Serial output: ] Listening on
[2025-12-24T13:50:43.732781+00:00] Serial output: OpenSSH Server Socket (systemd-ssh-generator, AF_VSOCK)
[2025-12-24T13:50:43.736745+00:00] Serial output: .
[2025-12-24T13:50:43.736826+00:00] Serial output: [
[2025-12-24T13:50:43.737152+00:00] Serial output: OK
[2025-12-24T13:50:43.737242+00:00] Serial output: ] Listening on
[2025-12-24T13:50:43.737272+00:00] Serial output: Hostname Service Socket
[2025-12-24T13:50:43.738451+00:00] Serial output: .
[2025-12-24T13:50:43.738506+00:00] Serial output: [
[2025-12-24T13:50:43.738535+00:00] Serial output: OK
[2025-12-24T13:50:43.738559+00:00] Serial output: ] Reached target
[2025-12-24T13:50:43.738582+00:00] Serial output: Socket Units
[2025-12-24T13:50:43.739747+00:00] Serial output: .
[2025-12-24T13:50:43.739841+00:00] Serial output: [
[2025-12-24T13:50:43.739878+00:00] Serial output: OK
[2025-12-24T13:50:43.740218+00:00] Serial output: ] Reached target
[2025-12-24T13:50:43.740330+00:00] Serial output: Basic System
[2025-12-24T13:50:43.773982+00:00] Serial output: .
[2025-12-24T13:50:43.774101+00:00] Serial output: Starting
[2025-12-24T13:50:43.774145+00:00] Serial output: Kernel Auditing
[2025-12-24T13:50:43.805700+00:00] Serial output: ...
[2025-12-24T13:50:43.805811+00:00] Serial output: Starting
[2025-12-24T13:50:43.805849+00:00] Serial output: Name Service Cache Daemon (nsncd)
[2025-12-24T13:50:43.838243+00:00] Serial output: ...
[2025-12-24T13:50:43.838368+00:00] Serial output: Starting
[2025-12-24T13:50:43.838414+00:00] Serial output: Pre-NixOS setup
[2025-12-24T13:50:43.865132+00:00] Serial output: ...
[2025-12-24T13:50:43.865283+00:00] Serial output: [
[2025-12-24T13:50:43.865598+00:00] Serial output: OK
[2025-12-24T13:50:43.865661+00:00] Serial output: ] Started
[2025-12-24T13:50:43.865688+00:00] Serial output: Reset console on configuration changes
[2025-12-24T13:50:43.896674+00:00] Serial output: .
[2025-12-24T13:50:43.896767+00:00] Serial output: Starting
[2025-12-24T13:50:43.896805+00:00] Serial output: ZFS file system shares
[2025-12-24T13:50:43.928155+00:00] Serial output: ...
[2025-12-24T13:50:43.928256+00:00] Serial output: [
[2025-12-24T13:50:43.928534+00:00] Serial output: OK
[2025-12-24T13:50:43.928582+00:00] Serial output: ] Started
[2025-12-24T13:50:43.928606+00:00] Serial output: ZFS Event Daemon (zed)
[2025-12-24T13:50:43.972252+00:00] Serial output: .
[2025-12-24T13:50:43.972462+00:00] Serial output: Starting
[2025-12-24T13:50:43.972571+00:00] Serial output: D-Bus System Message Bus
[2025-12-24T13:50:46.115956+00:00] Serial output: ...
[2025-12-24T13:50:46.116234+00:00] Serial output: [
[2025-12-24T13:50:46.116626+00:00] Serial output: OK
[2025-12-24T13:50:46.116707+00:00] Serial output: ] Finished
[2025-12-24T13:50:46.116752+00:00] Serial output: ZFS file system shares
[2025-12-24T13:50:46.128237+00:00] Serial output: .
[2025-12-24T13:50:46.128422+00:00] Serial output: [
[2025-12-24T13:50:46.128494+00:00] Serial output: OK
[2025-12-24T13:50:46.128533+00:00] Serial output: ] Reached target
[2025-12-24T13:50:46.128857+00:00] Serial output: ZFS startup target
[2025-12-24T13:50:46.204233+00:00] Serial output: .
[2025-12-24T13:50:46.204410+00:00] Serial output: [
[2025-12-24T13:50:46.204472+00:00] Serial output: OK
[2025-12-24T13:50:46.204547+00:00] Serial output: ] Started
[2025-12-24T13:50:46.204832+00:00] Serial output: Name Service Cache Daemon (nsncd)
[2025-12-24T13:50:46.210832+00:00] Serial output: .
[2025-12-24T13:50:46.210942+00:00] Serial output: [
[2025-12-24T13:50:46.211236+00:00] Serial output: OK
[2025-12-24T13:50:46.211336+00:00] Serial output: ] Reached target
[2025-12-24T13:50:46.211383+00:00] Serial output: Host and Network Name Lookups
[2025-12-24T13:50:46.214158+00:00] Serial output: .
[2025-12-24T13:50:46.214353+00:00] Serial output: [
[2025-12-24T13:50:46.214644+00:00] Serial output: OK
[2025-12-24T13:50:46.214710+00:00] Serial output: ] Reached target
[2025-12-24T13:50:46.214754+00:00] Serial output: User and Group Name Lookups
[2025-12-24T13:50:46.273387+00:00] Serial output: .
[2025-12-24T13:50:46.273486+00:00] Serial output: Starting
[2025-12-24T13:50:46.273526+00:00] Serial output: User Login Management
[2025-12-24T13:50:46.363584+00:00] Serial output: ...
[2025-12-24T13:50:46.363685+00:00] Serial output: [
[2025-12-24T13:50:46.363728+00:00] Serial output: OK
[2025-12-24T13:50:46.363753+00:00] Serial output: ] Finished
[2025-12-24T13:50:46.363776+00:00] Serial output: Kernel Auditing
[2025-12-24T13:50:46.588027+00:00] Serial output: .
[2025-12-24T13:50:46.588226+00:00] Serial output: [
[2025-12-24T13:50:46.588483+00:00] Serial output: OK
[2025-12-24T13:50:46.588532+00:00] Serial output: ] Started
[2025-12-24T13:50:46.588606+00:00] Serial output: D-Bus System Message Bus
[2025-12-24T13:50:48.804939+00:00] Serial output: .
[2025-12-24T13:50:48.805114+00:00] Serial output: [
[2025-12-24T13:50:48.805423+00:00] Serial output: *
[2025-12-24T13:50:48.805487+00:00] Serial output: *
[2025-12-24T13:50:48.805521+00:00] Serial output: *
[2025-12-24T13:50:49.145196+00:00] Serial output: ] (1 of 3) A start job is running forâ€¦r Login Management (40s / 2min 8s)
[2025-12-24T13:50:49.145440+00:00] Serial output: [
[2025-12-24T13:50:49.145701+00:00] Serial output: *
[2025-12-24T13:50:49.145762+00:00] Serial output: *
[2025-12-24T13:50:49.145801+00:00] Serial output: *
[2025-12-24T13:50:49.431166+00:00] Serial output: ] (1 of 3) A start job is running forâ€¦r Login Management (41s / 2min 8s)
[2025-12-24T13:50:49.431370+00:00] Serial output: [
[2025-12-24T13:50:49.431612+00:00] Serial output: OK
[2025-12-24T13:50:49.431654+00:00] Serial output: ] Started
[2025-12-24T13:50:49.431679+00:00] Serial output: User Login Management
[2025-12-24T13:50:49.431714+00:00] Serial output: .
[2025-12-24T13:50:51.619501+00:00] Serial output: [
[2025-12-24T13:50:51.619624+00:00] Serial output: *
[2025-12-24T13:50:51.619657+00:00] Serial output: *
[2025-12-24T13:50:51.619705+00:00] Serial output: *
[2025-12-24T13:50:51.695943+00:00] Serial output: ] (2 of 2) A start job is running for Pre-NixOS setup (43s / no limit)
[2025-12-24T13:50:51.696376+00:00] Serial output: Starting
[2025-12-24T13:50:51.696444+00:00] Serial output: Virtual Console Setup
[2025-12-24T13:50:51.696471+00:00] Serial output: ...
[2025-12-24T13:50:53.640866+00:00] Serial output: [
[2025-12-24T13:50:53.641030+00:00] Serial output: OK
[2025-12-24T13:50:53.641169+00:00] Serial output: ] Finished
[2025-12-24T13:50:53.641217+00:00] Serial output: Firewall
[2025-12-24T13:50:53.669380+00:00] Serial output: .
[2025-12-24T13:50:53.669495+00:00] Serial output: [
[2025-12-24T13:50:53.669545+00:00] Serial output: OK
[2025-12-24T13:50:53.669807+00:00] Serial output: ] Reached target
[2025-12-24T13:50:53.669860+00:00] Serial output: Preparation for Network
[2025-12-24T13:50:53.723543+00:00] Serial output: .
[2025-12-24T13:50:53.723658+00:00] Serial output: Starting
[2025-12-24T13:50:53.723712+00:00] Serial output: Network Configuration
[2025-12-24T13:50:55.195215+00:00] Serial output: ...
[2025-12-24T13:50:55.195358+00:00] Serial output: [
[2025-12-24T13:50:55.195631+00:00] Serial output: OK
[2025-12-24T13:50:55.195693+00:00] Serial output: ] Stopped
[2025-12-24T13:50:55.195738+00:00] Serial output: Virtual Console Setup
[2025-12-24T13:50:55.277080+00:00] Serial output: .
[2025-12-24T13:50:55.277213+00:00] Serial output: Starting
[2025-12-24T13:50:55.277282+00:00] Serial output: Virtual Console Setup
[2025-12-24T13:50:55.752223+00:00] Serial output: ...
[2025-12-24T13:50:55.752383+00:00] Serial output: [
[2025-12-24T13:50:55.752458+00:00] Serial output: OK
[2025-12-24T13:50:55.752927+00:00] Serial output: ] Stopped
[2025-12-24T13:50:55.753054+00:00] Serial output: Virtual Console Setup
[2025-12-24T13:50:55.857294+00:00] Serial output: .
[2025-12-24T13:50:55.857456+00:00] Serial output: Starting
[2025-12-24T13:50:55.857517+00:00] Serial output: Virtual Console Setup
[2025-12-24T13:50:56.809534+00:00] Serial output: ...
[2025-12-24T13:50:56.809636+00:00] Serial output: [
[2025-12-24T13:50:56.809678+00:00] Serial output: OK
[2025-12-24T13:50:56.809703+00:00] Serial output: ] Listening on
[2025-12-24T13:50:56.809725+00:00] Serial output: Load/Save RF Kill Switch Status /dev/rfkill Watch
[2025-12-24T13:50:58.822264+00:00] Serial output: .
[2025-12-24T13:50:58.822459+00:00] Serial output: pre-nixos boot image version 0.7.10
[2025-12-24T13:50:58.822487+00:00] Serial output: pre-nixos boot image version 0.7.10
[2025-12-24T13:50:58.822502+00:00] Serial output: [
[2025-12-24T13:50:58.822540+00:00] Serial output: OK
[2025-12-24T13:50:58.822567+00:00] Serial output: ] Started
[2025-12-24T13:50:58.822595+00:00] Serial output: Network Configuration
[2025-12-24T13:50:58.856483+00:00] Serial output: .
[2025-12-24T13:50:58.856581+00:00] Serial output: [
[2025-12-24T13:50:58.856827+00:00] Serial output: OK
[2025-12-24T13:50:58.856867+00:00] Serial output: ] Reached target
[2025-12-24T13:50:58.856891+00:00] Serial output: Network
[2025-12-24T13:50:58.989094+00:00] Serial output: .
[2025-12-24T13:50:58.989194+00:00] Serial output: Starting
[2025-12-24T13:50:58.989234+00:00] Serial output: Enable Persistent Storage in systemd-networkd
[2025-12-24T13:50:59.016667+00:00] Serial output: ...
[2025-12-24T13:50:59.016763+00:00] Serial output: Starting
[2025-12-24T13:50:59.016804+00:00] Serial output: Permit User Sessions
[2025-12-24T13:50:59.517865+00:00] Serial output: ...
[2025-12-24T13:50:59.517995+00:00] Serial output: [
[2025-12-24T13:50:59.518054+00:00] Serial output: OK
[2025-12-24T13:50:59.518208+00:00] Serial output: ] Finished
[2025-12-24T13:50:59.518235+00:00] Serial output: Virtual Console Setup
[2025-12-24T13:50:59.588213+00:00] Serial output: .
[2025-12-24T13:50:59.588318+00:00] Serial output: [
[2025-12-24T13:50:59.588573+00:00] Serial output: OK
[2025-12-24T13:50:59.588644+00:00] Serial output: ] Finished
[2025-12-24T13:50:59.588683+00:00] Serial output: Permit User Sessions
[2025-12-24T13:50:59.652520+00:00] Serial output: .
[2025-12-24T13:50:59.652618+00:00] Serial output: [
[2025-12-24T13:50:59.652747+00:00] Serial output: OK
[2025-12-24T13:50:59.652784+00:00] Serial output: ] Started
[2025-12-24T13:50:59.652820+00:00] Serial output: Getty on tty1
[2025-12-24T13:50:59.690263+00:00] Serial output: .
[2025-12-24T13:50:59.690374+00:00] Serial output: [
[2025-12-24T13:50:59.690421+00:00] Serial output: OK
[2025-12-24T13:50:59.690668+00:00] Serial output: ] Started
[2025-12-24T13:50:59.690718+00:00] Serial output: Serial Getty on ttyS0
[2025-12-24T13:50:59.697325+00:00] Serial output: .
[2025-12-24T13:50:59.697403+00:00] Serial output: [
[2025-12-24T13:50:59.697652+00:00] Serial output: OK
[2025-12-24T13:50:59.697694+00:00] Serial output: ] Reached target
[2025-12-24T13:50:59.697725+00:00] Serial output: Login Prompts
[2025-12-24T13:50:59.962396+00:00] Serial output: .
[2025-12-24T13:50:59.962510+00:00] Serial output: [
[2025-12-24T13:50:59.962558+00:00] Serial output: OK
[2025-12-24T13:50:59.962591+00:00] Serial output: ] Finished
[2025-12-24T13:50:59.962844+00:00] Serial output: Enable Persistent Storage in systemd-networkd
[2025-12-24T13:51:04.926701+00:00] Serial output: .
[2025-12-24T13:51:06.134192+00:00] Serial output: <<< Welcome to the pre-nixos auto-install boot image (25.05.20251022.c8aa8cc, x86_64) - ttyS0 >>>
[2025-12-24T13:51:06.134312+00:00] Serial output: Automatic installation is disabled; run pre-nixos to configure networking and start installation.
[2025-12-24T13:51:06.134338+00:00] Serial output: (PRE_NIXOS_AUTO_INSTALL=)
[2025-12-24T13:51:06.134354+00:00] Serial output: The "nixos" and "root" accounts have empty passwords for console logins.
[2025-12-24T13:51:06.134369+00:00] Serial output: SSH access:
[2025-12-24T13:51:06.134383+00:00] Serial output: - Use the matching private key for the embedded root SSH key to log in as root.
[2025-12-24T13:51:06.134397+00:00] Serial output: - Add additional public keys to /root/.ssh/authorized_keys if needed.
[2025-12-24T13:51:06.134411+00:00] Serial output: Networking starts automatically; verify connectivity with ip addr or networkctl.
[2025-12-24T13:51:06.134455+00:00] Serial output: Run "nixos-help" for the NixOS manual.
[2025-12-24T13:51:06.134472+00:00] Serial output: nixos
[2025-12-24T13:51:06.134491+00:00] Matched pattern: 'login: '
[2025-12-24T13:51:06.134694+00:00] Awaiting patterns: \(automatic login\) (timeout=1s)
[2025-12-24T13:51:06.134954+00:00] Serial output: nixos
[2025-12-24T13:51:06.134997+00:00] Matched pattern: '\\(automatic login\\)'
[2025-12-24T13:51:06.135014+00:00] Automatic login banner observed
[2025-12-24T13:51:06.185783+00:00] Awaiting patterns: __PROMPT_READY__1766584266135__ (timeout=120s)
[2025-12-24T13:51:06.187669+00:00] Serial output: export PS1='PRE-NIXOS> '; printf '
[2025-12-24T13:51:06.187746+00:00] Matched pattern: '__PROMPT_READY__1766584266135__'
[2025-12-24T13:51:06.187855+00:00] Awaiting patterns: PRE-NIXOS>  (timeout=120s)
[2025-12-24T13:51:14.888273+00:00] Serial output: \n'
[2025-12-24T13:51:14.888423+00:00] Serial output: LAN IPv4 address: 10.0.2.15
[2025-12-24T13:51:14.888448+00:00] Serial output: LAN IPv4 address: 10.0.2.15
[2025-12-24T13:51:14.888466+00:00] Serial output: pre-nixos boot image version 0.7.10
[2025-12-24T13:51:14.888527+00:00] Serial output: LAN IPv4 address: 10.0.2.15
[2025-12-24T13:51:14.895224+00:00] Serial output: [
[2025-12-24T13:51:14.895540+00:00] Serial output: 0;nixos@nixos: ~nixos@nixos:~]$
[2025-12-24T13:51:14.907980+00:00] Serial output: export PS1='
[2025-12-24T13:51:14.908183+00:00] Matched pattern: 'PRE-NIXOS> '
[2025-12-24T13:51:14.908300+00:00] Shell prompt configured for interaction
[2025-12-24T13:51:14.908300+00:00]   context=initial login
[2025-12-24T13:51:14.958954+00:00] Running command: printf '__UID_MARK__1766584274908__%s__UID_MARK__1766584274908__\n' "$(id -u)"
[2025-12-24T13:51:15.011405+00:00] Failed to parse id -u output; resynchronising prompt before retry
[2025-12-24T13:51:15.011405+00:00]   attempt=1, error=UID marker not found in output block: '', block=UID marker not found in output block: ''
[2025-12-24T13:51:15.062483+00:00] Awaiting patterns: __PROMPT_READY__1766584275011__ (timeout=120s)
[2025-12-24T13:51:15.062925+00:00] Serial output: printf '__UID_MARK__1766584274908__%s__UID_MARK__1766584274908__\n' "$(id -u)"
[2025-12-24T13:51:15.066738+00:00] Serial output: export PS1='PRE-NIXOS> '; printf '
[2025-12-24T13:51:15.066821+00:00] Matched pattern: '__PROMPT_READY__1766584275011__'
[2025-12-24T13:51:15.066867+00:00] Awaiting patterns: PRE-NIXOS>  (timeout=120s)
[2025-12-24T13:51:15.228405+00:00] Serial output: \n'
[2025-12-24T13:51:15.228523+00:00] Serial output: __UID_MARK__1766584274908__1000__UID_MARK__1766584274908__
[2025-12-24T13:51:15.228741+00:00] Matched pattern: 'PRE-NIXOS> '
[2025-12-24T13:51:15.228764+00:00] Shell prompt configured for interaction
[2025-12-24T13:51:15.228764+00:00]   context=uid validation resync
[2025-12-24T13:51:15.279244+00:00] Running command: printf '__UID_MARK__1766584274908__%s__UID_MARK__1766584274908__\n' "$(id -u)"
[2025-12-24T13:51:15.330050+00:00] Recovered UID marker after parse failure
[2025-12-24T13:51:15.330050+00:00]   attempt=2, source=serial log tail, uid=2004
[2025-12-24T13:51:15.330172+00:00] Initial shell lacks root privileges
[2025-12-24T13:51:15.330202+00:00] Attempting to escalate with sudo -i
[2025-12-24T13:51:15.380563+00:00] Awaiting patterns: \[sudo\] password for nixos:, root@.*# ?, # ? (timeout=120s)
[2025-12-24T13:51:15.380962+00:00] Serial output: PRE-NIXOS> printf '__UID_MARK__1766584274908__%s__UID_MARK__1766584274908__\n' "$(id -u)"
[2025-12-24T13:51:15.477755+00:00] Serial output: sudo -i
[2025-12-24T13:51:15.477888+00:00] Serial output: __UID_MARK__1766584274908__1000__UID_MARK__1766584274908__
[2025-12-24T13:51:15.478592+00:00] Serial output: PRE-NIXOS> sudo -i
[2025-12-24T13:51:17.245338+00:00] Serial output: pre-nixos boot image version 0.7.10
[2025-12-24T13:51:17.245478+00:00] Serial output: LAN IPv4 address: 10.0.2.15
[2025-12-24T13:51:17.250187+00:00] Serial output: [
[2025-12-24T13:51:17.250615+00:00] Serial output: 0;
[2025-12-24T13:51:17.250697+00:00] Matched pattern: 'root@.*# ?'
[2025-12-24T13:51:17.301186+00:00] Awaiting patterns: __PROMPT_READY__1766584277250__ (timeout=120s)
[2025-12-24T13:51:17.313056+00:00] Serial output: export PS1='PRE-NIXOS> '; printf '
[2025-12-24T13:51:17.313338+00:00] Matched pattern: '__PROMPT_READY__1766584277250__'
[2025-12-24T13:51:17.313413+00:00] Awaiting patterns: PRE-NIXOS>  (timeout=120s)
[2025-12-24T13:51:17.316201+00:00] Serial output: \n'
[2025-12-24T13:51:17.333133+00:00] Serial output: __PROMPT_READY__1766584277250__
[2025-12-24T13:51:17.333510+00:00] Matched pattern: 'PRE-NIXOS> '
[2025-12-24T13:51:17.333572+00:00] Shell prompt configured for interaction
[2025-12-24T13:51:17.333572+00:00]   context=sudo -i
[2025-12-24T13:51:17.390316+00:00] Running command: printf '__UID_MARK__1766584277333__%s__UID_MARK__1766584277333__\n' "$(id -u)"
[2025-12-24T13:51:17.683372+00:00] id -u after sudo -i returned: '0'
[2025-12-24T13:51:17.683510+00:00] Successfully escalated privileges with sudo -i
[2025-12-24T13:51:17.698246+00:00] Running command: :
[2025-12-24T13:51:17.763353+00:00] Running command: command -v disko >/dev/null 2>&1 && echo OK || echo MISSING
[2025-12-24T13:51:17.867487+00:00] Running command: command -v findmnt >/dev/null 2>&1 && echo OK || echo MISSING
[2025-12-24T13:51:17.937957+00:00] Running command: command -v lsblk >/dev/null 2>&1 && echo OK || echo MISSING
[2025-12-24T13:51:18.008964+00:00] Running command: command -v wipefs >/dev/null 2>&1 && echo OK || echo MISSING
[2025-12-24T13:51:18.081367+00:00] Running command: cat /run/pre-nixos/storage-status 2>/dev/null || true
[2025-12-24T13:51:23.255667+00:00] Running command: cat /run/pre-nixos/storage-status 2>/dev/null || true
[2025-12-24T13:51:28.379316+00:00] Running command: cat /run/pre-nixos/storage-status 2>/dev/null || true
[2025-12-24T13:51:33.511195+00:00] Running command: cat /run/pre-nixos/storage-status 2>/dev/null || true
[2025-12-24T13:51:38.636738+00:00] Running command: cat /run/pre-nixos/storage-status 2>/dev/null || true
[2025-12-24T13:51:43.777963+00:00] Running command: cat /run/pre-nixos/storage-status 2>/dev/null || true
[2025-12-24T13:51:48.911401+00:00] Running command: cat /run/pre-nixos/storage-status 2>/dev/null || true
[2025-12-24T13:51:54.047605+00:00] Running command: cat /run/pre-nixos/storage-status 2>/dev/null || true
[2025-12-24T13:51:59.180711+00:00] Running command: cat /run/pre-nixos/storage-status 2>/dev/null || true
[2025-12-24T13:52:04.324217+00:00] Running command: cat /run/pre-nixos/storage-status 2>/dev/null || true
[2025-12-24T13:52:09.453069+00:00] Running command: cat /run/pre-nixos/storage-status 2>/dev/null || true
[2025-12-24T13:52:14.581583+00:00] Running command: cat /run/pre-nixos/storage-status 2>/dev/null || true
[2025-12-24T13:52:19.726799+00:00] Running command: cat /run/pre-nixos/storage-status 2>/dev/null || true
[2025-12-24T13:52:24.893167+00:00] Running command: cat /run/pre-nixos/storage-status 2>/dev/null || true
[2025-12-24T13:52:30.049198+00:00] Running command: cat /run/pre-nixos/storage-status 2>/dev/null || true
[2025-12-24T13:52:35.202144+00:00] Running command: cat /run/pre-nixos/storage-status 2>/dev/null || true
[2025-12-24T13:52:40.364043+00:00] Running command: cat /run/pre-nixos/storage-status 2>/dev/null || true
[2025-12-24T13:52:45.745346+00:00] Running command: cat /run/pre-nixos/storage-status 2>/dev/null || true
[2025-12-24T13:52:50.932830+00:00] Running command: cat /run/pre-nixos/storage-status 2>/dev/null || true
[2025-12-24T13:52:56.101503+00:00] Running command: cat /run/pre-nixos/storage-status 2>/dev/null || true
[2025-12-24T13:53:01.328989+00:00] Running command: cat /run/pre-nixos/storage-status 2>/dev/null || true
[2025-12-24T13:53:06.628063+00:00] Running command: cat /run/pre-nixos/storage-status 2>/dev/null || true
[2025-12-24T13:53:06.745223+00:00] Running command: :
[2025-12-24T13:53:06.855899+00:00] Running command: printf '__UID_MARK__1766584386802__%s__UID_MARK__1766584386802__\n' "$(id -u)"
[2025-12-24T13:53:06.977320+00:00] Running command: vgs --noheadings --separator '|' -o vg_name
[2025-12-24T13:53:07.311563+00:00] Running command: ip -o -4 addr show dev lan 2>/dev/null || true
[2025-12-24T13:53:07.437079+00:00] Running command: :
[2025-12-24T13:53:07.492426+00:00] Running command: :
[2025-12-24T13:53:07.547425+00:00] Running command: systemctl is-active pre-nixos 2>/dev/null || true
[2025-12-24T13:53:07.747392+00:00] pre-nixos reported inactive state
[2025-12-24T13:53:07.747494+00:00] Running command: :
[2025-12-24T13:53:07.802079+00:00] Executing SSH command
[2025-12-24T13:53:07.802079+00:00]   User: root
[2025-12-24T13:53:07.802079+00:00]   Host: 127.0.0.1
[2025-12-24T13:53:07.802079+00:00]   Port: 44763
[2025-12-24T13:53:07.802079+00:00]   Command: id -un
[2025-12-24T13:53:13.205748+00:00] SSH command succeeded on attempt 1
[2025-12-24T13:53:13.205748+00:00]   root
[2025-12-24T13:53:13.207634+00:00] Running command: ip -o -4 addr show dev lan 2>/dev/null || true
[2025-12-24T13:53:13.328321+00:00] Running command: :
[2025-12-24T13:53:13.385472+00:00] Running command: :
[2025-12-24T13:53:13.439997+00:00] Running command: command -v mdadm >/dev/null 2>&1 && echo OK || echo MISSING
[2025-12-24T13:53:13.503108+00:00] Running command: command -v pvcreate >/dev/null 2>&1 && echo OK || echo MISSING
[2025-12-24T13:53:13.561967+00:00] Running command: command -v vgcreate >/dev/null 2>&1 && echo OK || echo MISSING
[2025-12-24T13:53:13.621462+00:00] Running command: command -v lvcreate >/dev/null 2>&1 && echo OK || echo MISSING
[2025-12-24T13:53:13.679027+00:00] Running command: command -v blkid >/dev/null 2>&1 && echo OK || echo MISSING
[2025-12-24T13:53:13.792405+00:00] Running command: printf '__UID_MARK__1766584393738__%s__UID_MARK__1766584393738__\n' "$(id -u)"
[2025-12-24T13:53:13.911584+00:00] Running command: { mdadm --create /dev/md127 --force --level=1 --metadata=1.2 --raid-devices=2 /dev/vdb /dev/vdc; printf '
__EXIT__=%s
' $?; }
[2025-12-24T13:53:14.076478+00:00] Running command: dmesg --color=never 2>&1 || dmesg 2>&1 || true
[2025-12-24T13:53:14.388037+00:00] Captured dmesg after post-test teardown
[2025-12-24T13:53:14.388037+00:00]   [    0.000000] Linux version 6.12.54 (nixbld@localhost) (gcc (GCC) 14.3.0, GNU ld (GNU Binutils) 2.44) #1-NixOS SMP PREEMPT_DYNAMIC Sun Oct 19 14:34:07 UTC 2025
[2025-12-24T13:53:14.388037+00:00]   [    0.000000] Command line: BOOT_IMAGE=/boot//nix/store/cjrhr0f61a0c68r4vq0qxws3jadn48yj-linux-6.12.54/bzImage init=/nix/store/wxs08149hdq19g0frphhvpabw3v8m5gk-nixos-system-nixos-25.05.20251022.c8aa8cc/init root=LABEL=nixos-minimal-25.05-x86_64 boot.shell_on_fail console=tty0 console=ttyS0,115200n8 nohibernate loglevel=4 lsm=landlock,yama,bpf  initrd=/boot//nix/store/y4jkdvcm47cc5kr7mijnbs4969x71frv-initrd-linux-6.12.54/initrd
[2025-12-24T13:53:14.388037+00:00]   [    0.000000] BIOS-provided physical RAM map:
[2025-12-24T13:53:14.388037+00:00]   [    0.000000] BIOS-e820: [mem 0x0000000000000000-0x000000000009fbff] usable
[2025-12-24T13:53:14.388037+00:00]   [    0.000000] BIOS-e820: [mem 0x000000000009fc00-0x000000000009ffff] reserved
[2025-12-24T13:53:14.388037+00:00]   [    0.000000] BIOS-e820: [mem 0x00000000000f0000-0x00000000000fffff] reserved
[2025-12-24T13:53:14.388037+00:00]   [    0.000000] BIOS-e820: [mem 0x0000000000100000-0x000000007ffd6fff] usable
[2025-12-24T13:53:14.388037+00:00]   [    0.000000] BIOS-e820: [mem 0x000000007ffd7000-0x000000007fffffff] reserved
[2025-12-24T13:53:14.388037+00:00]   [    0.000000] BIOS-e820: [mem 0x00000000fffc0000-0x00000000ffffffff] reserved
[2025-12-24T13:53:14.388037+00:00]   [    0.000000] BIOS-e820: [mem 0x000000fd00000000-0x000000ffffffffff] reserved
[2025-12-24T13:53:14.388037+00:00]   [    0.000000] NX (Execute Disable) protection: active
[2025-12-24T13:53:14.388037+00:00]   [    0.000000] APIC: Static calls initialized
[2025-12-24T13:53:14.388037+00:00]   [    0.000000] SMBIOS 3.0.0 present.
[2025-12-24T13:53:14.388037+00:00]   [    0.000000] DMI: QEMU Ubuntu 24.04 PC (i440FX + PIIX, 1996), BIOS 1.16.3-debian-1.16.3-2 04/01/2014
[2025-12-24T13:53:14.388037+00:00]   [    0.000000] DMI: Memory slots populated: 1/1
[2025-12-24T13:53:14.388037+00:00]   [    0.000000] tsc: Fast TSC calibration using PIT
[2025-12-24T13:53:14.388037+00:00]   [    0.000000] tsc: Detected 2793.417 MHz processor
[2025-12-24T13:53:14.388037+00:00]   [    0.012566] e820: update [mem 0x00000000-0x00000fff] usable ==> reserved
[2025-12-24T13:53:14.388037+00:00]   [    0.012854] e820: remove [mem 0x000a0000-0x000fffff] usable
[2025-12-24T13:53:14.388037+00:00]   [    0.013135] last_pfn = 0x7ffd7 max_arch_pfn = 0x400000000
[2025-12-24T13:53:14.388037+00:00]   [    0.014195] MTRR map: 4 entries (3 fixed + 1 variable; max 19), built from 8 variable MTRRs
[2025-12-24T13:53:14.388037+00:00]   [    0.014419] x86/PAT: Configuration [0-7]: WB  WC  UC- UC  WB  WP  UC- WT
[2025-12-24T13:53:14.388037+00:00]   [    0.038237] found SMP MP-table at [mem 0x000f5460-0x000f546f]
[2025-12-24T13:53:14.388037+00:00]   [    0.045314] RAMDISK: [mem 0x7e61e000-0x7ffd6fff]
[2025-12-24T13:53:14.388037+00:00]   [    0.046005] ACPI: Early table checksum verification disabled
[2025-12-24T13:53:14.388037+00:00]   [    0.046594] ACPI: RSDP 0x00000000000F5280 000014 (v00 BOCHS )
[2025-12-24T13:53:14.388037+00:00]   [    0.047016] ACPI: RSDT 0x000000007FFE1CC5 000034 (v01 BOCHS  BXPC     00000001 BXPC 00000001)
[2025-12-24T13:53:14.388037+00:00]   [    0.048000] ACPI: FACP 0x000000007FFE1B71 000074 (v01 BOCHS  BXPC     00000001 BXPC 00000001)
[2025-12-24T13:53:14.388037+00:00]   [    0.048895] ACPI: DSDT 0x000000007FFE0040 001B31 (v01 BOCHS  BXPC     00000001 BXPC 00000001)
[2025-12-24T13:53:14.388037+00:00]   [    0.048997] ACPI: FACS 0x000000007FFE0000 000040
[2025-12-24T13:53:14.388037+00:00]   [    0.049081] ACPI: APIC 0x000000007FFE1BE5 000080 (v03 BOCHS  BXPC     00000001 BXPC 00000001)
[2025-12-24T13:53:14.388037+00:00]   [    0.049116] ACPI: HPET 0x000000007FFE1C65 000038 (v01 BOCHS  BXPC     00000001 BXPC 00000001)
[2025-12-24T13:53:14.388037+00:00]   [    0.049148] ACPI: WAET 0x000000007FFE1C9D 000028 (v01 BOCHS  BXPC     00000001 BXPC 00000001)
[2025-12-24T13:53:14.388037+00:00]   [    0.049271] ACPI: Reserving FACP table memory at [mem 0x7ffe1b71-0x7ffe1be4]
[2025-12-24T13:53:14.388037+00:00]   [    0.049318] ACPI: Reserving DSDT table memory at [mem 0x7ffe0040-0x7ffe1b70]
[2025-12-24T13:53:14.388037+00:00]   [    0.049329] ACPI: Reserving FACS table memory at [mem 0x7ffe0000-0x7ffe003f]
[2025-12-24T13:53:14.388037+00:00]   [    0.049337] ACPI: Reserving APIC table memory at [mem 0x7ffe1be5-0x7ffe1c64]
[2025-12-24T13:53:14.388037+00:00]   [    0.049344] ACPI: Reserving HPET table memory at [mem 0x7ffe1c65-0x7ffe1c9c]
[2025-12-24T13:53:14.388037+00:00]   [    0.049351] ACPI: Reserving WAET table memory at [mem 0x7ffe1c9d-0x7ffe1cc4]
[2025-12-24T13:53:14.388037+00:00]   [    0.055148] No NUMA configuration found
[2025-12-24T13:53:14.388037+00:00]   [    0.055195] Faking a node at [mem 0x0000000000000000-0x000000007ffd6fff]
[2025-12-24T13:53:14.388037+00:00]   [    0.056121] NODE_DATA(0) allocated [mem 0x7e6188c0-0x7e61ddff]
[2025-12-24T13:53:14.388037+00:00]   [    0.059542] Zone ranges:
[2025-12-24T13:53:14.388037+00:00]   [    0.059578]   DMA      [mem 0x0000000000001000-0x0000000000ffffff]
[2025-12-24T13:53:14.388037+00:00]   [    0.059736]   DMA32    [mem 0x0000000001000000-0x000000007ffd6fff]
[2025-12-24T13:53:14.388037+00:00]   [    0.059753]   Normal   empty
[2025-12-24T13:53:14.388037+00:00]   [    0.059785]   Device   empty
[2025-12-24T13:53:14.388037+00:00]   [    0.059799] Movable zone start for each node
[2025-12-24T13:53:14.388037+00:00]   [    0.059830] Early memory node ranges
[2025-12-24T13:53:14.388037+00:00]   [    0.059874]   node   0: [mem 0x0000000000001000-0x000000000009efff]
[2025-12-24T13:53:14.388037+00:00]   [    0.060074]   node   0: [mem 0x0000000000100000-0x000000007ffd6fff]
[2025-12-24T13:53:14.388037+00:00]   [    0.060278] Initmem setup node 0 [mem 0x0000000000001000-0x000000007ffd6fff]
[2025-12-24T13:53:14.388037+00:00]   [    0.061899] On node 0, zone DMA: 1 pages in unavailable ranges
[2025-12-24T13:53:14.388037+00:00]   [    0.062883] On node 0, zone DMA: 97 pages in unavailable ranges
[2025-12-24T13:53:14.388037+00:00]   [    0.160799] On node 0, zone DMA32: 41 pages in unavailable ranges
[2025-12-24T13:53:14.388037+00:00]   [    0.162025] ACPI: PM-Timer IO Port: 0x608
[2025-12-24T13:53:14.388037+00:00]   [    0.162845] ACPI: LAPIC_NMI (acpi_id[0xff] dfl dfl lint[0x1])
[2025-12-24T13:53:14.388037+00:00]   [    0.163452] IOAPIC[0]: apic_id 0, version 32, address 0xfec00000, GSI 0-23
[2025-12-24T13:53:14.388037+00:00]   [    0.163689] ACPI: INT_SRC_OVR (bus 0 bus_irq 0 global_irq 2 dfl dfl)
[2025-12-24T13:53:14.388037+00:00]   [    0.164153] ACPI: INT_SRC_OVR (bus 0 bus_irq 5 global_irq 5 high level)
[2025-12-24T13:53:14.388037+00:00]   [    0.164228] ACPI: INT_SRC_OVR (bus 0 bus_irq 9 global_irq 9 high level)
[2025-12-24T13:53:14.388037+00:00]   [    0.164381] ACPI: INT_SRC_OVR (bus 0 bus_irq 10 global_irq 10 high level)
[2025-12-24T13:53:14.388037+00:00]   [    0.164395] ACPI: INT_SRC_OVR (bus 0 bus_irq 11 global_irq 11 high level)
[2025-12-24T13:53:14.388037+00:00]   [    0.164659] ACPI: Using ACPI (MADT) for SMP configuration information
[2025-12-24T13:53:14.388037+00:00]   [    0.164729] ACPI: HPET id: 0x8086a201 base: 0xfed00000
[2025-12-24T13:53:14.388037+00:00]   [    0.165329] CPU topo: Max. logical packages:   1
[2025-12-24T13:53:14.388037+00:00]   [    0.165350] CPU topo: Max. logical dies:       1
[2025-12-24T13:53:14.388037+00:00]   [    0.165362] CPU topo: Max. dies per package:   1
[2025-12-24T13:53:14.388037+00:00]   [    0.165416] CPU topo: Max. threads per core:   1
[2025-12-24T13:53:14.388037+00:00]   [    0.165666] CPU topo: Num. cores per package:     2
[2025-12-24T13:53:14.388037+00:00]   [    0.165687] CPU topo: Num. threads per package:   2
[2025-12-24T13:53:14.388037+00:00]   [    0.165715] CPU topo: Allowing 2 present CPUs plus 0 hotplug CPUs
[2025-12-24T13:53:14.388037+00:00]   [    0.166948] PM: hibernation: Registered nosave memory: [mem 0x00000000-0x00000fff]
[2025-12-24T13:53:14.388037+00:00]   [    0.166986] PM: hibernation: Registered nosave memory: [mem 0x0009f000-0x000fffff]
[2025-12-24T13:53:14.388037+00:00]   [    0.167150] [mem 0x80000000-0xfffbffff] available for PCI devices
[2025-12-24T13:53:14.388037+00:00]   [    0.167232] Booting paravirtualized kernel on bare hardware
[2025-12-24T13:53:14.388037+00:00]   [    0.167997] clocksource: refined-jiffies: mask: 0xffffffff max_cycles: 0xffffffff, max_idle_ns: 1910969940391419 ns
[2025-12-24T13:53:14.388037+00:00]   [    0.181764] setup_percpu: NR_CPUS:384 nr_cpumask_bits:2 nr_cpu_ids:2 nr_node_ids:1
[2025-12-24T13:53:14.388037+00:00]   [    0.190747] percpu: Embedded 116 pages/cpu s294912 r65536 d114688 u1048576
[2025-12-24T13:53:14.388037+00:00]   [    0.191367] pcpu-alloc: s294912 r65536 d114688 u1048576 alloc=1*2097152
[2025-12-24T13:53:14.388037+00:00]   [    0.191480] pcpu-alloc: [0] 0 1
[2025-12-24T13:53:14.388037+00:00]   [    0.192962] Kernel command line: BOOT_IMAGE=/boot//nix/store/cjrhr0f61a0c68r4vq0qxws3jadn48yj-linux-6.12.54/bzImage init=/nix/store/wxs08149hdq19g0frphhvpabw3v8m5gk-nixos-system-nixos-25.05.20251022.c8aa8cc/init root=LABEL=nixos-minimal-25.05-x86_64 boot.shell_on_fail console=tty0 console=ttyS0,115200n8 nohibernate loglevel=4 lsm=landlock,yama,bpf  initrd=/boot//nix/store/y4jkdvcm47cc5kr7mijnbs4969x71frv-initrd-linux-6.12.54/initrd
[2025-12-24T13:53:14.388037+00:00]   [    0.201209] Dentry cache hash table entries: 262144 (order: 9, 2097152 bytes, linear)
[2025-12-24T13:53:14.388037+00:00]   [    0.204425] Inode-cache hash table entries: 131072 (order: 8, 1048576 bytes, linear)
[2025-12-24T13:53:14.388037+00:00]   [    0.208787] Fallback order for Node 0: 0
[2025-12-24T13:53:14.388037+00:00]   [    0.209235] Built 1 zonelists, mobility grouping on.  Total pages: 524149
[2025-12-24T13:53:14.388037+00:00]   [    0.209258] Policy zone: DMA32
[2025-12-24T13:53:14.388037+00:00]   [    0.216213] mem auto-init: stack:all(zero), heap alloc:on, heap free:off
[2025-12-24T13:53:14.388037+00:00]   [    0.452881] SLUB: HWalign=64, Order=0-3, MinObjects=0, CPUs=2, Nodes=1
[2025-12-24T13:53:14.388037+00:00]   [    0.458262] allocated 4194304 bytes of page_ext
[2025-12-24T13:53:14.388037+00:00]   [    0.461903] ftrace: allocating 46196 entries in 181 pages
[2025-12-24T13:53:14.388037+00:00]   [    0.504789] ftrace: allocated 181 pages with 5 groups
[2025-12-24T13:53:14.388037+00:00]   [    0.519380] Dynamic Preempt: voluntary
[2025-12-24T13:53:14.388037+00:00]   [    0.525818] rcu: Preemptible hierarchical RCU implementation.
[2025-12-24T13:53:14.388037+00:00]   [    0.525845] rcu: 	RCU event tracing is enabled.
[2025-12-24T13:53:14.388037+00:00]   [    0.525872] rcu: 	RCU restricting CPUs from NR_CPUS=384 to nr_cpu_ids=2.
[2025-12-24T13:53:14.388037+00:00]   [    0.526047] 	Trampoline variant of Tasks RCU enabled.
[2025-12-24T13:53:14.388037+00:00]   [    0.526056] 	Rude variant of Tasks RCU enabled.
[2025-12-24T13:53:14.388037+00:00]   [    0.526064] 	Tracing variant of Tasks RCU enabled.
[2025-12-24T13:53:14.388037+00:00]   [    0.526214] rcu: RCU calculated value of scheduler-enlistment delay is 100 jiffies.
[2025-12-24T13:53:14.388037+00:00]   [    0.526261] rcu: Adjusting geometry for rcu_fanout_leaf=16, nr_cpu_ids=2
[2025-12-24T13:53:14.388037+00:00]   [    0.528035] RCU Tasks: Setting shift to 1 and lim to 1 rcu_task_cb_adjust=1 rcu_task_cpu_ids=2.
[2025-12-24T13:53:14.388037+00:00]   [    0.528069] RCU Tasks Rude: Setting shift to 1 and lim to 1 rcu_task_cb_adjust=1 rcu_task_cpu_ids=2.
[2025-12-24T13:53:14.388037+00:00]   [    0.528084] RCU Tasks Trace: Setting shift to 1 and lim to 1 rcu_task_cb_adjust=1 rcu_task_cpu_ids=2.
[2025-12-24T13:53:14.388037+00:00]   [    0.578245] NR_IRQS: 24832, nr_irqs: 440, preallocated irqs: 16
[2025-12-24T13:53:14.388037+00:00]   [    0.593127] rcu: srcu_init: Setting srcu_struct sizes based on contention.
[2025-12-24T13:53:14.388037+00:00]   [    0.598670] kfence: initialized - using 2097152 bytes for 255 objects at 0x(____ptrval____)-0x(____ptrval____)
[2025-12-24T13:53:14.388037+00:00]   [    0.606154] Console: colour VGA+ 80x25
[2025-12-24T13:53:14.388037+00:00]   [    0.606767] printk: legacy console [tty0] enabled
[2025-12-24T13:53:14.388037+00:00]   [    0.610203] printk: legacy console [ttyS0] enabled
[2025-12-24T13:53:14.388037+00:00]   [    0.613837] ACPI: Core revision 20240827
[2025-12-24T13:53:14.388037+00:00]   [    0.623459] clocksource: hpet: mask: 0xffffffff max_cycles: 0xffffffff, max_idle_ns: 19112604467 ns
[2025-12-24T13:53:14.388037+00:00]   [    0.630579] APIC: Switch to symmetric I/O mode setup
[2025-12-24T13:53:14.388037+00:00]   [    0.637786] ..TIMER: vector=0x30 apic1=0 pin1=2 apic2=-1 pin2=-1
[2025-12-24T13:53:14.388037+00:00]   [    0.643493] clocksource: tsc-early: mask: 0xffffffffffffffff max_cycles: 0x2843f610f1c, max_idle_ns: 440795221442 ns
[2025-12-24T13:53:14.388037+00:00]   [    0.644441] Calibrating delay loop (skipped), value calculated using timer frequency.. 5586.83 BogoMIPS (lpj=2793417)
[2025-12-24T13:53:14.388037+00:00]   [    0.651293] Last level iTLB entries: 4KB 512, 2MB 255, 4MB 127
[2025-12-24T13:53:14.388037+00:00]   [    0.651351] Last level dTLB entries: 4KB 512, 2MB 255, 4MB 127, 1GB 0
[2025-12-24T13:53:14.388037+00:00]   [    0.651884] Spectre V1 : Mitigation: usercopy/swapgs barriers and __user pointer sanitization
[2025-12-24T13:53:14.388037+00:00]   [    0.652164] Spectre V2 : Mitigation: Retpolines
[2025-12-24T13:53:14.388037+00:00]   [    0.652198] Spectre V2 : Spectre v2 / SpectreRSB: Filling RSB on context switch and VMEXIT
[2025-12-24T13:53:14.388037+00:00]   [    0.653653] x86/fpu: x87 FPU will use FXSAVE
[2025-12-24T13:53:14.388037+00:00]   [    0.839854] Freeing SMP alternatives memory: 40K
[2025-12-24T13:53:14.388037+00:00]   [    0.841417] pid_max: default: 32768 minimum: 301
[2025-12-24T13:53:14.388037+00:00]   [    0.856634] LSM: initializing lsm=capability,landlock,yama,bpf
[2025-12-24T13:53:14.388037+00:00]   [    0.862644] landlock: Up and running.
[2025-12-24T13:53:14.388037+00:00]   [    0.862692] Yama: becoming mindful.
[2025-12-24T13:53:14.388037+00:00]   [    0.864937] LSM support for eBPF active
[2025-12-24T13:53:14.388037+00:00]   [    0.871449] Mount-cache hash table entries: 4096 (order: 3, 32768 bytes, linear)
[2025-12-24T13:53:14.388037+00:00]   [    0.871687] Mountpoint-cache hash table entries: 4096 (order: 3, 32768 bytes, linear)
[2025-12-24T13:53:14.388037+00:00]   [    1.027826] smpboot: CPU0: AMD QEMU Virtual CPU version 2.5+ (family: 0xf, model: 0x6b, stepping: 0x1)
[2025-12-24T13:53:14.388037+00:00]   [    1.048708] Performance Events: PMU not available due to virtualization, using software events only.
[2025-12-24T13:53:14.388037+00:00]   [    1.051285] signal: max sigframe size: 1440
[2025-12-24T13:53:14.388037+00:00]   [    1.054225] rcu: Hierarchical SRCU implementation.
[2025-12-24T13:53:14.388037+00:00]   [    1.054290] rcu: 	Max phase no-delay instances is 400.
[2025-12-24T13:53:14.388037+00:00]   [    1.058289] Timer migration: 1 hierarchy levels; 8 children per group; 1 crossnode level
[2025-12-24T13:53:14.388037+00:00]   [    1.069201] NMI watchdog: Perf NMI watchdog permanently disabled
[2025-12-24T13:53:14.388037+00:00]   [    1.072006] smp: Bringing up secondary CPUs ...
[2025-12-24T13:53:14.388037+00:00]   [    1.080600] smpboot: x86: Booting SMP configuration:
[2025-12-24T13:53:14.388037+00:00]   [    1.080847] .... node  #0, CPUs:      #1
[2025-12-24T13:53:14.388037+00:00]   [    1.159659] smp: Brought up 1 node, 2 CPUs
[2025-12-24T13:53:14.388037+00:00]   [    1.160090] smpboot: Total of 2 processors activated (11207.49 BogoMIPS)
[2025-12-24T13:53:14.388037+00:00]   [    1.174264] Memory: 1974296K/2096596K available (16384K kernel code, 2645K rwdata, 13032K rodata, 3424K init, 3344K bss, 111268K reserved, 0K cma-reserved)
[2025-12-24T13:53:14.388037+00:00]   [    1.189927] devtmpfs: initialized
[2025-12-24T13:53:14.388037+00:00]   [    1.196288] x86/mm: Memory block size: 128MB
[2025-12-24T13:53:14.388037+00:00]   [    1.214207] clocksource: jiffies: mask: 0xffffffff max_cycles: 0xffffffff, max_idle_ns: 1911260446275000 ns
[2025-12-24T13:53:14.388037+00:00]   [    1.214988] futex hash table entries: 512 (order: 3, 32768 bytes, linear)
[2025-12-24T13:53:14.388037+00:00]   [    1.222904] pinctrl core: initialized pinctrl subsystem
[2025-12-24T13:53:14.388037+00:00]   [    1.236025] PM: RTC time: 13:49:28, date: 2025-12-24
[2025-12-24T13:53:14.388037+00:00]   [    1.254583] NET: Registered PF_NETLINK/PF_ROUTE protocol family
[2025-12-24T13:53:14.388037+00:00]   [    1.261116] DMA: preallocated 256 KiB GFP_KERNEL pool for atomic allocations
[2025-12-24T13:53:14.388037+00:00]   [    1.262175] DMA: preallocated 256 KiB GFP_KERNEL|GFP_DMA pool for atomic allocations
[2025-12-24T13:53:14.388037+00:00]   [    1.262498] DMA: preallocated 256 KiB GFP_KERNEL|GFP_DMA32 pool for atomic allocations
[2025-12-24T13:53:14.388037+00:00]   [    1.262994] audit: initializing netlink subsys (disabled)
[2025-12-24T13:53:14.388037+00:00]   [    1.267046] audit: type=2000 audit(1766584167.637:1): state=initialized audit_enabled=0 res=1
[2025-12-24T13:53:14.388037+00:00]   [    1.273919] thermal_sys: Registered thermal governor 'bang_bang'
[2025-12-24T13:53:14.388037+00:00]   [    1.274003] thermal_sys: Registered thermal governor 'step_wise'
[2025-12-24T13:53:14.388037+00:00]   [    1.274031] thermal_sys: Registered thermal governor 'user_space'
[2025-12-24T13:53:14.388037+00:00]   [    1.275305] cpuidle: using governor menu
[2025-12-24T13:53:14.388037+00:00]   [    1.278160] acpiphp: ACPI Hot Plug PCI Controller Driver version: 0.5
[2025-12-24T13:53:14.388037+00:00]   [    1.283390] PCI: Using configuration type 1 for base access
[2025-12-24T13:53:14.388037+00:00]   [    1.284963] mtrr: your CPUs had inconsistent fixed MTRR settings
[2025-12-24T13:53:14.388037+00:00]   [    1.285010] mtrr: your CPUs had inconsistent variable MTRR settings
[2025-12-24T13:53:14.388037+00:00]   [    1.285033] mtrr: your CPUs had inconsistent MTRRdefType settings
[2025-12-24T13:53:14.388037+00:00]   [    1.285044] mtrr: probably your BIOS does not setup all CPUs.
[2025-12-24T13:53:14.388037+00:00]   [    1.285056] mtrr: corrected configuration.
[2025-12-24T13:53:14.388037+00:00]   [    1.288470] kprobes: kprobe jump-optimization is enabled. All kprobes are optimized if possible.
[2025-12-24T13:53:14.388037+00:00]   [    1.312903] HugeTLB: registered 2.00 MiB page size, pre-allocated 0 pages
[2025-12-24T13:53:14.388037+00:00]   [    1.312999] HugeTLB: 28 KiB vmemmap can be freed for a 2.00 MiB page
[2025-12-24T13:53:14.388037+00:00]   [    1.385764] ACPI: Added _OSI(Module Device)
[2025-12-24T13:53:14.388037+00:00]   [    1.385879] ACPI: Added _OSI(Processor Device)
[2025-12-24T13:53:14.388037+00:00]   [    1.385896] ACPI: Added _OSI(Processor Aggregator Device)
[2025-12-24T13:53:14.388037+00:00]   [    1.412210] ACPI: 1 ACPI AML tables successfully acquired and loaded
[2025-12-24T13:53:14.388037+00:00]   [    1.440203] ACPI: Interpreter enabled
[2025-12-24T13:53:14.388037+00:00]   [    1.441928] ACPI: PM: (supports S0 S3 S4 S5)
[2025-12-24T13:53:14.388037+00:00]   [    1.442015] ACPI: Using IOAPIC for interrupt routing
[2025-12-24T13:53:14.388037+00:00]   [    1.442969] PCI: Using host bridge windows from ACPI; if necessary, use "pci=nocrs" and report a bug
[2025-12-24T13:53:14.388037+00:00]   [    1.443035] PCI: Using E820 reservations for host bridge windows
[2025-12-24T13:53:14.388037+00:00]   [    1.445351] ACPI: Enabled 2 GPEs in block 00 to 0F
[2025-12-24T13:53:14.388037+00:00]   [    1.506503] ACPI: PCI Root Bridge [PCI0] (domain 0000 [bus 00-ff])
[2025-12-24T13:53:14.388037+00:00]   [    1.507504] acpi PNP0A03:00: _OSC: OS supports [ASPM ClockPM Segments MSI HPX-Type3]
[2025-12-24T13:53:14.388037+00:00]   [    1.507915] acpi PNP0A03:00: _OSC: not requesting OS control; OS requires [ExtendedConfig ASPM ClockPM MSI]
[2025-12-24T13:53:14.388037+00:00]   [    1.508990] acpi PNP0A03:00: fail to add MMCONFIG information, can't access extended configuration space under this bridge
[2025-12-24T13:53:14.388037+00:00]   [    1.515883] acpiphp: Slot [3] registered
[2025-12-24T13:53:14.388037+00:00]   [    1.516151] acpiphp: Slot [4] registered
[2025-12-24T13:53:14.388037+00:00]   [    1.516344] acpiphp: Slot [5] registered
[2025-12-24T13:53:14.388037+00:00]   [    1.516493] acpiphp: Slot [6] registered
[2025-12-24T13:53:14.388037+00:00]   [    1.516606] acpiphp: Slot [7] registered
[2025-12-24T13:53:14.388037+00:00]   [    1.516711] acpiphp: Slot [8] registered
[2025-12-24T13:53:14.388037+00:00]   [    1.516970] acpiphp: Slot [9] registered
[2025-12-24T13:53:14.388037+00:00]   [    1.517097] acpiphp: Slot [10] registered
[2025-12-24T13:53:14.388037+00:00]   [    1.517242] acpiphp: Slot [11] registered
[2025-12-24T13:53:14.388037+00:00]   [    1.517350] acpiphp: Slot [12] registered
[2025-12-24T13:53:14.388037+00:00]   [    1.517488] acpiphp: Slot [13] registered
[2025-12-24T13:53:14.388037+00:00]   [    1.517600] acpiphp: Slot [14] registered
[2025-12-24T13:53:14.388037+00:00]   [    1.517704] acpiphp: Slot [15] registered
[2025-12-24T13:53:14.388037+00:00]   [    1.517945] acpiphp: Slot [16] registered
[2025-12-24T13:53:14.388037+00:00]   [    1.518090] acpiphp: Slot [17] registered
[2025-12-24T13:53:14.388037+00:00]   [    1.518202] acpiphp: Slot [18] registered
[2025-12-24T13:53:14.388037+00:00]   [    1.518307] acpiphp: Slot [19] registered
[2025-12-24T13:53:14.388037+00:00]   [    1.518408] acpiphp: Slot [20] registered
[2025-12-24T13:53:14.388037+00:00]   [    1.518541] acpiphp: Slot [21] registered
[2025-12-24T13:53:14.388037+00:00]   [    1.518752] acpiphp: Slot [22] registered
[2025-12-24T13:53:14.388037+00:00]   [    1.518854] acpiphp: Slot [23] registered
[2025-12-24T13:53:14.388037+00:00]   [    1.519017] acpiphp: Slot [24] registered
[2025-12-24T13:53:14.388037+00:00]   [    1.519130] acpiphp: Slot [25] registered
[2025-12-24T13:53:14.388037+00:00]   [    1.519234] acpiphp: Slot [26] registered
[2025-12-24T13:53:14.388037+00:00]   [    1.519337] acpiphp: Slot [27] registered
[2025-12-24T13:53:14.388037+00:00]   [    1.519468] acpiphp: Slot [28] registered
[2025-12-24T13:53:14.388037+00:00]   [    1.519582] acpiphp: Slot [29] registered
[2025-12-24T13:53:14.388037+00:00]   [    1.519687] acpiphp: Slot [30] registered
[2025-12-24T13:53:14.388037+00:00]   [    1.519888] acpiphp: Slot [31] registered
[2025-12-24T13:53:14.388037+00:00]   [    1.520447] PCI host bridge to bus 0000:00
[2025-12-24T13:53:14.388037+00:00]   [    1.520931] pci_bus 0000:00: root bus resource [io  0x0000-0x0cf7 window]
[2025-12-24T13:53:14.388037+00:00]   [    1.521123] pci_bus 0000:00: root bus resource [io  0x0d00-0xffff window]
[2025-12-24T13:53:14.388037+00:00]   [    1.521139] pci_bus 0000:00: root bus resource [mem 0x000a0000-0x000bffff window]
[2025-12-24T13:53:14.388037+00:00]   [    1.521205] pci_bus 0000:00: root bus resource [mem 0x80000000-0xfebfffff window]
[2025-12-24T13:53:14.388037+00:00]   [    1.521220] pci_bus 0000:00: root bus resource [mem 0x100000000-0x17fffffff window]
[2025-12-24T13:53:14.388037+00:00]   [    1.521431] pci_bus 0000:00: root bus resource [bus 00-ff]
[2025-12-24T13:53:14.388037+00:00]   [    1.523280] pci 0000:00:00.0: [8086:1237] type 00 class 0x060000 conventional PCI endpoint
[2025-12-24T13:53:14.388037+00:00]   [    1.529526] pci 0000:00:01.0: [8086:7000] type 00 class 0x060100 conventional PCI endpoint
[2025-12-24T13:53:14.388037+00:00]   [    1.531078] pci 0000:00:01.1: [8086:7010] type 00 class 0x010180 conventional PCI endpoint
[2025-12-24T13:53:14.388037+00:00]   [    1.535107] pci 0000:00:01.1: BAR 4 [io  0xc1c0-0xc1cf]
[2025-12-24T13:53:14.388037+00:00]   [    1.536950] pci 0000:00:01.1: BAR 0 [io  0x01f0-0x01f7]: legacy IDE quirk
[2025-12-24T13:53:14.388037+00:00]   [    1.537024] pci 0000:00:01.1: BAR 1 [io  0x03f6]: legacy IDE quirk
[2025-12-24T13:53:14.388037+00:00]   [    1.537105] pci 0000:00:01.1: BAR 2 [io  0x0170-0x0177]: legacy IDE quirk
[2025-12-24T13:53:14.388037+00:00]   [    1.537132] pci 0000:00:01.1: BAR 3 [io  0x0376]: legacy IDE quirk
[2025-12-24T13:53:14.388037+00:00]   [    1.538457] pci 0000:00:01.3: [8086:7113] type 00 class 0x068000 conventional PCI endpoint
[2025-12-24T13:53:14.388037+00:00]   [    1.539047] pci 0000:00:01.3: quirk: [io  0x0600-0x063f] claimed by PIIX4 ACPI
[2025-12-24T13:53:14.388037+00:00]   [    1.539122] pci 0000:00:01.3: quirk: [io  0x0700-0x070f] claimed by PIIX4 SMB
[2025-12-24T13:53:14.388037+00:00]   [    1.540054] pci 0000:00:02.0: [1234:1111] type 00 class 0x030000 conventional PCI endpoint
[2025-12-24T13:53:14.388037+00:00]   [    1.541873] pci 0000:00:02.0: BAR 0 [mem 0xfd000000-0xfdffffff pref]
[2025-12-24T13:53:14.388037+00:00]   [    1.543826] pci 0000:00:02.0: BAR 2 [mem 0xfeb90000-0xfeb90fff]
[2025-12-24T13:53:14.388037+00:00]   [    1.545889] pci 0000:00:02.0: ROM [mem 0xfeb80000-0xfeb8ffff pref]
[2025-12-24T13:53:14.388037+00:00]   [    1.547367] pci 0000:00:02.0: Video device with shadowed ROM at [mem 0x000c0000-0x000dffff]
[2025-12-24T13:53:14.388037+00:00]   [    1.548968] pci 0000:00:03.0: [1af4:1005] type 00 class 0x00ff00 conventional PCI endpoint
[2025-12-24T13:53:14.388037+00:00]   [    1.549826] pci 0000:00:03.0: BAR 0 [io  0xc180-0xc19f]
[2025-12-24T13:53:14.388037+00:00]   [    1.551826] pci 0000:00:03.0: BAR 1 [mem 0xfeb91000-0xfeb91fff]
[2025-12-24T13:53:14.388037+00:00]   [    1.555892] pci 0000:00:03.0: BAR 4 [mem 0xfe000000-0xfe003fff 64bit pref]
[2025-12-24T13:53:14.388037+00:00]   [    1.569147] pci 0000:00:04.0: [1af4:1000] type 00 class 0x020000 conventional PCI endpoint
[2025-12-24T13:53:14.388037+00:00]   [    1.570705] pci 0000:00:04.0: BAR 0 [io  0xc1a0-0xc1bf]
[2025-12-24T13:53:14.388037+00:00]   [    1.572479] pci 0000:00:04.0: BAR 1 [mem 0xfeb92000-0xfeb92fff]
[2025-12-24T13:53:14.388037+00:00]   [    1.577419] pci 0000:00:04.0: BAR 4 [mem 0xfe004000-0xfe007fff 64bit pref]
[2025-12-24T13:53:14.388037+00:00]   [    1.578879] pci 0000:00:04.0: ROM [mem 0xfeb00000-0xfeb7ffff pref]
[2025-12-24T13:53:14.388037+00:00]   [    1.588744] pci 0000:00:05.0: [1af4:1001] type 00 class 0x010000 conventional PCI endpoint
[2025-12-24T13:53:14.388037+00:00]   [    1.589826] pci 0000:00:05.0: BAR 0 [io  0xc000-0xc07f]
[2025-12-24T13:53:14.388037+00:00]   [    1.590826] pci 0000:00:05.0: BAR 1 [mem 0xfeb93000-0xfeb93fff]
[2025-12-24T13:53:14.388037+00:00]   [    1.594871] pci 0000:00:05.0: BAR 4 [mem 0xfe008000-0xfe00bfff 64bit pref]
[2025-12-24T13:53:14.388037+00:00]   [    1.603156] pci 0000:00:06.0: [1af4:1001] type 00 class 0x010000 conventional PCI endpoint
[2025-12-24T13:53:14.388037+00:00]   [    1.604490] pci 0000:00:06.0: BAR 0 [io  0xc080-0xc0ff]
[2025-12-24T13:53:14.388037+00:00]   [    1.605875] pci 0000:00:06.0: BAR 1 [mem 0xfeb94000-0xfeb94fff]
[2025-12-24T13:53:14.388037+00:00]   [    1.608509] pci 0000:00:06.0: BAR 4 [mem 0xfe00c000-0xfe00ffff 64bit pref]
[2025-12-24T13:53:14.388037+00:00]   [    1.620118] pci 0000:00:07.0: [1af4:1001] type 00 class 0x010000 conventional PCI endpoint
[2025-12-24T13:53:14.388037+00:00]   [    1.621444] pci 0000:00:07.0: BAR 0 [io  0xc100-0xc17f]
[2025-12-24T13:53:14.388037+00:00]   [    1.621855] pci 0000:00:07.0: BAR 1 [mem 0xfeb95000-0xfeb95fff]
[2025-12-24T13:53:14.388037+00:00]   [    1.624884] pci 0000:00:07.0: BAR 4 [mem 0xfe010000-0xfe013fff 64bit pref]
[2025-12-24T13:53:14.388037+00:00]   [    1.645366] ACPI: PCI: Interrupt link LNKA configured for IRQ 10
[2025-12-24T13:53:14.388037+00:00]   [    1.647124] ACPI: PCI: Interrupt link LNKB configured for IRQ 10
[2025-12-24T13:53:14.388037+00:00]   [    1.647979] ACPI: PCI: Interrupt link LNKC configured for IRQ 11
[2025-12-24T13:53:14.388037+00:00]   [    1.648787] ACPI: PCI: Interrupt link LNKD configured for IRQ 11
[2025-12-24T13:53:14.388037+00:00]   [    1.649155] ACPI: PCI: Interrupt link LNKS configured for IRQ 9
[2025-12-24T13:53:14.388037+00:00]   [    1.655692] iommu: Default domain type: Translated
[2025-12-24T13:53:14.388037+00:00]   [    1.655876] iommu: DMA domain TLB invalidation policy: lazy mode
[2025-12-24T13:53:14.388037+00:00]   [    1.656797] ACPI: bus type USB registered
[2025-12-24T13:53:14.388037+00:00]   [    1.657553] usbcore: registered new interface driver usbfs
[2025-12-24T13:53:14.388037+00:00]   [    1.658074] usbcore: registered new interface driver hub
[2025-12-24T13:53:14.388037+00:00]   [    1.658274] usbcore: registered new device driver usb
[2025-12-24T13:53:14.388037+00:00]   [    1.674910] NetLabel: Initializing
[2025-12-24T13:53:14.388037+00:00]   [    1.674965] NetLabel:  domain hash size = 128
[2025-12-24T13:53:14.388037+00:00]   [    1.674987] NetLabel:  protocols = UNLABELED CIPSOv4 CALIPSO
[2025-12-24T13:53:14.388037+00:00]   [    1.676110] NetLabel:  unlabeled traffic allowed by default
[2025-12-24T13:53:14.388037+00:00]   [    1.676184] PCI: Using ACPI for IRQ routing
[2025-12-24T13:53:14.388037+00:00]   [    1.676346] PCI: pci_cache_line_size set to 64 bytes
[2025-12-24T13:53:14.388037+00:00]   [    1.677036] e820: reserve RAM buffer [mem 0x0009fc00-0x0009ffff]
[2025-12-24T13:53:14.388037+00:00]   [    1.677347] e820: reserve RAM buffer [mem 0x7ffd7000-0x7fffffff]
[2025-12-24T13:53:14.388037+00:00]   [    1.684370] pci 0000:00:02.0: vgaarb: setting as boot VGA device
[2025-12-24T13:53:14.388037+00:00]   [    1.684511] pci 0000:00:02.0: vgaarb: bridge control possible
[2025-12-24T13:53:14.388037+00:00]   [    1.684688] pci 0000:00:02.0: vgaarb: VGA device added: decodes=io+mem,owns=io+mem,locks=none
[2025-12-24T13:53:14.388037+00:00]   [    1.684774] vgaarb: loaded
[2025-12-24T13:53:14.388037+00:00]   [    1.687246] hpet: 3 channels of 0 reserved for per-cpu timers
[2025-12-24T13:53:14.388037+00:00]   [    1.687600] hpet0: at MMIO 0xfed00000, IRQs 2, 8, 0
[2025-12-24T13:53:14.388037+00:00]   [    1.687701] hpet0: 3 comparators, 64-bit 100.000000 MHz counter
[2025-12-24T13:53:14.388037+00:00]   [    1.694826] clocksource: Switched to clocksource tsc-early
[2025-12-24T13:53:14.388037+00:00]   [    1.721818] VFS: Disk quotas dquot_6.6.0
[2025-12-24T13:53:14.388037+00:00]   [    1.722279] VFS: Dquot-cache hash table entries: 512 (order 0, 4096 bytes)
[2025-12-24T13:53:14.388037+00:00]   [    1.728163] pnp: PnP ACPI init
[2025-12-24T13:53:14.388037+00:00]   [    1.732252] pnp 00:02: [dma 2]
[2025-12-24T13:53:14.388037+00:00]   [    1.735516] pnp: PnP ACPI: found 6 devices
[2025-12-24T13:53:14.388037+00:00]   [    1.786662] clocksource: acpi_pm: mask: 0xffffff max_cycles: 0xffffff, max_idle_ns: 2085701024 ns
[2025-12-24T13:53:14.388037+00:00]   [    1.789374] NET: Registered PF_INET protocol family
[2025-12-24T13:53:14.388037+00:00]   [    1.791051] IP idents hash table entries: 32768 (order: 6, 262144 bytes, linear)
[2025-12-24T13:53:14.388037+00:00]   [    1.857148] tcp_listen_portaddr_hash hash table entries: 1024 (order: 2, 16384 bytes, linear)
[2025-12-24T13:53:14.388037+00:00]   [    1.857415] Table-perturb hash table entries: 65536 (order: 6, 262144 bytes, linear)
[2025-12-24T13:53:14.388037+00:00]   [    1.857642] TCP established hash table entries: 16384 (order: 5, 131072 bytes, linear)
[2025-12-24T13:53:14.388037+00:00]   [    1.858280] TCP bind hash table entries: 16384 (order: 7, 524288 bytes, linear)
[2025-12-24T13:53:14.388037+00:00]   [    1.858627] TCP: Hash tables configured (established 16384 bind 16384)
[2025-12-24T13:53:14.388037+00:00]   [    1.861157] MPTCP token hash table entries: 2048 (order: 3, 49152 bytes, linear)
[2025-12-24T13:53:14.388037+00:00]   [    1.861676] UDP hash table entries: 1024 (order: 3, 32768 bytes, linear)
[2025-12-24T13:53:14.388037+00:00]   [    1.862059] UDP-Lite hash table entries: 1024 (order: 3, 32768 bytes, linear)
[2025-12-24T13:53:14.388037+00:00]   [    1.864430] NET: Registered PF_UNIX/PF_LOCAL protocol family
[2025-12-24T13:53:14.388037+00:00]   [    1.865144] NET: Registered PF_XDP protocol family
[2025-12-24T13:53:14.388037+00:00]   [    1.866197] pci_bus 0000:00: resource 4 [io  0x0000-0x0cf7 window]
[2025-12-24T13:53:14.388037+00:00]   [    1.866238] pci_bus 0000:00: resource 5 [io  0x0d00-0xffff window]
[2025-12-24T13:53:14.388037+00:00]   [    1.866253] pci_bus 0000:00: resource 6 [mem 0x000a0000-0x000bffff window]
[2025-12-24T13:53:14.388037+00:00]   [    1.866266] pci_bus 0000:00: resource 7 [mem 0x80000000-0xfebfffff window]
[2025-12-24T13:53:14.388037+00:00]   [    1.866279] pci_bus 0000:00: resource 8 [mem 0x100000000-0x17fffffff window]
[2025-12-24T13:53:14.388037+00:00]   [    1.867054] pci 0000:00:01.0: PIIX3: Enabling Passive Release
[2025-12-24T13:53:14.388037+00:00]   [    1.867165] pci 0000:00:00.0: Limiting direct PCI/PCI transfers
[2025-12-24T13:53:14.388037+00:00]   [    1.867311] PCI: CLS 0 bytes, default 64
[2025-12-24T13:53:14.388037+00:00]   [    1.874697] Trying to unpack rootfs image as initramfs...
[2025-12-24T13:53:14.388037+00:00]   [    1.944742] Initialise system trusted keyrings
[2025-12-24T13:53:14.388037+00:00]   [    1.948583] workingset: timestamp_bits=40 max_order=19 bucket_order=0
[2025-12-24T13:53:14.388037+00:00]   [    2.042202] Key type asymmetric registered
[2025-12-24T13:53:14.388037+00:00]   [    2.042426] Asymmetric key parser 'x509' registered
[2025-12-24T13:53:14.388037+00:00]   [    2.043193] Block layer SCSI generic (bsg) driver version 0.4 loaded (major 251)
[2025-12-24T13:53:14.388037+00:00]   [    2.046363] io scheduler mq-deadline registered
[2025-12-24T13:53:14.388037+00:00]   [    2.046459] io scheduler kyber registered
[2025-12-24T13:53:14.388037+00:00]   [    2.061015] Serial: 8250/16550 driver, 4 ports, IRQ sharing enabled
[2025-12-24T13:53:14.388037+00:00]   [    2.067637] 00:04: ttyS0 at I/O 0x3f8 (irq = 4, base_baud = 115200) is a 16550A
[2025-12-24T13:53:14.388037+00:00]   [    2.082751] Linux agpgart interface v0.103
[2025-12-24T13:53:14.388037+00:00]   [    2.083276] ACPI: bus type drm_connector registered
[2025-12-24T13:53:14.388037+00:00]   [    2.094362] usbcore: registered new interface driver usbserial_generic
[2025-12-24T13:53:14.388037+00:00]   [    2.094723] usbserial: USB Serial support registered for generic
[2025-12-24T13:53:14.388037+00:00]   [    2.095033] amd_pstate: the _CPC object is not present in SBIOS or ACPI disabled
[2025-12-24T13:53:14.388037+00:00]   [    2.097299] drop_monitor: Initializing network drop monitor service
[2025-12-24T13:53:14.388037+00:00]   [    2.099565] NET: Registered PF_INET6 protocol family
[2025-12-24T13:53:14.388037+00:00]   [    2.900420] tsc: Refined TSC clocksource calibration: 2793.443 MHz
[2025-12-24T13:53:14.388037+00:00]   [    2.901109] clocksource: tsc: mask: 0xffffffffffffffff max_cycles: 0x28440f00e80, max_idle_ns: 440795346253 ns
[2025-12-24T13:53:14.388037+00:00]   [    2.901485] clocksource: Switched to clocksource tsc
[2025-12-24T13:53:14.388037+00:00]   [    3.410961] Freeing initrd memory: 26340K
[2025-12-24T13:53:14.388037+00:00]   [    3.432714] Segment Routing with IPv6
[2025-12-24T13:53:14.388037+00:00]   [    3.433327] In-situ OAM (IOAM) with IPv6
[2025-12-24T13:53:14.388037+00:00]   [    3.439355] IPI shorthand broadcast: enabled
[2025-12-24T13:53:14.388037+00:00]   [    3.462484] sched_clock: Marking stable (3427068915, 34852131)->(3549713338, -87792292)
[2025-12-24T13:53:14.388037+00:00]   [    3.467193] registered taskstats version 1
[2025-12-24T13:53:14.388037+00:00]   [    3.473106] Loading compiled-in X.509 certificates
[2025-12-24T13:53:14.388037+00:00]   [    3.519443] Demotion targets for Node 0: null
[2025-12-24T13:53:14.388037+00:00]   [    3.522064] Key type .fscrypt registered
[2025-12-24T13:53:14.388037+00:00]   [    3.522124] Key type fscrypt-provisioning registered
[2025-12-24T13:53:14.388037+00:00]   [    3.529510] PM:   Magic number: 5:9:838
[2025-12-24T13:53:14.388037+00:00]   [    3.535483] RAS: Correctable Errors collector initialized.
[2025-12-24T13:53:14.388037+00:00]   [    3.558369] clk: Disabling unused clocks
[2025-12-24T13:53:14.388037+00:00]   [    3.558706] PM: genpd: Disabling unused power domains
[2025-12-24T13:53:14.388037+00:00]   [    3.581073] Freeing unused decrypted memory: 2028K
[2025-12-24T13:53:14.388037+00:00]   [    3.671521] Freeing unused kernel image (initmem) memory: 3424K
[2025-12-24T13:53:14.388037+00:00]   [    3.672033] Write protecting the kernel read-only data: 30720k
[2025-12-24T13:53:14.388037+00:00]   [    3.675383] Freeing unused kernel image (rodata/data gap) memory: 1304K
[2025-12-24T13:53:14.388037+00:00]   [    3.868477] x86/mm: Checked W+X mappings: passed, no W+X pages found.
[2025-12-24T13:53:14.388037+00:00]   [    3.869087] Run /init as init process
[2025-12-24T13:53:14.388037+00:00]   [    3.869278]   with arguments:
[2025-12-24T13:53:14.388037+00:00]   [    3.869324]     /init
[2025-12-24T13:53:14.388037+00:00]   [    3.869348]   with environment:
[2025-12-24T13:53:14.388037+00:00]   [    3.869384]     HOME=/
[2025-12-24T13:53:14.388037+00:00]   [    3.869402]     TERM=linux
[2025-12-24T13:53:14.388037+00:00]   [    5.333107] stage-1-init: [Wed Dec 24 13:49:31 UTC 2025] loading module loop...
[2025-12-24T13:53:14.388037+00:00]   [    5.427795] loop: module loaded
[2025-12-24T13:53:14.388037+00:00]   [    5.541433] stage-1-init: [Wed Dec 24 13:49:31 UTC 2025] loading module overlay...
[2025-12-24T13:53:14.388037+00:00]   [    5.780684] stage-1-init: [Wed Dec 24 13:49:32 UTC 2025] loading module vfat...
[2025-12-24T13:53:14.388037+00:00]   [    5.943551] stage-1-init: [Wed Dec 24 13:49:32 UTC 2025] loading module nls_cp437...
[2025-12-24T13:53:14.388037+00:00]   [    6.062819] stage-1-init: [Wed Dec 24 13:49:32 UTC 2025] loading module nls_iso8859-1...
[2025-12-24T13:53:14.388037+00:00]   [    6.182240] stage-1-init: [Wed Dec 24 13:49:32 UTC 2025] loading module dm_mod...
