
ISOLINUX 6.04   Copyright (C) 1994-2015 H. Peter Anvin et al
e%@)0(B[0;37;40m[?25l[2J[1;1H[0;30;44mlqqqqqqqqqqqqqqqqqqqqqqqqqqqqqqqqqqqqqqqqqqqqqqqqqqqqqqqqqqqqqqqqqqqqqqqqqqqqqqqqqqqqqqqqqqqqqqqqk[2;1H[0;30;44mx[0;1;36;44m                                             NixOS                                              [0;30;44mx[3;1H[0;30;44mtqqqqqqqqqqqqqqqqqqqqqqqqqqqqqqqqqqqqqqqqqqqqqqqqqqqqqqqqqqqqqqqqqqqqqqqqqqqqqqqqqqqqqqqqqqqqqqqqu[4;1H[0;30;44mx[0;7;37;40m NixOS 25.05.20251022.c8aa8cc Installer                                                         [0;30;44mx[5;1H[0;30;44mx[0;37;44m Options                                                                                      > [0;30;44mx[6;1H[0;30;44mx[0;37;44m Memtest86+                                                                                     [0;30;44mx[7;1H[0;30;44mx[0;37;44m                                                                                                [0;30;44mx[8;1H[0;30;44mx[0;37;44m                                                                                                [0;30;44mx[9;1H[0;30;44mx[0;37;44m                                                                                                [0;30;44mx[10;1H[0;30;44mmqqqqqqqqqqqqqqqqqqqqqqqqqqqqqqqqqqqqqqqqqqqqqqqqqqqqqqqqqqqqqqqqqqqqqqqqqqqqqqqqqqqqqqqqqqqqqqqqj[0;31;40m[34;36HPress [Tab] to edit options[0;37;40m[35;1H[0;37;40m[35;1H[K[K[36;1H[33;34H[0;37;40mAutomatic boot in [0;1;37;40m10[0;37;40m seconds...[33;34H[0;37;40m Automatic boot in [0;1;37;40m9[0;37;40m seconds... [33;35H[0;37;40mAutomatic boot in [0;1;37;40m8[0;37;40m seconds...[33;35H[0;37;40mAutomatic boot in [0;1;37;40m7[0;37;40m seconds...[33;35H[0;37;40mAutomatic boot in [0;1;37;40m6[0;37;40m seconds...[33;35H[0;37;40mAutomatic boot in [0;1;37;40m5[0;37;40m seconds...[33;35H[0;37;40mAutomatic boot in [0;1;37;40m4[0;37;40m seconds...[33;35H[0;37;40mAutomatic boot in [0;1;37;40m3[0;37;40m seconds...[33;35H[0;37;40mAutomatic boot in [0;1;37;40m2[0;37;40m seconds...[33;34H[0;37;40m Automatic boot in [0;1;37;40m1[0;37;40m second... [1;1H[0;30;44mlqqqqqqqqqqqqqqqqqqqqqqqqqqqqqqqqqqqqqqqqqqqqqqqqqqqqqqqqqqqqqqqqqqqqqqqqqqqqqqqqqqqqqqqqqqqqqqqqk[2;1H[0;30;44mx[0;1;36;44m                                             NixOS                                              [0;30;44mx[3;1H[0;30;44mtqqqqqqqqqqqqqqqqqqqqqqqqqqqqqqqqqqqqqqqqqqqqqqqqqqqqqqqqqqqqqqqqqqqqqqqqqqqqqqqqqqqqqqqqqqqqqqqqu[4;1H[0;30;44mx[0;7;37;40m NixOS 25.05.20251022.c8aa8cc Installer                                                         [0;30;44mx[5;1H[0;30;44mx[0;37;44m Options                                                                                      > [0;30;44mx[6;1H[0;30;44mx[0;37;44m Memtest86+                                                                                     [0;30;44mx[7;1H[0;30;44mx[0;37;44m                                                                                                [0;30;44mx[8;1H[0;30;44mx[0;37;44m                                                                                                [0;30;44mx[9;1H[0;30;44mx[0;37;44m                                                                                                [0;30;44mx[10;1H[0;30;44mmqqqqqqqqqqqqqqqqqqqqqqqqqqqqqqqqqqqqqqqqqqqqqqqqqqqqqqqqqqqqqqqqqqqqqqqqqqqqqqqqqqqqqqqqqqqqqqqqj[0;31;40m[34;36HPress [Tab] to edit options[0;37;40m[35;1H[?25he%@)0(B[0;37;40m[?25l[2J[?25h[35;1H[0mLoading /boot//nix/store/cjrhr0f61a0c68r4vq0qxws3jadn48yj-linux-6.12.54/bzImage... ok
Loading /boot//nix/store/y4jkdvcm47cc5kr7mijnbs4969x71frv-initrd-linux-6.12.54/initrd...ok

[1;32m<<< NixOS Stage 1 >>>[0m

loading module loop...
loading module overlay...
loading module vfat...
loading module nls_cp437...
loading module nls_iso8859-1...
loading module dm_mod...
running udev...
Starting systemd-udevd version 257.9
kbd_mode: KDSKBMODE: Inappropriate ioctl for device
%Gstarting device mapper and LVM...
mounting tmpfs on /...
mounting /dev/root on /iso...
[   14.978648] /dev/root: Can't open blockdev
mounting /mnt-root/iso/nix-store.squashfs on /nix/.ro-store...
mounting tmpfs on /nix/.rw-store...
mounting overlay on /nix/store...

[1;32m<<< NixOS Stage 2 >>>[0m

running activation script...
setting up /etc...
unpacking the NixOS/Nixpkgs sources...
ln: failed to create symbolic link '/root/.nix-defexpr/channels/channels': Read-only file system
starting systemd...
[!p]104[?7h
[0;1;39mWelcome to [0m[0;38;2;126;186;228mNixOS 25.05 (Warbler)[0m[0;1;39m![0m

[[0;32m  OK  [0m] Created slice [0;1;39mSlice /system/getty[0m.
[[0;32m  OK  [0m] Created slice [0;1;39mSlice /system/modprobe[0m.
[[0;32m  OK  [0m] Created slice [0;1;39mSlice /system/serial-getty[0m.
[[0;32m  OK  [0m] Created slice [0;1;39mUser and Session Slice[0m.
[[0;32m  OK  [0m] Started [0;1;39mDispatch Password Requests to Console Directory Watch[0m.
[[0;32m  OK  [0m] Started [0;1;39mForward Password Requests to Wall Directory Watch[0m.
         Expecting device [0;1;39m/dev/ttyS0[0m...
[[0;32m  OK  [0m] Reached target [0;1;39mLocal Encrypted Volumes[0m.
[[0;32m  OK  [0m] Reached target [0;1;39mContainers[0m.
[[0;32m  OK  [0m] Reached target [0;1;39mPath Units[0m.
[[0;32m  OK  [0m] Reached target [0;1;39mRemote File Systems[0m.
[[0;32m  OK  [0m] Reached target [0;1;39mSlice Units[0m.
[[0;32m  OK  [0m] Reached target [0;1;39mSwaps[0m.
[[0;32m  OK  [0m] Reached target [0;1;39mZFS pool import target[0m.
[[0;32m  OK  [0m] Listening on [0;1;39mProcess Core Dump Socket[0m.
[[0;32m  OK  [0m] Listening on [0;1;39mCredential Encryption/Decryption[0m.
[[0;32m  OK  [0m] Listening on [0;1;39mJournal Audit Socket[0m.
[[0;32m  OK  [0m] Listening on [0;1;39mJournal Socket (/dev/log)[0m.
[[0;32m  OK  [0m] Listening on [0;1;39mJournal Sockets[0m.
[[0;32m  OK  [0m] Listening on [0;1;39mNetwork Service Netlink Socket[0m.
[[0;32m  OK  [0m] Listening on [0;1;39mUserspace Out-Of-Memory (OOM) Killer Socket[0m.
[[0;32m  OK  [0m] Listening on [0;1;39mudev Control Socket[0m.
[[0;32m  OK  [0m] Listening on [0;1;39mudev Kernel Socket[0m.
         Mounting [0;1;39mHuge Pages File System[0m...
         Mounting [0;1;39mPOSIX Message Queue File System[0m...
         Mounting [0;1;39mKernel Debug File System[0m...
         Mounting [0;1;39mKernel Trace File System[0m...
         Starting [0;1;39mCreate List of Static Device Nodes[0m...
         Starting [0;1;39mLoad Kernel Module configfs[0m...
         Starting [0;1;39mLoad Kernel Module drm[0m...
         Starting [0;1;39mLoad Kernel Module efi_pstore[0m...
         Starting [0;1;39mLoad Kernel Module fuse[0m...
         Starting [0;1;39mmount-pstore.service[0m...
         Starting [0;1;39mJournal Service[0m...
         Starting [0;1;39mLoad Kernel Modules[0m...
         Starting [0;1;39mUserspace Out-Of-Memory (OOM) Killer[0m...
         Starting [0;1;39mRemount Root and Kernel File Systems[0m...
         Starting [0;1;39mColdplug All udev Devices[0m...
[[0;32m  OK  [0m] Mounted [0;1;39mHuge Pages File System[0m.
[[0;32m  OK  [0m] Mounted [0;1;39mPOSIX Message Queue File System[0m.
[[0;32m  OK  [0m] Mounted [0;1;39mKernel Debug File System[0m.
[[0;32m  OK  [0m] Mounted [0;1;39mKernel Trace File System[0m.
[[0;32m  OK  [0m] Finished [0;1;39mCreate List of Static Device Nodes[0m.
         Starting [0;1;39mCreate Static Device Nodes in /dev gracefully[0m...
[[0;32m  OK  [0m] Finished [0;1;39mRemount Root and Kernel File Systems[0m.
         Starting [0;1;39mLoad/Save OS Random Seed[0m...
         Starting [0;1;39mNetwork Time Synchronization[0m...
[[0;32m  OK  [0m] Finished [0;1;39mLoad/Save OS Random Seed[0m.
[[0;32m  OK  [0m] Reached target [0;1;39mFirst Boot Complete[0m.
[[0;32m  OK  [0m] Finished [0;1;39mCreate Static Device Nodes in /dev gracefully[0m.
         Starting [0;1;39mCreate Static Device Nodes in /dev[0m...
[[0;32m  OK  [0m] Finished [0;1;39mLoad Kernel Module drm[0m.
[[0;32m  OK  [0m] Finished [0;1;39mLoad Kernel Module configfs[0m.
         Mounting [0;1;39mKernel Configuration File System[0m...
[[0;32m  OK  [0m] Started [0;1;39mJournal Service[0m.
         Starting [0;1;39mFlush Journal to Persistent Storage[0m...
[[0;32m  OK  [0m] Mounted [0;1;39mKernel Configuration File System[0m.
[[0;32m  OK  [0m] Finished [0;1;39mLoad Kernel Module efi_pstore[0m.
[[0;32m  OK  [0m] Finished [0;1;39mLoad Kernel Module fuse[0m.
         Mounting [0;1;39mFUSE Control File System[0m...
[[0;32m  OK  [0m] Mounted [0;1;39mFUSE Control File System[0m.
[[0;32m  OK  [0m] Started [0;1;39mUserspace Out-Of-Memory (OOM) Killer[0m.
[[0;32m  OK  [0m] Finished [0;1;39mCreate Static Device Nodes in /dev[0m.
[[0;32m  OK  [0m] Reached target [0;1;39mPreparation for Local File Systems[0m.
         Mounting [0;1;39m/run/wrappers[0m...
         Starting [0;1;39mRule-based Manager for Device Events and Files[0m...
[[0;32m  OK  [0m] Finished [0;1;39mFlush Journal to Persistent Storage[0m.
[[0;32m  OK  [0m] Finished [0;1;39mColdplug All udev Devices[0m.
[[0;32m  OK  [0m] Mounted [0;1;39m/run/wrappers[0m.
[[0;32m  OK  [0m] Started [0;1;39mRule-based Manager for Device Events and Files[0m.
[[0;32m  OK  [0m] Finished [0;1;39mLoad Kernel Modules[0m.
[[0;32m  OK  [0m] Started [0;1;39mNetwork Time Synchronization[0m.
         Starting [0;1;39mFirewall[0m...
         Starting [0;1;39mCreate SUID/SGID Wrappers[0m...
         Starting [0;1;39mApply Kernel Variables[0m...
         Starting [0;1;39mMount ZFS filesystems[0m...
[[0;32m  OK  [0m] Finished [0;1;39mmount-pstore.service[0m.
[[0m[0;31m*     [0m] (1 of 5) A start job is running for /dev/ttyS0 (31s / 1min 30s)
M[K[[0;1;31m*[0m[0;31m*    [0m] (1 of 5) A start job is running for /dev/ttyS0 (31s / 1min 30s)
M[K[[0;31m*[0;1;31m*[0m[0;31m*   [0m] (1 of 5) A start job is running for /dev/ttyS0 (32s / 1min 30s)
M[K[ [0;31m*[0;1;31m*[0m[0;31m*  [0m] (2 of 5) A start job is running for Firewall (32s / no limit)
M[K[[0;32m  OK  [0m] Finished [0;1;39mMount ZFS filesystems[0m.
[K[[0;32m  OK  [0m] Reached target [0;1;39mLocal File Systems[0m.
[[0;32m  OK  [0m] Listening on [0;1;39mBoot Entries Service Socket[0m.
         Starting [0;1;39mSave Transient machine-id to Disk[0m...
         Starting [0;1;39mCreate System Files and Directories[0m...
[[0;32m  OK  [0m] Finished [0;1;39mApply Kernel Variables[0m.
         Starting [0;1;39mNetwork Name Resolution[0m...
[[0;32m  OK  [0m] Finished [0;1;39mSave Transient machine-id to Disk[0m.
[[0;32m  OK  [0m] Finished [0;1;39mCreate System Files and Directories[0m.
         Starting [0;1;39mRebuild Journal Catalog[0m...
         Starting [0;1;39mRecord System Boot/Shutdown in UTMP[0m...
[[0;32m  OK  [0m] Finished [0;1;39mRecord System Boot/Shutdown in UTMP[0m.
[[0;32m  OK  [0m] Finished [0;1;39mRebuild Journal Catalog[0m.
         Starting [0;1;39mUpdate is Completed[0m...
[[0;32m  OK  [0m] Found device [0;1;39m/dev/ttyS0[0m.
[[0;32m  OK  [0m] Finished [0;1;39mUpdate is Completed[0m.
[  [0;31m*[0;1;31m*[0m[0;31m* [0m] (2 of 3) A start job is running for Firewall (41s / no limit)
M[K[[0;32m  OK  [0m] Started [0;1;39mNetwork Name Resolution[0m.
[K[   [0;31m*[0;1;31m*[0m[0;31m*[0m] (2 of 2) A start job is running forâ€¦UID/SGID Wrappers (44s / no limit)
M[K[    [0;31m*[0;1;31m*[0m] (1 of 2) A start job is running for Firewall (44s / no limit)
M[K[     [0;31m*[0m] (1 of 2) A start job is running for Firewall (45s / no limit)
M[K[    [0;31m*[0;1;31m*[0m] (1 of 2) A start job is running for Firewall (45s / no limit)
M[K[[0;32m  OK  [0m] Finished [0;1;39mCreate SUID/SGID Wrappers[0m.
[K[[0;32m  OK  [0m] Reached target [0;1;39mSystem Initialization[0m.
[[0;32m  OK  [0m] Started [0;1;39mDiscard unused filesystem blocks once a week[0m.
[[0;32m  OK  [0m] Started [0;1;39mDaily Cleanup of Temporary Directories[0m.
[[0;32m  OK  [0m] Started [0;1;39mzpool-trim.timer[0m.
[[0;32m  OK  [0m] Reached target [0;1;39mTimer Units[0m.
[[0;32m  OK  [0m] Listening on [0;1;39mD-Bus System Message Bus Socket[0m.
[[0;32m  OK  [0m] Listening on [0;1;39mNix Daemon Socket[0m.
[[0;32m  OK  [0m] Listening on [0;1;39mOpenSSH Server Socketâ€¦temd-ssh-generator, AF_UNIX Local)[0m.
[[0;32m  OK  [0m] Listening on [0;1;39mOpenSSH Server Socket (systemd-ssh-generator, AF_VSOCK)[0m.
[[0;32m  OK  [0m] Listening on [0;1;39mHostname Service Socket[0m.
[[0;32m  OK  [0m] Reached target [0;1;39mSocket Units[0m.
[[0;32m  OK  [0m] Reached target [0;1;39mBasic System[0m.
         Starting [0;1;39mKernel Auditing[0m...
         Starting [0;1;39mName Service Cache Daemon (nsncd)[0m...
         Starting [0;1;39mPre-NixOS setup[0m...
[[0;32m  OK  [0m] Started [0;1;39mReset console on configuration changes[0m.
         Starting [0;1;39mZFS file system shares[0m...
[[0;32m  OK  [0m] Started [0;1;39mZFS Event Daemon (zed)[0m.
         Starting [0;1;39mD-Bus System Message Bus[0m...
[   [0;31m*[0;1;31m*[0m[0;31m*[0m] (4 of 6) A start job is running forâ€¦System Message Bus (2s / 1min 30s)
M[K[[0;32m  OK  [0m] Finished [0;1;39mZFS file system shares[0m.
[K[[0;32m  OK  [0m] Reached target [0;1;39mZFS startup target[0m.
[[0;32m  OK  [0m] Finished [0;1;39mKernel Auditing[0m.
[[0;32m  OK  [0m] Started [0;1;39mName Service Cache Daemon (nsncd)[0m.
[[0;32m  OK  [0m] Reached target [0;1;39mHost and Network Name Lookups[0m.
[[0;32m  OK  [0m] Reached target [0;1;39mUser and Group Name Lookups[0m.
         Starting [0;1;39mUser Login Management[0m...
[[0;32m  OK  [0m] Started [0;1;39mD-Bus System Message Bus[0m.
[  [0;31m*[0;1;31m*[0m[0;31m* [0m] (1 of 3) A start job is running for Pre-NixOS setup (52s / no limit)
M[K[[0;32m  OK  [0m] Started [0;1;39mUser Login Management[0m.
[K[ [0;31m*[0;1;31m*[0m[0;31m*  [0m] (2 of 2) A start job is running for Firewall (54s / no limit)
M[K[[0;32m  OK  [0m] Finished [0;1;39mFirewall[0m.
[K[[0;32m  OK  [0m] Reached target [0;1;39mPreparation for Network[0m.
         Starting [0;1;39mNetwork Configuration[0m...
[[0;31m*[0;1;31m*[0m[0;31m*   [0m] (1 of 2) A start job is running for Pre-NixOS setup (57s / no limit)
M[K[[0;1;31m*[0m[0;31m*    [0m] (1 of 2) A start job is running for Pre-NixOS setup (57s / no limit)
M[K         Starting [0;1;39mVirtual Console Setup[0m...
[K[[0m[0;31m*     [0m] (2 of 3) A start job is running forâ€¦ork Configuration (59s / 2min 25s)
M[K[[0;1;31m*[0m[0;31m*    [0m] (2 of 2) A start job is running forâ€¦rk Configuration (1min / 2min 25s)
M[K[[0;32m  OK  [0m] Stopped [0;1;39mVirtual Console Setup[0m.
[K         Starting [0;1;39mVirtual Console Setup[0m...
[[0;32m  OK  [0m] Listening on [0;1;39mLoad/Save RF Kill Switch Status /dev/rfkill Watch[0m.
[[0;32m  OK  [0m] Stopped [0;1;39mVirtual Console Setup[0m.
         Starting [0;1;39mVirtual Console Setup[0m...
[[0;32m  OK  [0m] Started [0;1;39mNetwork Configuration[0m.
pre-nixos boot image version 0.7.11
[[0;32m  OK  [0m] Reached target [0;1;39mNetwork[0m.
pre-nixos boot image version 0.7.11
         Starting [0;1;39mEnable Persistent Storage in systemd-networkd[0m...
         Starting [0;1;39mPermit User Sessions[0m...
[[0;31m*[0;1;31m*[0m[0;31m*   [0m] (2 of 4) A start job is running forâ€¦User Sessions (1min 4s / no limit)
M[K[[0;32m  OK  [0m] Finished [0;1;39mPermit User Sessions[0m.
[K[[0;32m  OK  [0m] Started [0;1;39mGetty on tty1[0m.
[[0;32m  OK  [0m] Started [0;1;39mSerial Getty on ttyS0[0m.
[[0;32m  OK  [0m] Reached target [0;1;39mLogin Prompts[0m.
[[0;32m  OK  [0m] Finished [0;1;39mEnable Persistent Storage in systemd-networkd[0m.
[[0;32m  OK  [0m] Finished [0;1;39mVirtual Console Setup[0m.
[!p]104[?7h[6n[32766;32766H[6n[!p]104[?7h[6n[32766;32766H[6n
<<< Welcome to the pre-nixos auto-install boot image (25.05.20251022.c8aa8cc, x86_64) - ttyS0 >>>
Automatic installation is disabled; run pre-nixos to configure networking and start installation.
(PRE_NIXOS_AUTO_INSTALL=)
The "nixos" and "root" accounts have empty passwords for console logins.

SSH access:
  - Use the matching private key for the embedded root SSH key to log in as root.
  - Add additional public keys to /root/.ssh/authorized_keys if needed.


Networking starts automatically; verify connectivity with ip addr or networkctl.

Run "nixos-help" for the NixOS manual.
nixos login: nixos (automatic login)

export PS1='PRE-NIXOS> '; printf '__PROMPT_READY__1766706242317__\n'
export PS1='PRE-NIXOS> '; printf '__PROMPT_READY__1766706242317__\n'
LAN IPv4 address: 10.0.2.15
LAN IPv4 address: 10.0.2.15
pre-nixos boot image version 0.7.11
LAN IPv4 address: 10.0.2.15
[?2004h
[1;32m[]0;nixos@nixos: ~nixos@nixos:~]$[0m export PS1='PRE-NIXOS> '; printf '__PROMPT_READY__1766706242317__\
n'
[?2004l__PROMPT_READY__1766706242317__
[?2004hPRE-NIXOS> printf '__UID_MARK__1766706253349__%s__UID_MARK__1766706253349__\n' "$(id -u)"

[?2004l[?2004hPRE-NIXOS> export PS1='PRE-NIXOS> '; printf '__PROMPT_READY__1766706253453__\n'
printf '__UID_MARK__1766706253349__%s__UID_MARK__1766706253349__\n' "$(id -u)"
[?2004lexport PS1='PRE-NIXOS> '; printf '__PROMPT_READY__1766706253453__\n'
__UID_MARK__1766706253349__1000__UID_MARK__1766706253349__
[?2004hPRE-NIXOS> 
export PS1='PRE-NIXOS> '; printf '__PROMPT_READY__1766706253453__\n'
[?2004l__PROMPT_READY__1766706253453__
[?2004hPRE-NIXOS> printf '__UID_MARK__1766706253349__%s__UID_MARK__1766706253349__\n' "$(id -u)"
sudo -i

[?2004l[?2004hPRE-NIXOS> printf '__UID_MARK__1766706253349__%s__UID_MARK__1766706253349__\n' "$(id -u)"
[?2004lsudo -i
__UID_MARK__1766706253349__1000__UID_MARK__1766706253349__
[?2004hPRE-NIXOS> sudo -i
[?2004lpre-nixos boot image version 0.7.11
LAN IPv4 address: 10.0.2.15
[?2004h
[1;31m[]0;root@nixos: ~root@nixos:~]#[0m export PS1='PRE-NIXOS> '; printf '__PROMPT_READY__1766706255764__\n'
export PS1='PRE-NIXOS> '; printf '__PROMPT_READY__1766706255764__\n'
[?2004l__PROMPT_READY__1766706255764__
[?2004hPRE-NIXOS> 

[?2004l[?2004hPRE-NIXOS> printf '__UID_MARK__1766706255836__%s__UID_MARK__1766706255836__\n' "$(id -u)"
printf '__UID_MARK__1766706255836__%s__UID_MARK__1766706255836__\n' "$(id -u)"
[?2004l__UID_MARK__1766706255836__0__UID_MARK__1766706255836__
[?2004hPRE-NIXOS> :
:
[?2004l[?2004hPRE-NIXOS> command -v disko >/dev/null 2>&1 && echo OK || echo MISSING
command -v disko >/dev/null 2>&1 && echo OK || echo MISSING
[?2004lOK
[?2004hPRE-NIXOS> command -v findmnt >/dev/null 2>&1 && echo OK || echo MISSING
command -v findmnt >/dev/null 2>&1 && echo OK || echo MISSING
[?2004lOK
[?2004hPRE-NIXOS> command -v lsblk >/dev/null 2>&1 && echo OK || echo MISSING
command -v lsblk >/dev/null 2>&1 && echo OK || echo MISSING
[?2004lOK
[?2004hPRE-NIXOS> command -v wipefs >/dev/null 2>&1 && echo OK || echo MISSING
command -v wipefs >/dev/null 2>&1 && echo OK || echo MISSING
[?2004lOK
[?2004hPRE-NIXOS> cat /run/pre-nixos/storage-status 2>/dev/null || true
cat /run/pre-nixos/storage-status 2>/dev/null || true
[?2004l[?2004hPRE-NIXOS> cat /run/pre-nixos/storage-status 2>/dev/null || true
cat /run/pre-nixos/storage-status 2>/dev/null || true
[?2004l[?2004hPRE-NIXOS> cat /run/pre-nixos/storage-status 2>/dev/null || true
cat /run/pre-nixos/storage-status 2>/dev/null || true
[?2004l[?2004hPRE-NIXOS> cat /run/pre-nixos/storage-status 2>/dev/null || true
cat /run/pre-nixos/storage-status 2>/dev/null || true
[?2004l[?2004hPRE-NIXOS> cat /run/pre-nixos/storage-status 2>/dev/null || true
cat /run/pre-nixos/storage-status 2>/dev/null || true
[?2004l[?2004hPRE-NIXOS> cat /run/pre-nixos/storage-status 2>/dev/null || true
cat /run/pre-nixos/storage-status 2>/dev/null || true
[?2004l[?2004hPRE-NIXOS> cat /run/pre-nixos/storage-status 2>/dev/null || true
cat /run/pre-nixos/storage-status 2>/dev/null || true
[?2004l[?2004hPRE-NIXOS> cat /run/pre-nixos/storage-status 2>/dev/null || true
cat /run/pre-nixos/storage-status 2>/dev/null || true
[?2004l[?2004hPRE-NIXOS> cat /run/pre-nixos/storage-status 2>/dev/null || true
cat /run/pre-nixos/storage-status 2>/dev/null || true
[?2004l[?2004hPRE-NIXOS> cat /run/pre-nixos/storage-status 2>/dev/null || true
cat /run/pre-nixos/storage-status 2>/dev/null || true
[?2004l[?2004hPRE-NIXOS> cat /run/pre-nixos/storage-status 2>/dev/null || true
cat /run/pre-nixos/storage-status 2>/dev/null || true
[?2004l[?2004hPRE-NIXOS> cat /run/pre-nixos/storage-status 2>/dev/null || true
cat /run/pre-nixos/storage-status 2>/dev/null || true
[?2004l[?2004hPRE-NIXOS> cat /run/pre-nixos/storage-status 2>/dev/null || true
cat /run/pre-nixos/storage-status 2>/dev/null || true
[?2004l[?2004hPRE-NIXOS> cat /run/pre-nixos/storage-status 2>/dev/null || true
cat /run/pre-nixos/storage-status 2>/dev/null || true
[?2004l[?2004hPRE-NIXOS> cat /run/pre-nixos/storage-status 2>/dev/null || true
cat /run/pre-nixos/storage-status 2>/dev/null || true
[?2004l[?2004hPRE-NIXOS> cat /run/pre-nixos/storage-status 2>/dev/null || true
cat /run/pre-nixos/storage-status 2>/dev/null || true
[?2004l[?2004hPRE-NIXOS> cat /run/pre-nixos/storage-status 2>/dev/null || true
cat /run/pre-nixos/storage-status 2>/dev/null || true
[?2004l[?2004hPRE-NIXOS> cat /run/pre-nixos/storage-status 2>/dev/null || true
cat /run/pre-nixos/storage-status 2>/dev/null || true
[?2004l[?2004hPRE-NIXOS> cat /run/pre-nixos/storage-status 2>/dev/null || true
cat /run/pre-nixos/storage-status 2>/dev/null || true
[?2004l[?2004hPRE-NIXOS> cat /run/pre-nixos/storage-status 2>/dev/null || true
LAN IPv4 address: 10.0.2.15
LAN IPv4 address: 10.0.2.15
cat /run/pre-nixos/storage-status 2>/dev/null || true
[?2004lLAN IPv4 address: 10.0.2.15
STATE=applied
DETAIL=auto-applied
AUTO_INSTALL=skipped
AUTO_INSTALL_REASON=disabled
[?2004hPRE-NIXOS> :
:
[?2004l[?2004hPRE-NIXOS> 

[?2004l[?2004hPRE-NIXOS> printf '__UID_MARK__1766706355000__%s__UID_MARK__1766706355000__\n' "$(id -u)"
printf '__UID_MARK__1766706355000__%s__UID_MARK__1766706355000__\n' "$(id -u)"
[?2004l__UID_MARK__1766706355000__0__UID_MARK__1766706355000__
[?2004hPRE-NIXOS> vgs --noheadings --separator '|' -o vg_name
vgs --noheadings --separator '|' -o vg_name
[?2004l  main
[?2004hPRE-NIXOS> 

[?2004l[?2004hPRE-NIXOS> printf '__UID_MARK__1766706355552__%s__UID_MARK__1766706355552__\n' "$(id -u)"
printf '__UID_MARK__1766706355552__%s__UID_MARK__1766706355552__\n' "$(id -u)"
[?2004l__UID_MARK__1766706355552__0__UID_MARK__1766706355552__
[?2004hPRE-NIXOS> lvs --noheadings --separator '|' -o lv_name,vg_name
lvs --noheadings --separator '|' -o lv_name,vg_name
[?2004l  slash|main
  swap|main
[?2004hPRE-NIXOS> ip -o -4 addr show dev lan 2>/dev/null || true
ip -o -4 addr show dev lan 2>/dev/null || true
[?2004l2: lan    inet [35m10.0.2.15[0m/24 metric 1024 brd [35m10.0.2.255 [0mscope global dynamic lan\       valid_lft 86295sec preferred_lft 86295sec
[?2004hPRE-NIXOS> :
:
[?2004l[?2004hPRE-NIXOS> :
:
[?2004l[?2004hPRE-NIXOS> systemctl is-active pre-nixos 2>/dev/null || true
systemctl is-active pre-nixos 2>/dev/null || true
[?2004linactive
[?2004hPRE-NIXOS> :
:
[?2004l[?2004hPRE-NIXOS> ip -o -4 addr show dev lan 2>/dev/null || true
ip -o -4 addr show dev lan 2>/dev/null || true
[?2004l2: lan    inet [35m10.0.2.15[0m/24 metric 1024 brd [35m10.0.2.255 [0mscope global dynamic lan\       valid_lft 86286sec preferred_lft 86286sec
[?2004hPRE-NIXOS> :
:
[?2004l[?2004hPRE-NIXOS> dmesg --color=never 2>&1 || dmesg 2>&1 || true
dmesg --color=never 2>&1 || dmesg 2>&1 || true
[?2004l[    0.000000] Linux version 6.12.54 (nixbld@localhost) (gcc (GCC) 14.3.0, GNU ld (GNU Binutils) 2.44) #1-NixOS SMP PREEMPT_DYNAMIC Sun Oct 19 14:34:07 UTC 2025
[    0.000000] Command line: BOOT_IMAGE=/boot//nix/store/cjrhr0f61a0c68r4vq0qxws3jadn48yj-linux-6.12.54/bzImage init=/nix/store/gv7y560n5qv5mjahv0dbh2wlp49qqxpz-nixos-system-nixos-25.05.20251022.c8aa8cc/init root=LABEL=nixos-minimal-25.05-x86_64 boot.shell_on_fail console=tty0 console=ttyS0,115200n8 nohibernate loglevel=4 lsm=landlock,yama,bpf  initrd=/boot//nix/store/y4jkdvcm47cc5kr7mijnbs4969x71frv-initrd-linux-6.12.54/initrd
[    0.000000] BIOS-provided physical RAM map:
[    0.000000] BIOS-e820: [mem 0x0000000000000000-0x000000000009fbff] usable
[    0.000000] BIOS-e820: [mem 0x000000000009fc00-0x000000000009ffff] reserved
[    0.000000] BIOS-e820: [mem 0x00000000000f0000-0x00000000000fffff] reserved
[    0.000000] BIOS-e820: [mem 0x0000000000100000-0x000000007ffdcfff] usable
[    0.000000] BIOS-e820: [mem 0x000000007ffdd000-0x000000007fffffff] reserved
[    0.000000] BIOS-e820: [mem 0x00000000fffc0000-0x00000000ffffffff] reserved
[    0.000000] BIOS-e820: [mem 0x000000fd00000000-0x000000ffffffffff] reserved
[    0.000000] NX (Execute Disable) protection: active
[    0.000000] APIC: Static calls initialized
[    0.000000] SMBIOS 3.0.0 present.
[    0.000000] DMI: QEMU Ubuntu 24.04 PC (i440FX + PIIX, 1996), BIOS 1.16.3-debian-1.16.3-2 04/01/2014
[    0.000000] DMI: Memory slots populated: 1/1
[    0.000000] tsc: Fast TSC calibration using PIT
[    0.000000] tsc: Detected 2793.505 MHz processor
[    0.019705] e820: update [mem 0x00000000-0x00000fff] usable ==> reserved
[    0.020073] e820: remove [mem 0x000a0000-0x000fffff] usable
[    0.020440] last_pfn = 0x7ffdd max_arch_pfn = 0x400000000
[    0.021864] MTRR map: 4 entries (3 fixed + 1 variable; max 19), built from 8 variable MTRRs
[    0.022189] x86/PAT: Configuration [0-7]: WB  WC  UC- UC  WB  WP  UC- WT  
[    0.054590] found SMP MP-table at [mem 0x000f5470-0x000f547f]
[    0.065834] RAMDISK: [mem 0x7e624000-0x7ffdcfff]
[    0.066822] ACPI: Early table checksum verification disabled
[    0.067700] ACPI: RSDP 0x00000000000F5290 000014 (v00 BOCHS )
[    0.068360] ACPI: RSDT 0x000000007FFE1CB9 000034 (v01 BOCHS  BXPC     00000001 BXPC 00000001)
[    0.069707] ACPI: FACP 0x000000007FFE1B65 000074 (v01 BOCHS  BXPC     00000001 BXPC 00000001)
[    0.070988] ACPI: DSDT 0x000000007FFE0040 001B25 (v01 BOCHS  BXPC     00000001 BXPC 00000001)
[    0.071156] ACPI: FACS 0x000000007FFE0000 000040
[    0.071255] ACPI: APIC 0x000000007FFE1BD9 000080 (v03 BOCHS  BXPC     00000001 BXPC 00000001)
[    0.071304] ACPI: HPET 0x000000007FFE1C59 000038 (v01 BOCHS  BXPC     00000001 BXPC 00000001)
[    0.071367] ACPI: WAET 0x000000007FFE1C91 000028 (v01 BOCHS  BXPC     00000001 BXPC 00000001)
[    0.071562] ACPI: Reserving FACP table memory at [mem 0x7ffe1b65-0x7ffe1bd8]
[    0.071624] ACPI: Reserving DSDT table memory at [mem 0x7ffe0040-0x7ffe1b64]
[    0.071640] ACPI: Reserving FACS table memory at [mem 0x7ffe0000-0x7ffe003f]
[    0.071651] ACPI: Reserving APIC table memory at [mem 0x7ffe1bd9-0x7ffe1c58]
[    0.071661] ACPI: Reserving HPET table memory at [mem 0x7ffe1c59-0x7ffe1c90]
[    0.071671] ACPI: Reserving WAET table memory at [mem 0x7ffe1c91-0x7ffe1cb8]
[    0.080631] No NUMA configuration found
[    0.080668] Faking a node at [mem 0x0000000000000000-0x000000007ffdcfff]
[    0.081952] NODE_DATA(0) allocated [mem 0x7e61e8c0-0x7e623dff]
[    0.086899] Zone ranges:
[    0.086944]   DMA      [mem 0x0000000000001000-0x0000000000ffffff]
[    0.087087]   DMA32    [mem 0x0000000001000000-0x000000007ffdcfff]
[    0.087108]   Normal   empty
[    0.087151]   Device   empty
[    0.087171] Movable zone start for each node
[    0.087215] Early memory node ranges
[    0.087288]   node   0: [mem 0x0000000000001000-0x000000000009efff]
[    0.087663]   node   0: [mem 0x0000000000100000-0x000000007ffdcfff]
[    0.087931] Initmem setup node 0 [mem 0x0000000000001000-0x000000007ffdcfff]
[    0.090118] On node 0, zone DMA: 1 pages in unavailable ranges
[    0.091599] On node 0, zone DMA: 97 pages in unavailable ranges
[    0.232642] On node 0, zone DMA32: 35 pages in unavailable ranges
[    0.234298] ACPI: PM-Timer IO Port: 0x608
[    0.235567] ACPI: LAPIC_NMI (acpi_id[0xff] dfl dfl lint[0x1])
[    0.236501] IOAPIC[0]: apic_id 0, version 32, address 0xfec00000, GSI 0-23
[    0.236807] ACPI: INT_SRC_OVR (bus 0 bus_irq 0 global_irq 2 dfl dfl)
[    0.237331] ACPI: INT_SRC_OVR (bus 0 bus_irq 5 global_irq 5 high level)
[    0.237454] ACPI: INT_SRC_OVR (bus 0 bus_irq 9 global_irq 9 high level)
[    0.237682] ACPI: INT_SRC_OVR (bus 0 bus_irq 10 global_irq 10 high level)
[    0.237703] ACPI: INT_SRC_OVR (bus 0 bus_irq 11 global_irq 11 high level)
[    0.238127] ACPI: Using ACPI (MADT) for SMP configuration information
[    0.238214] ACPI: HPET id: 0x8086a201 base: 0xfed00000
[    0.239144] CPU topo: Max. logical packages:   1
[    0.239175] CPU topo: Max. logical dies:       1
[    0.239192] CPU topo: Max. dies per package:   1
[    0.239268] CPU topo: Max. threads per core:   1
[    0.239694] CPU topo: Num. cores per package:     2
[    0.239727] CPU topo: Num. threads per package:   2
[    0.239762] CPU topo: Allowing 2 present CPUs plus 0 hotplug CPUs
[    0.241597] PM: hibernation: Registered nosave memory: [mem 0x00000000-0x00000fff]
[    0.241649] PM: hibernation: Registered nosave memory: [mem 0x0009f000-0x000fffff]
[    0.241880] [mem 0x80000000-0xfffbffff] available for PCI devices
[    0.241994] Booting paravirtualized kernel on bare hardware
[    0.243090] clocksource: refined-jiffies: mask: 0xffffffff max_cycles: 0xffffffff, max_idle_ns: 1910969940391419 ns
[    0.262237] setup_percpu: NR_CPUS:384 nr_cpumask_bits:2 nr_cpu_ids:2 nr_node_ids:1
[    0.275170] percpu: Embedded 116 pages/cpu s294912 r65536 d114688 u1048576
[    0.275992] pcpu-alloc: s294912 r65536 d114688 u1048576 alloc=1*2097152
[    0.276148] pcpu-alloc: [0] 0 1 
[    0.278111] Kernel command line: BOOT_IMAGE=/boot//nix/store/cjrhr0f61a0c68r4vq0qxws3jadn48yj-linux-6.12.54/bzImage init=/nix/store/gv7y560n5qv5mjahv0dbh2wlp49qqxpz-nixos-system-nixos-25.05.20251022.c8aa8cc/init root=LABEL=nixos-minimal-25.05-x86_64 boot.shell_on_fail console=tty0 console=ttyS0,115200n8 nohibernate loglevel=4 lsm=landlock,yama,bpf  initrd=/boot//nix/store/y4jkdvcm47cc5kr7mijnbs4969x71frv-initrd-linux-6.12.54/initrd
[    0.289408] Dentry cache hash table entries: 262144 (order: 9, 2097152 bytes, linear)
[    0.293935] Inode-cache hash table entries: 131072 (order: 8, 1048576 bytes, linear)
[    0.299954] Fallback order for Node 0: 0 
[    0.300550] Built 1 zonelists, mobility grouping on.  Total pages: 524155
[    0.300588] Policy zone: DMA32
[    0.310070] mem auto-init: stack:all(zero), heap alloc:on, heap free:off
[    0.648635] SLUB: HWalign=64, Order=0-3, MinObjects=0, CPUs=2, Nodes=1
[    0.656127] allocated 4194304 bytes of page_ext
[    0.661326] ftrace: allocating 46196 entries in 181 pages
[    0.721835] ftrace: allocated 181 pages with 5 groups
[    0.743539] Dynamic Preempt: voluntary
[    0.752937] rcu: Preemptible hierarchical RCU implementation.
[    0.752961] rcu: 	RCU event tracing is enabled.
[    0.752996] rcu: 	RCU restricting CPUs from NR_CPUS=384 to nr_cpu_ids=2.
[    0.753258] 	Trampoline variant of Tasks RCU enabled.
[    0.753272] 	Rude variant of Tasks RCU enabled.
[    0.753283] 	Tracing variant of Tasks RCU enabled.
[    0.753481] rcu: RCU calculated value of scheduler-enlistment delay is 100 jiffies.
[    0.753532] rcu: Adjusting geometry for rcu_fanout_leaf=16, nr_cpu_ids=2
[    0.756068] RCU Tasks: Setting shift to 1 and lim to 1 rcu_task_cb_adjust=1 rcu_task_cpu_ids=2.
[    0.756130] RCU Tasks Rude: Setting shift to 1 and lim to 1 rcu_task_cb_adjust=1 rcu_task_cpu_ids=2.
[    0.756165] RCU Tasks Trace: Setting shift to 1 and lim to 1 rcu_task_cb_adjust=1 rcu_task_cpu_ids=2.
[    0.822871] NR_IRQS: 24832, nr_irqs: 440, preallocated irqs: 16
[    0.844218] rcu: srcu_init: Setting srcu_struct sizes based on contention.
[    0.852326] kfence: initialized - using 2097152 bytes for 255 objects at 0x(____ptrval____)-0x(____ptrval____)
[    0.862849] Console: colour VGA+ 80x25
[    0.863772] printk: legacy console [tty0] enabled
[    0.868450] printk: legacy console [ttyS0] enabled
[    0.873593] ACPI: Core revision 20240827
[    0.887557] clocksource: hpet: mask: 0xffffffff max_cycles: 0xffffffff, max_idle_ns: 19112604467 ns
[    0.898819] APIC: Switch to symmetric I/O mode setup
[    0.908087] ..TIMER: vector=0x30 apic1=0 pin1=2 apic2=-1 pin2=-1
[    0.914313] clocksource: tsc-early: mask: 0xffffffffffffffff max_cycles: 0x28444931496, max_idle_ns: 440795252646 ns
[    0.915494] Calibrating delay loop (skipped), value calculated using timer frequency.. 5587.01 BogoMIPS (lpj=2793505)
[    0.926585] Last level iTLB entries: 4KB 512, 2MB 255, 4MB 127
[    0.926751] Last level dTLB entries: 4KB 512, 2MB 255, 4MB 127, 1GB 0
[    0.927443] Spectre V1 : Mitigation: usercopy/swapgs barriers and __user pointer sanitization
[    0.927920] Spectre V2 : Mitigation: Retpolines
[    0.927972] Spectre V2 : Spectre v2 / SpectreRSB: Filling RSB on context switch and VMEXIT
[    0.932617] x86/fpu: x87 FPU will use FXSAVE
[    1.198435] Freeing SMP alternatives memory: 40K
[    1.200594] pid_max: default: 32768 minimum: 301
[    1.220049] LSM: initializing lsm=capability,landlock,yama,bpf
[    1.227949] landlock: Up and running.
[    1.228015] Yama: becoming mindful.
[    1.230961] LSM support for eBPF active
[    1.239751] Mount-cache hash table entries: 4096 (order: 3, 32768 bytes, linear)
[    1.240064] Mountpoint-cache hash table entries: 4096 (order: 3, 32768 bytes, linear)
[    1.411707] smpboot: CPU0: AMD QEMU Virtual CPU version 2.5+ (family: 0xf, model: 0x6b, stepping: 0x1)
[    1.445824] Performance Events: PMU not available due to virtualization, using software events only.
[    1.449243] signal: max sigframe size: 1440
[    1.452774] rcu: Hierarchical SRCU implementation.
[    1.452839] rcu: 	Max phase no-delay instances is 400.
[    1.457441] Timer migration: 1 hierarchy levels; 8 children per group; 1 crossnode level
[    1.473622] NMI watchdog: Perf NMI watchdog permanently disabled
[    1.477743] smp: Bringing up secondary CPUs ...
[    1.490413] smpboot: x86: Booting SMP configuration:
[    1.490527] .... node  #0, CPUs:      #1
[    1.574515] smp: Brought up 1 node, 2 CPUs
[    1.575003] smpboot: Total of 2 processors activated (11174.08 BogoMIPS)
[    1.590983] Memory: 1974920K/2096620K available (16384K kernel code, 2645K rwdata, 13032K rodata, 3424K init, 3344K bss, 111268K reserved, 0K cma-reserved)
[    1.616853] devtmpfs: initialized
[    1.625540] x86/mm: Memory block size: 128MB
[    1.649163] clocksource: jiffies: mask: 0xffffffff max_cycles: 0xffffffff, max_idle_ns: 1911260446275000 ns
[    1.649944] futex hash table entries: 512 (order: 3, 32768 bytes, linear)
[    1.660074] pinctrl core: initialized pinctrl subsystem
[    1.677243] PM: RTC time: 23:41:57, date: 2025-12-25
[    1.702137] NET: Registered PF_NETLINK/PF_ROUTE protocol family
[    1.710752] DMA: preallocated 256 KiB GFP_KERNEL pool for atomic allocations
[    1.712096] DMA: preallocated 256 KiB GFP_KERNEL|GFP_DMA pool for atomic allocations
[    1.712842] DMA: preallocated 256 KiB GFP_KERNEL|GFP_DMA32 pool for atomic allocations
[    1.713479] audit: initializing netlink subsys (disabled)
[    1.717508] audit: type=2000 audit(1766706117.819:1): state=initialized audit_enabled=0 res=1
[    1.726912] thermal_sys: Registered thermal governor 'bang_bang'
[    1.726998] thermal_sys: Registered thermal governor 'step_wise'
[    1.727023] thermal_sys: Registered thermal governor 'user_space'
[    1.728129] cpuidle: using governor menu
[    1.732115] acpiphp: ACPI Hot Plug PCI Controller Driver version: 0.5
[    1.739944] PCI: Using configuration type 1 for base access
[    1.742034] mtrr: your CPUs had inconsistent fixed MTRR settings
[    1.742083] mtrr: your CPUs had inconsistent variable MTRR settings
[    1.742120] mtrr: your CPUs had inconsistent MTRRdefType settings
[    1.742136] mtrr: probably your BIOS does not setup all CPUs.
[    1.742153] mtrr: corrected configuration.
[    1.746542] kprobes: kprobe jump-optimization is enabled. All kprobes are optimized if possible.
[    1.776977] HugeTLB: registered 2.00 MiB page size, pre-allocated 0 pages
[    1.777052] HugeTLB: 28 KiB vmemmap can be freed for a 2.00 MiB page
[    1.888604] ACPI: Added _OSI(Module Device)
[    1.888896] ACPI: Added _OSI(Processor Device)
[    1.888922] ACPI: Added _OSI(Processor Aggregator Device)
[    1.930407] ACPI: 1 ACPI AML tables successfully acquired and loaded
[    1.970470] ACPI: Interpreter enabled
[    1.973038] ACPI: PM: (supports S0 S3 S4 S5)
[    1.973152] ACPI: Using IOAPIC for interrupt routing
[    1.974350] PCI: Using host bridge windows from ACPI; if necessary, use "pci=nocrs" and report a bug
[    1.974437] PCI: Using E820 reservations for host bridge windows
[    1.977787] ACPI: Enabled 2 GPEs in block 00 to 0F
[    2.057293] ACPI: PCI Root Bridge [PCI0] (domain 0000 [bus 00-ff])
[    2.058958] acpi PNP0A03:00: _OSC: OS supports [ASPM ClockPM Segments MSI HPX-Type3]
[    2.059347] acpi PNP0A03:00: _OSC: not requesting OS control; OS requires [ExtendedConfig ASPM ClockPM MSI]
[    2.060929] acpi PNP0A03:00: fail to add MMCONFIG information, can't access extended configuration space under this bridge
[    2.073481] acpiphp: Slot [3] registered
[    2.073910] acpiphp: Slot [4] registered
[    2.074126] acpiphp: Slot [5] registered
[    2.074330] acpiphp: Slot [6] registered
[    2.074518] acpiphp: Slot [7] registered
[    2.074665] acpiphp: Slot [8] registered
[    2.074940] acpiphp: Slot [9] registered
[    2.075187] acpiphp: Slot [10] registered
[    2.075354] acpiphp: Slot [11] registered
[    2.075500] acpiphp: Slot [12] registered
[    2.075742] acpiphp: Slot [13] registered
[    2.075966] acpiphp: Slot [14] registered
[    2.076117] acpiphp: Slot [15] registered
[    2.076298] acpiphp: Slot [16] registered
[    2.076492] acpiphp: Slot [17] registered
[    2.076647] acpiphp: Slot [18] registered
[    2.076863] acpiphp: Slot [19] registered
[    2.077014] acpiphp: Slot [20] registered
[    2.077298] acpiphp: Slot [21] registered
[    2.077478] acpiphp: Slot [22] registered
[    2.077624] acpiphp: Slot [23] registered
[    2.077836] acpiphp: Slot [24] registered
[    2.078031] acpiphp: Slot [25] registered
[    2.078186] acpiphp: Slot [26] registered
[    2.078330] acpiphp: Slot [27] registered
[    2.078549] acpiphp: Slot [28] registered
[    2.078768] acpiphp: Slot [29] registered
[    2.078990] acpiphp: Slot [30] registered
[    2.079196] acpiphp: Slot [31] registered
[    2.079924] PCI host bridge to bus 0000:00
[    2.080518] pci_bus 0000:00: root bus resource [io  0x0000-0x0cf7 window]
[    2.080770] pci_bus 0000:00: root bus resource [io  0x0d00-0xffff window]
[    2.080795] pci_bus 0000:00: root bus resource [mem 0x000a0000-0x000bffff window]
[    2.080890] pci_bus 0000:00: root bus resource [mem 0x80000000-0xfebfffff window]
[    2.080909] pci_bus 0000:00: root bus resource [mem 0x100000000-0x17fffffff window]
[    2.081228] pci_bus 0000:00: root bus resource [bus 00-ff]
[    2.084127] pci 0000:00:00.0: [8086:1237] type 00 class 0x060000 conventional PCI endpoint
[    2.092843] pci 0000:00:01.0: [8086:7000] type 00 class 0x060100 conventional PCI endpoint
[    2.094094] pci 0000:00:01.1: [8086:7010] type 00 class 0x010180 conventional PCI endpoint
[    2.104072] pci 0000:00:01.1: BAR 4 [io  0xc0c0-0xc0cf]
[    2.107954] pci 0000:00:01.1: BAR 0 [io  0x01f0-0x01f7]: legacy IDE quirk
[    2.108036] pci 0000:00:01.1: BAR 1 [io  0x03f6]: legacy IDE quirk
[    2.108132] pci 0000:00:01.1: BAR 2 [io  0x0170-0x0177]: legacy IDE quirk
[    2.108170] pci 0000:00:01.1: BAR 3 [io  0x0376]: legacy IDE quirk
[    2.109610] pci 0000:00:01.3: [8086:7113] type 00 class 0x068000 conventional PCI endpoint
[    2.110505] pci 0000:00:01.3: quirk: [io  0x0600-0x063f] claimed by PIIX4 ACPI
[    2.110616] pci 0000:00:01.3: quirk: [io  0x0700-0x070f] claimed by PIIX4 SMB
[    2.111822] pci 0000:00:02.0: [1234:1111] type 00 class 0x030000 conventional PCI endpoint
[    2.112753] pci 0000:00:02.0: BAR 0 [mem 0xfd000000-0xfdffffff pref]
[    2.118759] pci 0000:00:02.0: BAR 2 [mem 0xfeb90000-0xfeb90fff]
[    2.126296] pci 0000:00:02.0: ROM [mem 0xfeb80000-0xfeb8ffff pref]
[    2.127118] pci 0000:00:02.0: Video device with shadowed ROM at [mem 0x000c0000-0x000dffff]
[    2.128873] pci 0000:00:03.0: [1af4:1005] type 00 class 0x00ff00 conventional PCI endpoint
[    2.129707] pci 0000:00:03.0: BAR 0 [io  0xc080-0xc09f]
[    2.131762] pci 0000:00:03.0: BAR 1 [mem 0xfeb91000-0xfeb91fff]
[    2.136707] pci 0000:00:03.0: BAR 4 [mem 0xfe000000-0xfe003fff 64bit pref]
[    2.154260] pci 0000:00:04.0: [1af4:1000] type 00 class 0x020000 conventional PCI endpoint
[    2.155459] pci 0000:00:04.0: BAR 0 [io  0xc0a0-0xc0bf]
[    2.156707] pci 0000:00:04.0: BAR 1 [mem 0xfeb92000-0xfeb92fff]
[    2.161737] pci 0000:00:04.0: BAR 4 [mem 0xfe004000-0xfe007fff 64bit pref]
[    2.163439] pci 0000:00:04.0: ROM [mem 0xfeb00000-0xfeb7ffff pref]
[    2.174847] pci 0000:00:05.0: [1af4:1001] type 00 class 0x010000 conventional PCI endpoint
[    2.175752] pci 0000:00:05.0: BAR 0 [io  0xc000-0xc07f]
[    2.176760] pci 0000:00:05.0: BAR 1 [mem 0xfeb93000-0xfeb93fff]
[    2.182758] pci 0000:00:05.0: BAR 4 [mem 0xfe008000-0xfe00bfff 64bit pref]
[    2.202117] ACPI: PCI: Interrupt link LNKA configured for IRQ 10
[    2.203657] ACPI: PCI: Interrupt link LNKB configured for IRQ 10
[    2.204762] ACPI: PCI: Interrupt link LNKC configured for IRQ 11
[    2.205794] ACPI: PCI: Interrupt link LNKD configured for IRQ 11
[    2.206314] ACPI: PCI: Interrupt link LNKS configured for IRQ 9
[    2.214833] iommu: Default domain type: Translated
[    2.214904] iommu: DMA domain TLB invalidation policy: lazy mode
[    2.216135] ACPI: bus type USB registered
[    2.217333] usbcore: registered new interface driver usbfs
[    2.218075] usbcore: registered new interface driver hub
[    2.218440] usbcore: registered new device driver usb
[    2.240823] NetLabel: Initializing
[    2.240875] NetLabel:  domain hash size = 128
[    2.240900] NetLabel:  protocols = UNLABELED CIPSOv4 CALIPSO
[    2.242563] NetLabel:  unlabeled traffic allowed by default
[    2.242765] PCI: Using ACPI for IRQ routing
[    2.243039] PCI: pci_cache_line_size set to 64 bytes
[    2.243978] e820: reserve RAM buffer [mem 0x0009fc00-0x0009ffff]
[    2.244326] e820: reserve RAM buffer [mem 0x7ffdd000-0x7fffffff]
[    2.259058] pci 0000:00:02.0: vgaarb: setting as boot VGA device
[    2.259217] pci 0000:00:02.0: vgaarb: bridge control possible
[    2.259358] pci 0000:00:02.0: vgaarb: VGA device added: decodes=io+mem,owns=io+mem,locks=none
[    2.259465] vgaarb: loaded
[    2.262077] hpet: 3 channels of 0 reserved for per-cpu timers
[    2.262631] hpet0: at MMIO 0xfed00000, IRQs 2, 8, 0
[    2.262912] hpet0: 3 comparators, 64-bit 100.000000 MHz counter
[    2.269707] clocksource: Switched to clocksource tsc-early
[    2.288033] VFS: Disk quotas dquot_6.6.0
[    2.288794] VFS: Dquot-cache hash table entries: 512 (order 0, 4096 bytes)
[    2.294630] pnp: PnP ACPI init
[    2.300568] pnp 00:02: [dma 2]
[    2.305622] pnp: PnP ACPI: found 6 devices
[    2.380377] clocksource: acpi_pm: mask: 0xffffff max_cycles: 0xffffff, max_idle_ns: 2085701024 ns
[    2.383188] NET: Registered PF_INET protocol family
[    2.385594] IP idents hash table entries: 32768 (order: 6, 262144 bytes, linear)
[    2.480726] tcp_listen_portaddr_hash hash table entries: 1024 (order: 2, 16384 bytes, linear)
[    2.481019] Table-perturb hash table entries: 65536 (order: 6, 262144 bytes, linear)
[    2.481371] TCP established hash table entries: 16384 (order: 5, 131072 bytes, linear)
[    2.482166] TCP bind hash table entries: 16384 (order: 7, 524288 bytes, linear)
[    2.482715] TCP: Hash tables configured (established 16384 bind 16384)
[    2.486178] MPTCP token hash table entries: 2048 (order: 3, 49152 bytes, linear)
[    2.487091] UDP hash table entries: 1024 (order: 3, 32768 bytes, linear)
[    2.487621] UDP-Lite hash table entries: 1024 (order: 3, 32768 bytes, linear)
[    2.491038] NET: Registered PF_UNIX/PF_LOCAL protocol family
[    2.491969] NET: Registered PF_XDP protocol family
[    2.493644] pci_bus 0000:00: resource 4 [io  0x0000-0x0cf7 window]
[    2.493702] pci_bus 0000:00: resource 5 [io  0x0d00-0xffff window]
[    2.493723] pci_bus 0000:00: resource 6 [mem 0x000a0000-0x000bffff window]
[    2.493742] pci_bus 0000:00: resource 7 [mem 0x80000000-0xfebfffff window]
[    2.493759] pci_bus 0000:00: resource 8 [mem 0x100000000-0x17fffffff window]
[    2.494945] pci 0000:00:01.0: PIIX3: Enabling Passive Release
[    2.495114] pci 0000:00:00.0: Limiting direct PCI/PCI transfers
[    2.495398] PCI: CLS 0 bytes, default 64
[    2.506608] Trying to unpack rootfs image as initramfs...
[    2.600934] Initialise system trusted keyrings
[    2.606907] workingset: timestamp_bits=40 max_order=19 bucket_order=0
[    2.735209] Key type asymmetric registered
[    2.735529] Asymmetric key parser 'x509' registered
[    2.736313] Block layer SCSI generic (bsg) driver version 0.4 loaded (major 251)
[    2.738524] io scheduler mq-deadline registered
[    2.738651] io scheduler kyber registered
[    2.756048] Serial: 8250/16550 driver, 4 ports, IRQ sharing enabled
[    2.764755] 00:04: ttyS0 at I/O 0x3f8 (irq = 4, base_baud = 115200) is a 16550A
[    2.781804] Linux agpgart interface v0.103
[    2.782587] ACPI: bus type drm_connector registered
[    2.795793] usbcore: registered new interface driver usbserial_generic
[    2.796386] usbserial: USB Serial support registered for generic
[    2.796695] amd_pstate: the _CPC object is not present in SBIOS or ACPI disabled
[    2.799524] drop_monitor: Initializing network drop monitor service
[    2.802835] NET: Registered PF_INET6 protocol family
[    3.553588] tsc: Refined TSC clocksource calibration: 2793.495 MHz
[    3.554515] clocksource: tsc: mask: 0xffffffffffffffff max_cycles: 0x28443fb12e0, max_idle_ns: 440795315052 ns
[    3.554966] clocksource: Switched to clocksource tsc
[    4.466018] Freeing initrd memory: 26340K
[    4.489689] Segment Routing with IPv6
[    4.490456] In-situ OAM (IOAM) with IPv6
[    4.498673] IPI shorthand broadcast: enabled
[    4.529748] sched_clock: Marking stable (4478106164, 51170058)->(4612902912, -83626690)
[    4.535935] registered taskstats version 1
[    4.541034] Loading compiled-in X.509 certificates
[    4.610164] Demotion targets for Node 0: null
[    4.613514] Key type .fscrypt registered
[    4.613574] Key type fscrypt-provisioning registered
[    4.623468] PM:   Magic number: 5:491:707
[    4.632010] RAS: Correctable Errors collector initialized.
[    4.663130] clk: Disabling unused clocks
[    4.663626] PM: genpd: Disabling unused power domains
[    4.692583] Freeing unused decrypted memory: 2028K
[    4.812468] Freeing unused kernel image (initmem) memory: 3424K
[    4.812958] Write protecting the kernel read-only data: 30720k
[    4.817153] Freeing unused kernel image (rodata/data gap) memory: 1304K
[    5.097356] x86/mm: Checked W+X mappings: passed, no W+X pages found.
[    5.098361] Run /init as init process
[    5.098604]   with arguments:
[    5.098667]     /init
[    5.098766]   with environment:
[    5.098792]     HOME=/
[    5.098815]     TERM=linux
[    7.063015] stage-1-init: [Thu Dec 25 23:42:03 UTC 2025] loading module loop...
[    7.177398] loop: module loaded
[    7.311016] stage-1-init: [Thu Dec 25 23:42:03 UTC 2025] loading module overlay...
[    7.607132] stage-1-init: [Thu Dec 25 23:42:03 UTC 2025] loading module vfat...
[    7.826142] stage-1-init: [Thu Dec 25 23:42:03 UTC 2025] loading module nls_cp437...
[    7.989214] stage-1-init: [Thu Dec 25 23:42:04 UTC 2025] loading module nls_iso8859-1...
[    8.156960] stage-1-init: [Thu Dec 25 23:42:04 UTC 2025] loading module dm_mod...
[    8.304321] device-mapper: ioctl: 4.48.0-ioctl (2023-03-01) initialised: dm-devel@lists.linux.dev
[    8.421590] stage-1-init: [Thu Dec 25 23:42:04 UTC 2025] running udev...
[    9.407767] stage-1-init: [Thu Dec 25 23:42:05 UTC 2025] Starting systemd-udevd version 257.9
[   10.412082] i8042: PNP: PS/2 Controller [PNP0303:KBD,PNP0f13:MOU] at 0x60,0x64 irq 1,12
[   10.438944] serio: i8042 KBD port at 0x60,0x64 irq 1
[   10.439677] serio: i8042 AUX port at 0x60,0x64 irq 12
[   10.833043] SCSI subsystem initialized
[   11.189506] libata version 3.00 loaded.
[   11.204930] ata_piix 0000:00:01.1: version 2.13
[   11.223764] input: AT Translated Set 2 keyboard as /devices/platform/i8042/serio0/input/input0
[   11.462834] ACPI: \_SB_.LNKC: Enabled at IRQ 11
[   11.483742] scsi host0: ata_piix
[   11.496448] scsi host1: ata_piix
[   11.497645] ata1: PATA max MWDMA2 cmd 0x1f0 ctl 0x3f6 bmdma 0xc0c0 irq 14 lpm-pol 0
[   11.497725] ata2: PATA max MWDMA2 cmd 0x170 ctl 0x376 bmdma 0xc0c8 irq 15 lpm-pol 0
[   11.662428] ata2: found unknown device (class 0)
[   11.670176] ata2.00: ATAPI: QEMU DVD-ROM, 2.5+, max UDMA/100
[   11.700420] scsi 1:0:0:0: CD-ROM            QEMU     QEMU DVD-ROM     2.5+ PQ: 0 ANSI: 5
[   11.802391] sr 1:0:0:0: [sr0] scsi3-mmc drive: 4x/4x cd/rw xa/form2 tray
[   11.802903] cdrom: Uniform CD-ROM driver Revision: 3.20
[   11.827950] sr 1:0:0:0: Attached scsi CD-ROM sr0
[   11.872459] ACPI: \_SB_.LNKD: Enabled at IRQ 10
[   12.280607] ACPI: \_SB_.LNKA: Enabled at IRQ 10
[   12.330521] virtio_blk virtio2: 2/0/0 default/read/poll queues
[   12.384577] virtio_blk virtio2: [vda] 8388608 512-byte logical blocks (4.29 GB/4.00 GiB)
[   12.574045] virtio_net virtio1 ens4: renamed from eth0
[   12.915820] stage-1-init: [Thu Dec 25 23:42:09 UTC 2025] kbd_mode: KDSKBMODE: Inappropriate ioctl for device
[   12.993847] stage-1-init: [Thu Dec 25 23:42:09 UTC 2025] starting device mapper and LVM...
[   13.454434] random: crng init done
[   14.072806] stage-1-init: [Thu Dec 25 23:42:10 UTC 2025] mounting tmpfs on /...
[   14.735012] stage-1-init: [Thu Dec 25 23:42:10 UTC 2025] mounting /dev/root on /iso...
[   14.978648] /dev/root: Can't open blockdev
[   15.004836] ISO 9660 Extensions: Microsoft Joliet Level 3
[   15.010362] ISO 9660 Extensions: RRIP_1991A
[   15.461137] stage-1-init: [Thu Dec 25 23:42:11 UTC 2025] mounting /mnt-root/iso/nix-store.squashfs on /nix/.ro-store...
[   15.519019] loop0: detected capacity change from 0 to 2706168
[   15.663026] squashfs: version 4.0 (2009/01/31) Phillip Lougher
[   16.194805] stage-1-init: [Thu Dec 25 23:42:12 UTC 2025] mounting tmpfs on /nix/.rw-store...
[   17.036710] stage-1-init: [Thu Dec 25 23:42:13 UTC 2025] mounting overlay on /nix/store...
[   23.143179] booting system configuration /nix/store/gv7y560n5qv5mjahv0dbh2wlp49qqxpz-nixos-system-nixos-25.05.20251022.c8aa8cc
[   24.143025] stage-2-init: running activation script...
[   29.845833] stage-2-init: setting up /etc...
[   39.183901] stage-2-init: unpacking the NixOS/Nixpkgs sources...
[   40.933929] stage-2-init: ln: failed to create symbolic link '/root/.nix-defexpr/channels/channels': Read-only file system
[   42.069098] systemd[1]: Inserted module 'autofs4'
[   42.541652] systemd[1]: systemd 257.9 running in system mode (+PAM +AUDIT -SELINUX +APPARMOR +IMA +IPE +SMACK +SECCOMP +GCRYPT -GNUTLS +OPENSSL +ACL +BLKID +CURL +ELFUTILS +FIDO2 +IDN2 -IDN +IPTC +KMOD +LIBCRYPTSETUP +LIBCRYPTSETUP_PLUGINS +LIBFDISK +PCRE2 +PWQUALITY +P11KIT +QRENCODE +TPM2 +BZIP2 +LZ4 +XZ +ZLIB +ZSTD +BPF_FRAMEWORK -BTF -XKBCOMMON +UTMP -SYSVINIT +LIBARCHIVE)
[   42.541972] systemd[1]: Detected virtualization qemu.
[   42.542649] systemd[1]: Detected architecture x86-64.
[   42.543420] systemd[1]: Detected first boot.
[   42.621120] systemd[1]: Hostname set to <nixos>.
[   42.625091] systemd[1]: Initializing machine ID from random generator.
[   44.210937] systemd[1]: bpf-restrict-fs: LSM BPF program attached
[   45.927225] Guest personality initialized and is inactive
[   45.929045] VMCI host device registered (name=vmci, major=10, minor=123)
[   45.929121] Initialized host personality
[   45.971512] NET: Registered PF_VSOCK protocol family
[   49.333758] systemd[1]: Populated /etc with preset unit settings.
[   53.300155] systemd[1]: Queued start job for default target Multi-User System.
[   53.518220] systemd[1]: Unnecessary job was removed for /dev/loop0.
[   53.520088] systemd[1]: Unnecessary job was removed for QEMU_DVD-ROM nixos-minimal-25.05-x86_64.
[   53.569767] systemd[1]: Created slice Slice /system/getty.
[   53.591437] systemd[1]: Created slice Slice /system/modprobe.
[   53.605560] systemd[1]: Created slice Slice /system/serial-getty.
[   53.619370] systemd[1]: Created slice User and Session Slice.
[   53.625926] systemd[1]: Started Dispatch Password Requests to Console Directory Watch.
[   53.628814] systemd[1]: Started Forward Password Requests to Wall Directory Watch.
[   53.632342] systemd[1]: Expecting device /dev/ttyS0...
[   53.634097] systemd[1]: Reached target Local Encrypted Volumes.
[   53.635963] systemd[1]: Reached target Containers.
[   53.637380] systemd[1]: Reached target Path Units.
[   53.638830] systemd[1]: Reached target Remote File Systems.
[   53.640509] systemd[1]: Reached target Slice Units.
[   53.641911] systemd[1]: Reached target Swaps.
[   53.643484] systemd[1]: Reached target ZFS pool import target.
[   53.700711] systemd[1]: Listening on Process Core Dump Socket.
[   53.739570] systemd[1]: Listening on Credential Encryption/Decryption.
[   53.749637] systemd[1]: Listening on Journal Audit Socket.
[   53.754850] systemd[1]: Listening on Journal Socket (/dev/log).
[   53.758418] systemd[1]: Listening on Journal Sockets.
[   53.762451] systemd[1]: Listening on Network Service Netlink Socket.
[   53.766815] systemd[1]: Listening on Userspace Out-Of-Memory (OOM) Killer Socket.
[   53.770057] systemd[1]: Make TPM PCR Policy was skipped because of an unmet condition check (ConditionSecurity=measured-uki).
[   53.772748] systemd[1]: Listening on udev Control Socket.
[   53.775540] systemd[1]: Listening on udev Kernel Socket.
[   53.848962] systemd[1]: Mounting Huge Pages File System...
[   53.872716] systemd[1]: Mounting POSIX Message Queue File System...
[   53.895926] systemd[1]: Mounting Kernel Debug File System...
[   53.948856] systemd[1]: Mounting Kernel Trace File System...
[   54.053032] systemd[1]: Starting Create List of Static Device Nodes...
[   54.138704] systemd[1]: Starting Load Kernel Module configfs...
[   54.216719] systemd[1]: Starting Load Kernel Module drm...
[   54.321146] systemd[1]: Starting Load Kernel Module efi_pstore...
[   54.440546] systemd[1]: Starting Load Kernel Module fuse...
[   54.534833] systemd[1]: Starting mount-pstore.service...
[   54.544623] systemd[1]: Clear Stale Hibernate Storage Info was skipped because of an unmet condition check (ConditionPathExists=/sys/firmware/efi/efivars/HibernateLocation-8cf2644b-4b0b-428f-9387-6d876050dc67).
[   54.714038] systemd[1]: Starting Journal Service...
[   54.827654] systemd[1]: Starting Load Kernel Modules...
[   54.915634] systemd[1]: Starting Userspace Out-Of-Memory (OOM) Killer...
[   54.979181] systemd[1]: Starting Remount Root and Kernel File Systems...
[   54.981728] systemd[1]: Early TPM SRK Setup was skipped because of an unmet condition check (ConditionSecurity=measured-uki).
[   55.069688] systemd[1]: Starting Coldplug All udev Devices...
[   55.181382] systemd[1]: Mounted Huge Pages File System.
[   55.190843] systemd[1]: Mounted POSIX Message Queue File System.
[   55.197758] systemd[1]: Mounted Kernel Debug File System.
[   55.205041] systemd[1]: Mounted Kernel Trace File System.
[   56.125116] systemd[1]: Finished Create List of Static Device Nodes.
[   56.164797] systemd[1]: Starting Create Static Device Nodes in /dev gracefully...
[   57.646098] systemd[1]: Finished Remount Root and Kernel File Systems.
[   57.703597] systemd[1]: Starting Load/Save OS Random Seed...
[   57.763835] systemd[1]: Starting Network Time Synchronization...
[   57.767903] systemd[1]: TPM SRK Setup was skipped because of an unmet condition check (ConditionSecurity=measured-uki).
[   58.234213] spl: loading out-of-tree module taints kernel.
[   58.854814] systemd-journald[401]: Collecting audit messages is enabled.
[   59.772113] systemd[1]: Finished Load/Save OS Random Seed.
[   59.785113] systemd[1]: Reached target First Boot Complete.
[   60.505962] systemd[1]: Finished Create Static Device Nodes in /dev gracefully.
[   60.562232] systemd[1]: Starting Create Static Device Nodes in /dev...
[   61.518844] systemd[1]: modprobe@drm.service: Deactivated successfully.
[   61.527044] systemd[1]: Finished Load Kernel Module drm.
[   61.681009] systemd[1]: modprobe@configfs.service: Deactivated successfully.
[   61.689971] systemd[1]: Finished Load Kernel Module configfs.
[   61.694830] systemd[1]: modprobe@configfs.service: Consumed 435ms CPU time, 2.2M memory peak, 1.5M read from disk.
[   61.731748] systemd[1]: Mounting Kernel Configuration File System...
[   62.016858] systemd[1]: Started Journal Service.
[   62.583831] fuse: init (API version 7.41)
[   64.378676] systemd-journald[401]: Received client request to flush runtime journal.
[   65.076376] zfs: module license 'CDDL' taints kernel.
[   65.076524] Disabling lock debugging due to kernel taint
[   65.076747] zfs: module license taints kernel.
[   75.279864] ZFS: Loaded module v2.3.4-1, ZFS pool version 5000, ZFS filesystem version 5
[   85.193826] hrtimer: interrupt took 284736346 ns
[   99.063621] input: Power Button as /devices/LNXSYSTM:00/LNXPWRBN:00/input/input2
[   99.236990] ACPI: button: Power Button [PWRF]
[  101.158839] piix4_smbus 0000:00:01.3: SMBus Host Controller at 0x700, revision 0
[  101.649338] i2c i2c-0: Memory type 0x07 not supported yet, not instantiating SPD
[  102.892947] rtc_cmos 00:05: RTC can wake from S4
[  103.308547] rtc_cmos 00:05: registered as rtc0
[  103.346145] rtc_cmos 00:05: setting system clock to 2025-12-25T23:43:39 UTC (1766706219)
[  103.434497] rtc_cmos 00:05: alarms up to one day, y3k, 242 bytes nvram, hpet irqs
[  103.791952] bochs-drm 0000:00:02.0: vgaarb: deactivate vga console
[  103.952227] Console: switching to colour dummy device 80x25
[  104.070903] parport_pc 00:03: reported by Plug and Play ACPI
[  104.081408] parport0: PC-style at 0x378, irq 7 [PCSPP(,...)]
[  104.178447] [drm] Found bochs VGA, ID 0xb0c5.
[  104.178542] [drm] Framebuffer size 16384 kB @ 0xfd000000, mmio @ 0xfeb90000.
[  104.213065] Floppy drive(s): fd0 is 2.88M AMI BIOS
[  104.258088] FDC 0 is a S82078B
[  104.291088] input: ImExPS/2 Generic Explorer Mouse as /devices/platform/i8042/serio1/input/input3
[  104.381650] [drm] Found EDID data blob.
[  104.480694] [drm] Initialized bochs-drm 1.0.0 for 0000:00:02.0 on minor 0
[  104.631802] fbcon: bochs-drmdrmfb (fb0) is primary device
[  104.952895] Console: switching to colour frame buffer device 160x50
[  105.253573] bochs-drm 0000:00:02.0: [drm] fb0: bochs-drmdrmfb frame buffer device
[  113.579150] mousedev: PS/2 mouse device common for all mice
[  113.585797] ppdev: user-space parallel port driver
[  114.511764] cfg80211: Loading compiled-in X.509 certificates for regulatory database
[  114.808997] Loaded X.509 cert 'sforshee: 00b28ddf47aef9cea7'
[  114.812735] Loaded X.509 cert 'wens: 61c038651aabdcf94bd0ac7ff06c7248db18c600'
[  115.798616] kvm_amd: Nested Virtualization enabled
[  115.798935] kvm_amd: Nested Paging disabled
[  115.809988] kvm_amd: PMU virtualization is disabled
[  117.217203] powernow_k8: Power state transitions not supported
[  117.219787] powernow_k8: Power state transitions not supported
[  117.918843] EDAC MC: Ver: 3.0.0
[  127.899935] virtio_net virtio1 lan: renamed from ens4
[  133.128330] NET: Registered PF_PACKET protocol family
[  214.568098]  vda:
[  215.567526]  vda:
[  216.742353]  vda: vda1
[  217.064999]  vda: vda1
[  220.067126]  vda: vda1 vda2
[  221.081562]  vda: vda1 vda2
[  232.838872] EXT4-fs (dm-0): mounted filesystem 7775d785-e544-4f1a-a0e4-a30c61ffeb60 r/w with ordered data mode. Quota mode: none.
[  233.538900] Adding 4092k swap on /dev/mapper/main-swap.  Priority:-2 extents:1 across:4092k 
[?2004hPRE-NIXOS> journalctl --no-pager -u pre-nixos.service -b || true
journalctl --no-pager -u pre-nixos.service -b || true
[?2004lDec 25 23:43:35 nixos systemd[1]: Starting Pre-NixOS setup...
Dec 25 23:43:39 nixos pre-nixos-start[690]: pre-nixos boot image version 0.7.11
Dec 25 23:44:20 nixos pre-nixos-start[910]: disko version 1.12.0-dirty
Dec 25 23:45:15 nixos pre-nixos-start[915]: warning: error: unable to download 'https://cache.nixos.org/nix-cache-info': Could not connect to server (7) Failed to connect to cache.nixos.org port 443 after 1110 ms: Could not connect to server; retrying in 274 ms
Dec 25 23:45:15 nixos pre-nixos-start[915]: warning: error: unable to download 'https://cache.nixos.org/nix-cache-info': Could not connect to server (7) Failed to connect to cache.nixos.org port 443 after 5 ms: Could not connect to server; retrying in 538 ms
Dec 25 23:45:16 nixos pre-nixos-start[915]: warning: error: unable to download 'https://cache.nixos.org/nix-cache-info': Could not connect to server (7) Failed to connect to cache.nixos.org port 443 after 5 ms: Could not connect to server; retrying in 1393 ms
Dec 25 23:45:17 nixos pre-nixos-start[915]: warning: error: unable to download 'https://cache.nixos.org/nix-cache-info': Could not connect to server (7) Failed to connect to cache.nixos.org port 443 after 7 ms: Could not connect to server; retrying in 2661 ms
Dec 25 23:45:20 nixos pre-nixos-start[915]: warning: unable to download 'https://cache.nixos.org/nix-cache-info': Could not connect to server (7) Failed to connect to cache.nixos.org port 443 after 6 ms: Could not connect to server
Dec 25 23:45:20 nixos pre-nixos-start[915]: these 3 derivations will be built:
Dec 25 23:45:20 nixos pre-nixos-start[915]:   /nix/store/j84k3mh068chl60l0hn9y90q2k9xhj89-die-hook.drv
Dec 25 23:45:20 nixos pre-nixos-start[915]:   /nix/store/p12dh2wg9hpdrcm1n78srjhs7brfazjj-make-binary-wrapper-hook.drv
Dec 25 23:45:20 nixos pre-nixos-start[915]:   /nix/store/spmwgcp5pz6nv1dr6pk8wk10n1q46cfg-disko-destroy-format-mount.drv
Dec 25 23:45:22 nixos pre-nixos-start[915]: building '/nix/store/j84k3mh068chl60l0hn9y90q2k9xhj89-die-hook.drv'...
Dec 25 23:45:23 nixos pre-nixos-start[915]: building '/nix/store/p12dh2wg9hpdrcm1n78srjhs7brfazjj-make-binary-wrapper-hook.drv'...
Dec 25 23:45:25 nixos pre-nixos-start[915]: building '/nix/store/spmwgcp5pz6nv1dr6pk8wk10n1q46cfg-disko-destroy-format-mount.drv'...
Dec 25 23:45:27 nixos pre-nixos-start[1002]: umount: /mnt: not mounted
Dec 25 23:45:27 nixos pre-nixos-start[1004]: ++ realpath /dev/vda
Dec 25 23:45:27 nixos pre-nixos-start[1003]: + disk=/dev/vda
Dec 25 23:45:27 nixos pre-nixos-start[1003]: + lsblk -a -f
Dec 25 23:45:28 nixos pre-nixos-start[1005]: NAME  FSTYPE   FSVER            LABEL                      UUID                                 FSAVAIL FSUSE% MOUNTPOINTS
Dec 25 23:45:28 nixos pre-nixos-start[1005]: fd0
Dec 25 23:45:28 nixos pre-nixos-start[1005]: loop0 squashfs 4.0                                                                                    0   100% /nix/.ro-store
Dec 25 23:45:28 nixos pre-nixos-start[1005]: loop1
Dec 25 23:45:28 nixos pre-nixos-start[1005]: loop2
Dec 25 23:45:28 nixos pre-nixos-start[1005]: loop3
Dec 25 23:45:28 nixos pre-nixos-start[1005]: loop4
Dec 25 23:45:28 nixos pre-nixos-start[1005]: loop5
Dec 25 23:45:28 nixos pre-nixos-start[1005]: loop6
Dec 25 23:45:28 nixos pre-nixos-start[1005]: loop7
Dec 25 23:45:28 nixos pre-nixos-start[1005]: sr0   iso9660  Joliet Extension nixos-minimal-25.05-x86_64 1980-01-01-00-00-00-00                     0   100% /iso
Dec 25 23:45:28 nixos pre-nixos-start[1005]: vda
Dec 25 23:45:28 nixos pre-nixos-start[1007]: + lsblk --output-all --json
Dec 25 23:45:28 nixos pre-nixos-start[1009]: + bash -x
Dec 25 23:45:28 nixos pre-nixos-start[1010]: ++ dirname /nix/store/01kl43q8l71ql3brwkq318yzxwlbfi1d-disk-deactivate/disk-deactivate
Dec 25 23:45:28 nixos pre-nixos-start[1008]: + jq -r -f /nix/store/01kl43q8l71ql3brwkq318yzxwlbfi1d-disk-deactivate/zfs-swap-deactivate.jq
Dec 25 23:45:28 nixos pre-nixos-start[1011]: + lsblk --output-all --json
Dec 25 23:45:28 nixos pre-nixos-start[1013]: + bash -x
Dec 25 23:45:28 nixos pre-nixos-start[1014]: ++ dirname /nix/store/01kl43q8l71ql3brwkq318yzxwlbfi1d-disk-deactivate/disk-deactivate
Dec 25 23:45:28 nixos pre-nixos-start[1012]: + jq -r --arg disk_to_clear /dev/vda -f /nix/store/01kl43q8l71ql3brwkq318yzxwlbfi1d-disk-deactivate/disk-deactivate.jq
Dec 25 23:45:28 nixos pre-nixos-start[1013]: + set -fu
Dec 25 23:45:28 nixos pre-nixos-start[1015]: ++ type zdb
Dec 25 23:45:29 nixos pre-nixos-start[1016]: ++ zdb -l /dev/vda
Dec 25 23:45:29 nixos pre-nixos-start[1017]: ++ sed -nr 's/ +name: '\''(.*)'\''/\1/p'
Dec 25 23:45:29 nixos pre-nixos-start[1013]: + zpool=
Dec 25 23:45:29 nixos pre-nixos-start[1013]: + [[ -n '' ]]
Dec 25 23:45:29 nixos pre-nixos-start[1013]: + unset zpool
Dec 25 23:45:29 nixos pre-nixos-start[1118]: ++ lsblk /dev/vda -l -p -o type,name
Dec 25 23:45:29 nixos pre-nixos-start[1119]: ++ awk 'match($1,"raid.*") {print $2}'
Dec 25 23:45:29 nixos pre-nixos-start[1013]: + md_dev=
Dec 25 23:45:29 nixos pre-nixos-start[1013]: + [[ -n '' ]]
Dec 25 23:45:29 nixos pre-nixos-start[1013]: + wipefs --all -f /dev/vda
Dec 25 23:45:29 nixos pre-nixos-start[1013]: + dd if=/dev/zero of=/dev/vda bs=440 count=1
Dec 25 23:45:29 nixos pre-nixos-start[1121]: 1+0 records in
Dec 25 23:45:29 nixos pre-nixos-start[1121]: 1+0 records out
Dec 25 23:45:29 nixos pre-nixos-start[1121]: 440 bytes copied, 0.00589148 s, 74.7 kB/s
Dec 25 23:45:30 nixos pre-nixos-start[1003]: + lsblk -a -f
Dec 25 23:45:30 nixos pre-nixos-start[1124]: NAME  FSTYPE   FSVER            LABEL                      UUID                                 FSAVAIL FSUSE% MOUNTPOINTS
Dec 25 23:45:30 nixos pre-nixos-start[1124]: fd0
Dec 25 23:45:30 nixos pre-nixos-start[1124]: loop0 squashfs 4.0                                                                                    0   100% /nix/.ro-store
Dec 25 23:45:30 nixos pre-nixos-start[1124]: loop1
Dec 25 23:45:30 nixos pre-nixos-start[1124]: loop2
Dec 25 23:45:30 nixos pre-nixos-start[1124]: loop3
Dec 25 23:45:30 nixos pre-nixos-start[1124]: loop4
Dec 25 23:45:30 nixos pre-nixos-start[1124]: loop5
Dec 25 23:45:30 nixos pre-nixos-start[1124]: loop6
Dec 25 23:45:30 nixos pre-nixos-start[1124]: loop7
Dec 25 23:45:30 nixos pre-nixos-start[1124]: sr0   iso9660  Joliet Extension nixos-minimal-25.05-x86_64 1980-01-01-00-00-00-00                     0   100% /iso
Dec 25 23:45:30 nixos pre-nixos-start[1124]: vda
Dec 25 23:45:30 nixos pre-nixos-start[1125]: ++ mktemp -d
Dec 25 23:45:30 nixos pre-nixos-start[910]: + disko_devices_dir=/tmp/tmp.rFJJUywhhn
Dec 25 23:45:30 nixos pre-nixos-start[910]: + trap 'rm -rf "$disko_devices_dir"' EXIT
Dec 25 23:45:30 nixos pre-nixos-start[910]: + mkdir -p /tmp/tmp.rFJJUywhhn
Dec 25 23:45:30 nixos pre-nixos-start[1127]: + destroy=1
Dec 25 23:45:30 nixos pre-nixos-start[1127]: + device=/dev/vda
Dec 25 23:45:30 nixos pre-nixos-start[1127]: + imageName=vda
Dec 25 23:45:30 nixos pre-nixos-start[1127]: + imageSize=2G
Dec 25 23:45:30 nixos pre-nixos-start[1127]: + name=vda
Dec 25 23:45:30 nixos pre-nixos-start[1127]: + type=disk
Dec 25 23:45:30 nixos pre-nixos-start[1128]: + device=/dev/vda
Dec 25 23:45:30 nixos pre-nixos-start[1128]: + efiGptPartitionFirst=1
Dec 25 23:45:30 nixos pre-nixos-start[1128]: + type=gpt
Dec 25 23:45:30 nixos pre-nixos-start[1128]: + blkid /dev/vda
Dec 25 23:45:30 nixos pre-nixos-start[1128]: + sgdisk --clear /dev/vda
Dec 25 23:45:31 nixos pre-nixos-start[1130]: Creating new GPT entries in memory.
Dec 25 23:45:31 nixos pre-nixos-start[1130]: The operation has completed successfully.
Dec 25 23:45:31 nixos pre-nixos-start[1128]: + sgdisk --align-end --new=1:0:+1G --partition-guid=1:R --change-name=1:disk-vda-vda1 --typecode=1:EF00 --attributes=1:=:0 /dev/vda
Dec 25 23:45:32 nixos pre-nixos-start[1133]: The operation has completed successfully.
Dec 25 23:45:32 nixos pre-nixos-start[1128]: + partprobe /dev/vda
Dec 25 23:45:33 nixos pre-nixos-start[1128]: + udevadm trigger --subsystem-match=block
Dec 25 23:45:33 nixos pre-nixos-start[1128]: + udevadm settle --timeout 120
Dec 25 23:45:36 nixos pre-nixos-start[1128]: + sgdisk --align-end --new=2:0:-0 --partition-guid=2:R --change-name=2:disk-vda-vda2 --typecode=2:8300 --attributes=2:=:0 /dev/vda
Dec 25 23:45:37 nixos pre-nixos-start[1168]: The operation has completed successfully.
Dec 25 23:45:37 nixos pre-nixos-start[1128]: + partprobe /dev/vda
Dec 25 23:45:37 nixos pre-nixos-start[1128]: + udevadm trigger --subsystem-match=block
Dec 25 23:45:37 nixos pre-nixos-start[1128]: + udevadm settle --timeout 120
Dec 25 23:45:40 nixos pre-nixos-start[1198]: + device=/dev/disk/by-partlabel/disk-vda-vda1
Dec 25 23:45:40 nixos pre-nixos-start[1198]: + extraArgs=('-n' 'EFI')
Dec 25 23:45:40 nixos pre-nixos-start[1198]: + declare -a extraArgs
Dec 25 23:45:40 nixos pre-nixos-start[1198]: + format=vfat
Dec 25 23:45:40 nixos pre-nixos-start[1198]: + mountOptions=('umask=0077')
Dec 25 23:45:40 nixos pre-nixos-start[1198]: + declare -a mountOptions
Dec 25 23:45:40 nixos pre-nixos-start[1198]: + mountpoint=/boot
Dec 25 23:45:40 nixos pre-nixos-start[1198]: + type=filesystem
Dec 25 23:45:40 nixos pre-nixos-start[1200]: + blkid /dev/disk/by-partlabel/disk-vda-vda1
Dec 25 23:45:40 nixos pre-nixos-start[1201]: + grep -q TYPE=
Dec 25 23:45:40 nixos pre-nixos-start[1198]: + mkfs.vfat -n EFI /dev/disk/by-partlabel/disk-vda-vda1
Dec 25 23:45:41 nixos pre-nixos-start[1202]: mkfs.fat 4.2 (2021-01-31)
Dec 25 23:45:41 nixos pre-nixos-start[1203]: + device=/dev/disk/by-partlabel/disk-vda-vda2
Dec 25 23:45:41 nixos pre-nixos-start[1203]: + type=lvm_pv
Dec 25 23:45:41 nixos pre-nixos-start[1203]: + vg=main
Dec 25 23:45:41 nixos pre-nixos-start[1206]: + grep -q TYPE=
Dec 25 23:45:41 nixos pre-nixos-start[1205]: + blkid /dev/disk/by-partlabel/disk-vda-vda2
Dec 25 23:45:41 nixos pre-nixos-start[1203]: + pvcreate /dev/disk/by-partlabel/disk-vda-vda2
Dec 25 23:45:41 nixos pre-nixos-start[1208]:   Physical volume "/dev/disk/by-partlabel/disk-vda-vda2" successfully created.
Dec 25 23:45:41 nixos pre-nixos-start[1203]: + echo /dev/disk/by-partlabel/disk-vda-vda2
Dec 25 23:45:41 nixos pre-nixos-start[1209]: + name=main
Dec 25 23:45:41 nixos pre-nixos-start[1209]: + type=lvm_vg
Dec 25 23:45:41 nixos pre-nixos-start[1209]: + modprobe dm-snapshot
Dec 25 23:45:42 nixos pre-nixos-start[1209]: + readarray -t lvm_devices
Dec 25 23:45:42 nixos pre-nixos-start[1213]: ++ cat /tmp/tmp.rFJJUywhhn/lvm_main
Dec 25 23:45:42 nixos pre-nixos-start[1209]: + vgdisplay main
Dec 25 23:45:42 nixos pre-nixos-start[1214]:   Volume group "main" not found
Dec 25 23:45:42 nixos pre-nixos-start[1214]:   Cannot process volume group main
Dec 25 23:45:42 nixos pre-nixos-start[1209]: + vgcreate main /dev/disk/by-partlabel/disk-vda-vda2
Dec 25 23:45:42 nixos pre-nixos-start[1215]:   Volume group "main" successfully created
Dec 25 23:45:42 nixos pre-nixos-start[1209]: + lvdisplay main/slash
Dec 25 23:45:43 nixos pre-nixos-start[1216]:   Failed to find logical volume "main/slash"
Dec 25 23:45:43 nixos pre-nixos-start[1209]: + lvcreate --yes -L 3064M -n slash main
Dec 25 23:45:44 nixos pre-nixos-start[1220]:   Logical volume "slash" created.
Dec 25 23:45:44 nixos pre-nixos-start[1209]: + lvdisplay main/swap
Dec 25 23:45:44 nixos pre-nixos-start[1228]:   Failed to find logical volume "main/swap"
Dec 25 23:45:45 nixos pre-nixos-start[1209]: + lvcreate --yes -L 4M -n swap main
Dec 25 23:45:46 nixos pre-nixos-start[1231]:   Logical volume "swap" created.
Dec 25 23:45:46 nixos pre-nixos-start[1238]: + device=/dev/main/slash
Dec 25 23:45:46 nixos pre-nixos-start[1238]: + extraArgs=('-L' 'slash')
Dec 25 23:45:46 nixos pre-nixos-start[1238]: + declare -a extraArgs
Dec 25 23:45:46 nixos pre-nixos-start[1238]: + format=ext4
Dec 25 23:45:46 nixos pre-nixos-start[1238]: + mountOptions=('relatime')
Dec 25 23:45:46 nixos pre-nixos-start[1238]: + declare -a mountOptions
Dec 25 23:45:46 nixos pre-nixos-start[1238]: + mountpoint=/
Dec 25 23:45:46 nixos pre-nixos-start[1238]: + type=filesystem
Dec 25 23:45:46 nixos pre-nixos-start[1240]: + blkid /dev/main/slash
Dec 25 23:45:46 nixos pre-nixos-start[1241]: + grep -q TYPE=
Dec 25 23:45:46 nixos pre-nixos-start[1238]: + mkfs.ext4 -L slash /dev/main/slash
Dec 25 23:45:46 nixos pre-nixos-start[1245]: mke2fs 1.47.2 (1-Jan-2025)
Dec 25 23:45:46 nixos pre-nixos-start[1245]: [82B blob data]
Dec 25 23:45:46 nixos pre-nixos-start[1245]: Creating filesystem with 784384 4k blocks and 196224 inodes
Dec 25 23:45:46 nixos pre-nixos-start[1245]: Filesystem UUID: 7775d785-e544-4f1a-a0e4-a30c61ffeb60
Dec 25 23:45:46 nixos pre-nixos-start[1245]: Superblock backups stored on blocks:
Dec 25 23:45:46 nixos pre-nixos-start[1245]:         32768, 98304, 163840, 229376, 294912
Dec 25 23:45:46 nixos pre-nixos-start[1245]: [49B blob data]
Dec 25 23:45:46 nixos pre-nixos-start[1245]: [46B blob data]
Dec 25 23:45:46 nixos pre-nixos-start[1245]: Creating journal (16384 blocks): done
Dec 25 23:45:47 nixos pre-nixos-start[1245]: [83B blob data]
Dec 25 23:45:47 nixos pre-nixos-start[1247]: + device=/dev/main/swap
Dec 25 23:45:47 nixos pre-nixos-start[1247]: + discardPolicy=
Dec 25 23:45:47 nixos pre-nixos-start[1247]: + extraArgs=('--label' 'swap')
Dec 25 23:45:47 nixos pre-nixos-start[1247]: + declare -a extraArgs
Dec 25 23:45:47 nixos pre-nixos-start[1247]: + mountOptions=('defaults')
Dec 25 23:45:47 nixos pre-nixos-start[1247]: + declare -a mountOptions
Dec 25 23:45:47 nixos pre-nixos-start[1247]: + priority=
Dec 25 23:45:47 nixos pre-nixos-start[1247]: + randomEncryption=
Dec 25 23:45:47 nixos pre-nixos-start[1247]: + resumeDevice=
Dec 25 23:45:47 nixos pre-nixos-start[1247]: + type=swap
Dec 25 23:45:47 nixos pre-nixos-start[1248]: + blkid /dev/main/swap -o export
Dec 25 23:45:47 nixos pre-nixos-start[1249]: + grep -q '^TYPE='
Dec 25 23:45:47 nixos pre-nixos-start[1247]: + mkswap --label swap /dev/main/swap
Dec 25 23:45:47 nixos pre-nixos-start[1251]: Setting up swapspace version 1, size = 4 MiB (4190208 bytes)
Dec 25 23:45:47 nixos pre-nixos-start[1251]: LABEL=swap, UUID=a0baefeb-75dc-4fa2-81b0-d2678a8d836e
Dec 25 23:45:47 nixos pre-nixos-start[910]: + set -efux
Dec 25 23:45:47 nixos pre-nixos-start[1253]: + destroy=1
Dec 25 23:45:47 nixos pre-nixos-start[1253]: + device=/dev/vda
Dec 25 23:45:47 nixos pre-nixos-start[1253]: + imageName=vda
Dec 25 23:45:47 nixos pre-nixos-start[1253]: + imageSize=2G
Dec 25 23:45:47 nixos pre-nixos-start[1253]: + name=vda
Dec 25 23:45:47 nixos pre-nixos-start[1253]: + type=disk
Dec 25 23:45:47 nixos pre-nixos-start[1254]: + device=/dev/vda
Dec 25 23:45:47 nixos pre-nixos-start[1254]: + efiGptPartitionFirst=1
Dec 25 23:45:47 nixos pre-nixos-start[1254]: + type=gpt
Dec 25 23:45:47 nixos pre-nixos-start[1255]: + name=main
Dec 25 23:45:47 nixos pre-nixos-start[1255]: + type=lvm_vg
Dec 25 23:45:47 nixos pre-nixos-start[1255]: + vgchange -a y
Dec 25 23:45:47 nixos pre-nixos-start[1255]:   2 logical volume(s) in volume group "main" now active
Dec 25 23:45:47 nixos pre-nixos-start[1257]: + name=main
Dec 25 23:45:47 nixos pre-nixos-start[1257]: + type=lvm_vg
Dec 25 23:45:47 nixos pre-nixos-start[1258]: + device=/dev/main/slash
Dec 25 23:45:47 nixos pre-nixos-start[1258]: + extraArgs=('-L' 'slash')
Dec 25 23:45:47 nixos pre-nixos-start[1258]: + declare -a extraArgs
Dec 25 23:45:47 nixos pre-nixos-start[1258]: + format=ext4
Dec 25 23:45:47 nixos pre-nixos-start[1258]: + mountOptions=('relatime')
Dec 25 23:45:47 nixos pre-nixos-start[1258]: + declare -a mountOptions
Dec 25 23:45:47 nixos pre-nixos-start[1258]: + mountpoint=/
Dec 25 23:45:47 nixos pre-nixos-start[1258]: + type=filesystem
Dec 25 23:45:47 nixos pre-nixos-start[1258]: + findmnt /dev/main/slash /mnt/
Dec 25 23:45:47 nixos pre-nixos-start[1258]: + mount /dev/main/slash /mnt/ -t ext4 -o relatime -o X-mount.mkdir
Dec 25 23:45:49 nixos pre-nixos-start[1266]: + destroy=1
Dec 25 23:45:49 nixos pre-nixos-start[1266]: + device=/dev/vda
Dec 25 23:45:49 nixos pre-nixos-start[1266]: + imageName=vda
Dec 25 23:45:49 nixos pre-nixos-start[1266]: + imageSize=2G
Dec 25 23:45:49 nixos pre-nixos-start[1266]: + name=vda
Dec 25 23:45:49 nixos pre-nixos-start[1266]: + type=disk
Dec 25 23:45:49 nixos pre-nixos-start[1267]: + device=/dev/vda
Dec 25 23:45:49 nixos pre-nixos-start[1267]: + efiGptPartitionFirst=1
Dec 25 23:45:49 nixos pre-nixos-start[1267]: + type=gpt
Dec 25 23:45:49 nixos pre-nixos-start[1268]: + device=/dev/disk/by-partlabel/disk-vda-vda1
Dec 25 23:45:49 nixos pre-nixos-start[1268]: + extraArgs=('-n' 'EFI')
Dec 25 23:45:49 nixos pre-nixos-start[1268]: + declare -a extraArgs
Dec 25 23:45:49 nixos pre-nixos-start[1268]: + format=vfat
Dec 25 23:45:49 nixos pre-nixos-start[1268]: + mountOptions=('umask=0077')
Dec 25 23:45:49 nixos pre-nixos-start[1268]: + declare -a mountOptions
Dec 25 23:45:49 nixos pre-nixos-start[1268]: + mountpoint=/boot
Dec 25 23:45:49 nixos pre-nixos-start[1268]: + type=filesystem
Dec 25 23:45:49 nixos pre-nixos-start[1268]: + findmnt /dev/disk/by-partlabel/disk-vda-vda1 /mnt/boot
Dec 25 23:45:49 nixos pre-nixos-start[1268]: + mount /dev/disk/by-partlabel/disk-vda-vda1 /mnt/boot -t vfat -o umask=0077 -o X-mount.mkdir
Dec 25 23:45:49 nixos pre-nixos-start[1271]: + name=main
Dec 25 23:45:49 nixos pre-nixos-start[1271]: + type=lvm_vg
Dec 25 23:45:49 nixos pre-nixos-start[1272]: + device=/dev/main/swap
Dec 25 23:45:49 nixos pre-nixos-start[1272]: + discardPolicy=
Dec 25 23:45:49 nixos pre-nixos-start[1272]: + extraArgs=('--label' 'swap')
Dec 25 23:45:49 nixos pre-nixos-start[1272]: + declare -a extraArgs
Dec 25 23:45:49 nixos pre-nixos-start[1272]: + mountOptions=('defaults')
Dec 25 23:45:49 nixos pre-nixos-start[1272]: + declare -a mountOptions
Dec 25 23:45:49 nixos pre-nixos-start[1272]: + priority=
Dec 25 23:45:49 nixos pre-nixos-start[1272]: + randomEncryption=
Dec 25 23:45:49 nixos pre-nixos-start[1272]: + resumeDevice=
Dec 25 23:45:49 nixos pre-nixos-start[1272]: + type=swap
Dec 25 23:45:49 nixos pre-nixos-start[1272]: + test '' '!=' 1
Dec 25 23:45:49 nixos pre-nixos-start[1273]: + swapon --show
Dec 25 23:45:49 nixos pre-nixos-start[1275]: ++ readlink -f /dev/main/swap
Dec 25 23:45:49 nixos pre-nixos-start[1274]: + grep -q '^/dev/dm-1 '
Dec 25 23:45:49 nixos pre-nixos-start[1272]: + swapon --options=defaults /dev/main/swap
Dec 25 23:45:49 nixos pre-nixos-start[910]: + rm -rf /tmp/tmp.rFJJUywhhn
Dec 25 23:45:49 nixos pre-nixos-start[810]: LAN IPv4 address: 10.0.2.15
Dec 25 23:45:50 nixos pre-nixos-start[1284]: LAN IPv4 address: 10.0.2.15
Dec 25 23:45:53 nixos systemd[1]: pre-nixos.service: Deactivated successfully.
Dec 25 23:45:54 nixos systemd[1]: Finished Pre-NixOS setup.
Dec 25 23:45:54 nixos systemd[1]: [0;1;39m[0;1;31m[0;1;39mpre-nixos.service: Consumed 1min 25.696s CPU time, 410.7M memory peak, 237.6M read from disk, 135.6M written to disk, 188B incoming IP traffic, 924B outgoing IP traffic.[0m
[?2004hPRE-NIXOS> 

[?2004l[?2004hPRE-NIXOS> printf '__UID_MARK__1766706366115__%s__UID_MARK__1766706366115__\n' "$(id -u)"
printf '__UID_MARK__1766706366115__%s__UID_MARK__1766706366115__\n' "$(id -u)"
[?2004l__UID_MARK__1766706366115__0__UID_MARK__1766706366115__
[?2004hPRE-NIXOS> ls -1 /tmp/pre-nixos*.log 2>/dev/null || true
ls -1 /tmp/pre-nixos*.log 2>/dev/null || true
[?2004l[?2004hPRE-NIXOS> poweroff
poweroff
[?2004l
Broadcast message from root@nixos on pts/0 (Thu 2025-12-25 23:46:05 UTC):

The system will power off now!

[?2004hPRE-NIXOS>          Stopping [0;1;39mSession 1 of User nixos[0m...
         Stopping [0;1;39mSession 2 of User nixos[0m...
[[0;32m  OK  [0m] Removed slice [0;1;39mSlice /system/modprobe[0m.
[[0;32m  OK  [0m] Stopped target [0;1;39mMulti-User System[0m.
[[0;32m  OK  [0m] Stopped target [0;1;39mLogin Prompts[0m.
[[0;32m  OK  [0m] Stopped target [0;1;39mContainers[0m.
[[0;32m  OK  [0m] Stopped target [0;1;39mHost and Network Name Lookups[0m.
[[0;32m  OK  [0m] Stopped target [0;1;39mTimer Units[0m.
[[0;32m  OK  [0m] Stopped [0;1;39mDiscard unused filesystem blocks once a week[0m.
[[0;32m  OK  [0m] Stopped [0;1;39mDaily Cleanup of Temporary Directories[0m.
[[0;32m  OK  [0m] Stopped [0;1;39mzpool-trim.timer[0m.
[[0;32m  OK  [0m] Stopped target [0;1;39mZFS startup target[0m.
[[0;32m  OK  [0m] Closed [0;1;39mLoad/Save RF Kill Switch Status /dev/rfkill Watch[0m.
         Mounting [0;1;39m/run/initramfs[0m...
         Stopping [0;1;39mKernel Auditing[0m...
         Stopping [0;1;39mGetty on tty1[0m...
[[0;32m  OK  [0m] Stopped [0;1;39mmount-pstore.service[0m.
[[0;32m  OK  [0m] Stopped [0;1;39mReset console on configuration changes[0m.
         Starting [0;1;39mSave Hardware Clock[0m...
         Stopping [0;1;39mSerial Getty on ttyS0[0m...
         Stopping [0;1;39mSSH Daemon[0m...
[[0;32m  OK  [0m] Stopped [0;1;39mSave Transient machine-id to Disk[0m.
[[0;32m  OK  [0m] Stopped target [0;1;39mFirst Boot Complete[0m.
         Stopping [0;1;39mEnable Persistent Storage in systemd-networkd[0m...
         Stopping [0;1;39mLoad/Save OS Random Seed[0m...
         Stopping [0;1;39mUser Manager for UID 0[0m...
[[0;32m  OK  [0m] Stopped [0;1;39mZFS file system shares[0m.
         Stopping [0;1;39mZFS Event Daemon (zed)[0m...
[[0;32m  OK  [0m] Stopped [0;1;39mGetty on tty1[0m.
[[0;32m  OK  [0m] Stopped [0;1;39mSerial Getty on ttyS0[0m.
[!p]104[?7h[6n[32766;32766H[6n[[0;32m  OK  [0m] Stopped [0;1;39mZFS Event Daemon (zed)[0m.
[[0;32m  OK  [0m] Stopped [0;1;39mSSH Daemon[0m.
[[0;32m  OK  [0m] Mounted [0;1;39m/run/initramfs[0m.
[[0;32m  OK  [0m] Stopped [0;1;39mUser Manager for UID 0[0m.
[[0;32m  OK  [0m] Stopped [0;1;39mSession 2 of User nixos[0m.
[[0;32m  OK  [0m] Stopped [0;1;39mSession 1 of User nixos[0m.
[[0;32m  OK  [0m] Removed slice [0;1;39mSlice /system/getty[0m.
[[0;32m  OK  [0m] Removed slice [0;1;39mSlice /system/serial-getty[0m.
         Starting [0;1;39mGenerate shutdown ramfs[0m...
         Stopping [0;1;39mPermit User Sessions[0m...
         Stopping [0;1;39mUser Runtime Directory /run/user/0[0m...
         Stopping [0;1;39mUser Manager for UID 1000[0m...
[[0;32m  OK  [0m] Stopped [0;1;39mLoad/Save OS Random Seed[0m.
[[0;32m  OK  [0m] Stopped [0;1;39mUser Manager for UID 1000[0m.
         Stopping [0;1;39mUserspace Out-Of-Memory (OOM) Killer[0m...
         Stopping [0;1;39mUser Runtime Directory /run/user/1000[0m...
[[0;32m  OK  [0m] Unmounted [0;1;39m/run/user/0[0m.
[[0;32m  OK  [0m] Stopped [0;1;39mUserspace Out-Of-Memory (OOM) Killer[0m.
[[0;32m  OK  [0m] Stopped [0;1;39mUser Runtime Directory /run/user/0[0m.
[[0;32m  OK  [0m] Removed slice [0;1;39mSlice /user/0[0m.
[[0;32m  OK  [0m] Unmounted [0;1;39m/run/user/1000[0m.
[[0;32m  OK  [0m] Finished [0;1;39mSave Hardware Clock[0m.
[[0;32m  OK  [0m] Stopped [0;1;39mUser Runtime Directory /run/user/1000[0m.
[[0;32m  OK  [0m] Removed slice [0;1;39mSlice /user/1000[0m.
         Stopping [0;1;39mD-Bus System Message Bus[0m...
         Stopping [0;1;39mUser Login Management[0m...
[[0;32m  OK  [0m] Stopped [0;1;39mKernel Auditing[0m.
[[0;32m  OK  [0m] Stopped [0;1;39mD-Bus System Message Bus[0m.
[[0;32m  OK  [0m] Stopped [0;1;39mUser Login Management[0m.
[[0;32m  OK  [0m] Stopped [0;1;39mEnable Persistent Storage in systemd-networkd[0m.
[[0;32m  OK  [0m] Stopped [0;1;39mPermit User Sessions[0m.
[[0;32m  OK  [0m] Stopped target [0;1;39mNetwork[0m.
[[0;32m  OK  [0m] Stopped target [0;1;39mUser and Group Name Lookups[0m.
[[0;32m  OK  [0m] Stopped target [0;1;39mRemote File Systems[0m.
         Stopping [0;1;39mName Service Cache Daemon (nsncd)[0m...
         Stopping [0;1;39mNetwork Configuration[0m...
[[0;32m  OK  [0m] Stopped [0;1;39mName Service Cache Daemon (nsncd)[0m.
[[0;32m  OK  [0m] Stopped target [0;1;39mBasic System[0m.
[[0;32m  OK  [0m] Stopped target [0;1;39mPath Units[0m.
[[0;32m  OK  [0m] Stopped target [0;1;39mSlice Units[0m.
[[0;32m  OK  [0m] Removed slice [0;1;39mUser and Session Slice[0m.
[[0;32m  OK  [0m] Stopped target [0;1;39mSocket Units[0m.
[[0;32m  OK  [0m] Closed [0;1;39mD-Bus System Message Bus Socket[0m.
[[0;32m  OK  [0m] Closed [0;1;39mNix Daemon Socket[0m.
[[0;32m  OK  [0m] Closed [0;1;39mOpenSSH Server Socket (systemd-ssh-generator, AF_UNIX Local)[0m.
[[0;32m  OK  [0m] Closed [0;1;39mOpenSSH Server Socket (systemd-ssh-generator, AF_VSOCK)[0m.
[[0;32m  OK  [0m] Closed [0;1;39mHostname Service Socket[0m.
[[0;32m  OK  [0m] Stopped target [0;1;39mSystem Initialization[0m.
[[0;32m  OK  [0m] Stopped target [0;1;39mLocal Encrypted Volumes[0m.
[[0;32m  OK  [0m] Stopped [0;1;39mDispatch Password Requests to Console Directory Watch[0m.
[[0;32m  OK  [0m] Stopped [0;1;39mForward Password Requests to Wall Directory Watch[0m.
[[0;32m  OK  [0m] Closed [0;1;39mUserspace Out-Of-Memory (OOM) Killer Socket[0m.
         Stopping [0;1;39mNetwork Name Resolution[0m...
         Stopping [0;1;39mNetwork Time Synchronization[0m...
[[0;32m  OK  [0m] Stopped [0;1;39mUpdate is Completed[0m.
[[0;32m  OK  [0m] Stopped [0;1;39mRebuild Journal Catalog[0m.
         Stopping [0;1;39mRecord System Boot/Shutdown in UTMP[0m...
[[0;32m  OK  [0m] Stopped [0;1;39mNetwork Time Synchronization[0m.
[[0;32m  OK  [0m] Stopped [0;1;39mNetwork Configuration[0m.
[[0;32m  OK  [0m] Stopped target [0;1;39mPreparation for Network[0m.
[[0;32m  OK  [0m] Closed [0;1;39mNetwork Service Netlink Socket[0m.
         Stopping [0;1;39mFirewall[0m...
[[0;32m  OK  [0m] Stopped [0;1;39mNetwork Name Resolution[0m.
[[0;32m  OK  [0m] Stopped [0;1;39mApply Kernel Variables[0m.
[[0;32m  OK  [0m] Closed [0;1;39mProcess Core Dump Socket[0m.
[[0;32m  OK  [0m] Stopped [0;1;39mRecord System Boot/Shutdown in UTMP[0m.
[[0;32m  OK  [0m] Stopped [0;1;39mCreate System Files and Directories[0m.
[[0;32m  OK  [0m] Stopped target [0;1;39mLocal File Systems[0m.
         Unmounting [0;1;39m/mnt/boot[0m...
         Unmounting [0;1;39m/nix/.ro-store[0m...
         Unmounting [0;1;39m/nix/.rw-store[0m...
         Unmounting [0;1;39m/run/keys[0m...
         Unmounting [0;1;39m/run/wrappers[0m...
[[0;32m  OK  [0m] Stopped [0;1;39mMount ZFS filesystems[0m.
[[0;32m  OK  [0m] Stopped target [0;1;39mZFS pool import target[0m.
[[0;32m  OK  [0m] Unmounted [0;1;39m/nix/.ro-store[0m.
[[0;32m  OK  [0m] Unmounted [0;1;39m/nix/.rw-store[0m.
         Unmounting [0;1;39m/iso[0m...
[[0;1;31mFAILED[0m] Failed unmounting [0;1;39m/iso[0m.
[[0;32m  OK  [0m] Finished [0;1;39mGenerate shutdown ramfs[0m.
[[0;32m  OK  [0m] Unmounted [0;1;39m/run/wrappers[0m.
[[0;32m  OK  [0m] Unmounted [0;1;39m/mnt/boot[0m.
[[0;32m  OK  [0m] Unmounted [0;1;39m/run/keys[0m.
[[0;32m  OK  [0m] Stopped target [0;1;39mSwaps[0m.
         Deactivating swap [0;1;39m/dev/disk/by-diskseq/23[0m...
         Unmounting [0;1;39m/mnt[0m...
[[0;32m  OK  [0m] Stopped [0;1;39mFirewall[0m.
[[0;32m  OK  [0m] Stopped [0;1;39mLoad Kernel Modules[0m.
[[0;32m  OK  [0m] Unmounted [0;1;39m/mnt[0m.
[[0;32m  OK  [0m] Stopped target [0;1;39mPreparation for Local File Systems[0m.
[[0;32m  OK  [0m] Stopped [0;1;39mRemount Root and Kernel File Systems[0m.
[[0;32m  OK  [0m] Stopped [0;1;39mCreate Static Device Nodes in /dev[0m.
[[0;32m  OK  [0m] Stopped [0;1;39mCreate Static Device Nodes in /dev gracefully[0m.
[[0;32m  OK  [0m] Reached target [0;1;39mSystem Shutdown[0m.
[[0;32m  OK  [0m] Deactivated swap [0;1;39m/dev/disk/by-uuidâ€¦baefeb-75dc-4fa2-81b0-d2678a8d836e[0m.
[[0;32m  OK  [0m] Deactivated swap [0;1;39m/dev/mapper/main-swap[0m.
[[0;32m  OK  [0m] Deactivated swap [0;1;39m/dev/disk/by-id/dm-name-main-swap[0m.
[[0;32m  OK  [0m] Deactivated swap [0;1;39m/dev/disk/by-id/dâ€¦w019cgM7iWEN80UbsJsPBFPS3lXdBLhGtC[0m.
[[0;32m  OK  [0m] Deactivated swap [0;1;39m/dev/main/swap[0m.
[[0;32m  OK  [0m] Deactivated swap [0;1;39m/dev/disk/by-label/swap[0m.
[[0;32m  OK  [0m] Deactivated swap [0;1;39m/dev/disk/by-diskseq/23[0m.
[[0;32m  OK  [0m] Deactivated swap [0;1;39m/dev/dm-1[0m.
[[0;32m  OK  [0m] Reached target [0;1;39mUnmount All Filesystems[0m.
[[0;32m  OK  [0m] Reached target [0;1;39mLate Shutdown Services[0m.
[[0;32m  OK  [0m] Finished [0;1;39mSystem Power Off[0m.
[[0;32m  OK  [0m] Reached target [0;1;39mSystem Power Off[0m.
[6n[32766;32766H[6n[!p]104[?7h[  260.827367] reboot: Power down
