[    0.000000] Linux version 6.12.54 (nixbld@localhost) (gcc (GCC) 14.3.0, GNU ld (GNU Binutils) 2.44) #1-NixOS SMP PREEMPT_DYNAMIC Sun Oct 19 14:34:07 UTC 2025
[    0.000000] Command line: BOOT_IMAGE=/boot//nix/store/cjrhr0f61a0c68r4vq0qxws3jadn48yj-linux-6.12.54/bzImage init=/nix/store/fi7fkvcqdkk3qjagcgc4alqmx22d3rcf-nixos-system-nixos-25.05.20251022.c8aa8cc/init root=LABEL=nixos-minimal-25.05-x86_64 boot.shell_on_fail console=tty0 console=ttyS0,115200n8 nohibernate loglevel=4 lsm=landlock,yama,bpf  initrd=/boot//nix/store/y4jkdvcm47cc5kr7mijnbs4969x71frv-initrd-linux-6.12.54/initrd
[    0.000000] BIOS-provided physical RAM map:
[    0.000000] BIOS-e820: [mem 0x0000000000000000-0x000000000009fbff] usable
[    0.000000] BIOS-e820: [mem 0x000000000009fc00-0x000000000009ffff] reserved
[    0.000000] BIOS-e820: [mem 0x00000000000f0000-0x00000000000fffff] reserved
[    0.000000] BIOS-e820: [mem 0x0000000000100000-0x000000007ffdcfff] usable
[    0.000000] BIOS-e820: [mem 0x000000007ffdd000-0x000000007fffffff] reserved
[    0.000000] BIOS-e820: [mem 0x00000000fffc0000-0x00000000ffffffff] reserved
[    0.000000] BIOS-e820: [mem 0x000000fd00000000-0x000000ffffffffff] reserved
[    0.000000] NX (Execute Disable) protection: active
[    0.000000] APIC: Static calls initialized
[    0.000000] SMBIOS 3.0.0 present.
[    0.000000] DMI: QEMU Ubuntu 24.04 PC (i440FX + PIIX, 1996), BIOS 1.16.3-debian-1.16.3-2 04/01/2014
[    0.000000] DMI: Memory slots populated: 1/1
[    0.000000] tsc: Fast TSC calibration using PIT
[    0.000000] tsc: Detected 2793.514 MHz processor
[    0.020585] e820: update [mem 0x00000000-0x00000fff] usable ==> reserved
[    0.021069] e820: remove [mem 0x000a0000-0x000fffff] usable
[    0.021590] last_pfn = 0x7ffdd max_arch_pfn = 0x400000000
[    0.023573] MTRR map: 4 entries (3 fixed + 1 variable; max 19), built from 8 variable MTRRs
[    0.023899] x86/PAT: Configuration [0-7]: WB  WC  UC- UC  WB  WP  UC- WT
[    0.062899] found SMP MP-table at [mem 0x000f5470-0x000f547f]
[    0.074866] RAMDISK: [mem 0x7e624000-0x7ffdcfff]
[    0.075995] ACPI: Early table checksum verification disabled
[    0.077175] ACPI: RSDP 0x00000000000F5290 000014 (v00 BOCHS )
[    0.077922] ACPI: RSDT 0x000000007FFE1CB9 000034 (v01 BOCHS  BXPC     00000001 BXPC 00000001)
[    0.079411] ACPI: FACP 0x000000007FFE1B65 000074 (v01 BOCHS  BXPC     00000001 BXPC 00000001)
[    0.080706] ACPI: DSDT 0x000000007FFE0040 001B25 (v01 BOCHS  BXPC     00000001 BXPC 00000001)
[    0.080855] ACPI: FACS 0x000000007FFE0000 000040
[    0.080993] ACPI: APIC 0x000000007FFE1BD9 000080 (v03 BOCHS  BXPC     00000001 BXPC 00000001)
[    0.081042] ACPI: HPET 0x000000007FFE1C59 000038 (v01 BOCHS  BXPC     00000001 BXPC 00000001)
[    0.081085] ACPI: WAET 0x000000007FFE1C91 000028 (v01 BOCHS  BXPC     00000001 BXPC 00000001)
[    0.081275] ACPI: Reserving FACP table memory at [mem 0x7ffe1b65-0x7ffe1bd8]
[    0.081320] ACPI: Reserving DSDT table memory at [mem 0x7ffe0040-0x7ffe1b64]
[    0.081334] ACPI: Reserving FACS table memory at [mem 0x7ffe0000-0x7ffe003f]
[    0.081344] ACPI: Reserving APIC table memory at [mem 0x7ffe1bd9-0x7ffe1c58]
[    0.081354] ACPI: Reserving HPET table memory at [mem 0x7ffe1c59-0x7ffe1c90]
[    0.081364] ACPI: Reserving WAET table memory at [mem 0x7ffe1c91-0x7ffe1cb8]
[    0.090820] No NUMA configuration found
[    0.090881] Faking a node at [mem 0x0000000000000000-0x000000007ffdcfff]
[    0.092360] NODE_DATA(0) allocated [mem 0x7e61e8c0-0x7e623dff]
[    0.098938] Zone ranges:
[    0.098995]   DMA      [mem 0x0000000000001000-0x0000000000ffffff]
[    0.099186]   DMA32    [mem 0x0000000001000000-0x000000007ffdcfff]
[    0.099209]   Normal   empty
[    0.099234]   Device   empty
[    0.099252] Movable zone start for each node
[    0.099321] Early memory node ranges
[    0.099379]   node   0: [mem 0x0000000000001000-0x000000000009efff]
[    0.099736]   node   0: [mem 0x0000000000100000-0x000000007ffdcfff]
[    0.100044] Initmem setup node 0 [mem 0x0000000000001000-0x000000007ffdcfff]
[    0.102890] On node 0, zone DMA: 1 pages in unavailable ranges
[    0.104601] On node 0, zone DMA: 97 pages in unavailable ranges
[    0.249641] On node 0, zone DMA32: 35 pages in unavailable ranges
[    0.251425] ACPI: PM-Timer IO Port: 0x608
[    0.252600] ACPI: LAPIC_NMI (acpi_id[0xff] dfl dfl lint[0x1])
[    0.253517] IOAPIC[0]: apic_id 0, version 32, address 0xfec00000, GSI 0-23
[    0.253799] ACPI: INT_SRC_OVR (bus 0 bus_irq 0 global_irq 2 dfl dfl)
[    0.254398] ACPI: INT_SRC_OVR (bus 0 bus_irq 5 global_irq 5 high level)
[    0.254504] ACPI: INT_SRC_OVR (bus 0 bus_irq 9 global_irq 9 high level)
[    0.254735] ACPI: INT_SRC_OVR (bus 0 bus_irq 10 global_irq 10 high level)
[    0.254755] ACPI: INT_SRC_OVR (bus 0 bus_irq 11 global_irq 11 high level)
[    0.255144] ACPI: Using ACPI (MADT) for SMP configuration information
[    0.255265] ACPI: HPET id: 0x8086a201 base: 0xfed00000
[    0.256097] CPU topo: Max. logical packages:   1
[    0.256126] CPU topo: Max. logical dies:       1
[    0.256142] CPU topo: Max. dies per package:   1
[    0.256253] CPU topo: Max. threads per core:   1
[    0.256907] CPU topo: Num. cores per package:     2
[    0.256942] CPU topo: Num. threads per package:   2
[    0.256963] CPU topo: Allowing 2 present CPUs plus 0 hotplug CPUs
[    0.258889] PM: hibernation: Registered nosave memory: [mem 0x00000000-0x00000fff]
[    0.258943] PM: hibernation: Registered nosave memory: [mem 0x0009f000-0x000fffff]
[    0.259173] [mem 0x80000000-0xfffbffff] available for PCI devices
[    0.259308] Booting paravirtualized kernel on bare hardware
[    0.260346] clocksource: refined-jiffies: mask: 0xffffffff max_cycles: 0xffffffff, max_idle_ns: 1910969940391419 ns
[    0.279953] setup_percpu: NR_CPUS:384 nr_cpumask_bits:2 nr_cpu_ids:2 nr_node_ids:1
[    0.292936] percpu: Embedded 116 pages/cpu s294912 r65536 d114688 u1048576
[    0.293771] pcpu-alloc: s294912 r65536 d114688 u1048576 alloc=1*2097152
[    0.293956] pcpu-alloc: [0] 0 1
[    0.295950] Kernel command line: BOOT_IMAGE=/boot//nix/store/cjrhr0f61a0c68r4vq0qxws3jadn48yj-linux-6.12.54/bzImage init=/nix/store/fi7fkvcqdkk3qjagcgc4alqmx22d3rcf-nixos-system-nixos-25.05.20251022.c8aa8cc/init root=LABEL=nixos-minimal-25.05-x86_64 boot.shell_on_fail console=tty0 console=ttyS0,115200n8 nohibernate loglevel=4 lsm=landlock,yama,bpf  initrd=/boot//nix/store/y4jkdvcm47cc5kr7mijnbs4969x71frv-initrd-linux-6.12.54/initrd
[    0.307668] Dentry cache hash table entries: 262144 (order: 9, 2097152 bytes, linear)
[    0.312534] Inode-cache hash table entries: 131072 (order: 8, 1048576 bytes, linear)
[    0.318748] Fallback order for Node 0: 0
[    0.319362] Built 1 zonelists, mobility grouping on.  Total pages: 524155
[    0.319392] Policy zone: DMA32
[    0.330076] mem auto-init: stack:all(zero), heap alloc:on, heap free:off
[    0.664930] SLUB: HWalign=64, Order=0-3, MinObjects=0, CPUs=2, Nodes=1
[    0.672128] allocated 4194304 bytes of page_ext
[    0.678146] ftrace: allocating 46196 entries in 181 pages
[    0.738875] ftrace: allocated 181 pages with 5 groups
[    0.759398] Dynamic Preempt: voluntary
[    0.768790] rcu: Preemptible hierarchical RCU implementation.
[    0.768814] rcu: 	RCU event tracing is enabled.
[    0.768880] rcu: 	RCU restricting CPUs from NR_CPUS=384 to nr_cpu_ids=2.
[    0.769138] 	Trampoline variant of Tasks RCU enabled.
[    0.769152] 	Rude variant of Tasks RCU enabled.
[    0.769163] 	Tracing variant of Tasks RCU enabled.
[    0.769350] rcu: RCU calculated value of scheduler-enlistment delay is 100 jiffies.
[    0.769432] rcu: Adjusting geometry for rcu_fanout_leaf=16, nr_cpu_ids=2
[    0.771895] RCU Tasks: Setting shift to 1 and lim to 1 rcu_task_cb_adjust=1 rcu_task_cpu_ids=2.
[    0.771939] RCU Tasks Rude: Setting shift to 1 and lim to 1 rcu_task_cb_adjust=1 rcu_task_cpu_ids=2.
[    0.771983] RCU Tasks Trace: Setting shift to 1 and lim to 1 rcu_task_cb_adjust=1 rcu_task_cpu_ids=2.
[    0.838219] NR_IRQS: 24832, nr_irqs: 440, preallocated irqs: 16
[    0.858987] rcu: srcu_init: Setting srcu_struct sizes based on contention.
[    0.867382] kfence: initialized - using 2097152 bytes for 255 objects at 0x(____ptrval____)-0x(____ptrval____)
[    0.877831] Console: colour VGA+ 80x25
[    0.878706] printk: legacy console [tty0] enabled
[    0.883247] printk: legacy console [ttyS0] enabled
[    0.888417] ACPI: Core revision 20240827
[    0.902196] clocksource: hpet: mask: 0xffffffff max_cycles: 0xffffffff, max_idle_ns: 19112604467 ns
[    0.913431] APIC: Switch to symmetric I/O mode setup
[    0.923067] ..TIMER: vector=0x30 apic1=0 pin1=2 apic2=-1 pin2=-1
[    0.930076] clocksource: tsc-early: mask: 0xffffffffffffffff max_cycles: 0x28445181651, max_idle_ns: 440795239273 ns
[    0.931190] Calibrating delay loop (skipped), value calculated using timer frequency.. 5587.02 BogoMIPS (lpj=2793514)
[    0.941629] Last level iTLB entries: 4KB 512, 2MB 255, 4MB 127
[    0.941704] Last level dTLB entries: 4KB 512, 2MB 255, 4MB 127, 1GB 0
[    0.942487] Spectre V1 : Mitigation: usercopy/swapgs barriers and __user pointer sanitization
[    0.942940] Spectre V2 : Mitigation: Retpolines
[    0.942990] Spectre V2 : Spectre v2 / SpectreRSB: Filling RSB on context switch and VMEXIT
[    0.948130] x86/fpu: x87 FPU will use FXSAVE
[    1.214480] Freeing SMP alternatives memory: 40K
[    1.216664] pid_max: default: 32768 minimum: 301
[    1.236006] LSM: initializing lsm=capability,landlock,yama,bpf
[    1.244976] landlock: Up and running.
[    1.245022] Yama: becoming mindful.
[    1.248084] LSM support for eBPF active
[    1.257400] Mount-cache hash table entries: 4096 (order: 3, 32768 bytes, linear)
[    1.257683] Mountpoint-cache hash table entries: 4096 (order: 3, 32768 bytes, linear)
[    1.431453] smpboot: CPU0: AMD QEMU Virtual CPU version 2.5+ (family: 0xf, model: 0x6b, stepping: 0x1)
[    1.464146] Performance Events: PMU not available due to virtualization, using software events only.
[    1.467991] signal: max sigframe size: 1440
[    1.471508] rcu: Hierarchical SRCU implementation.
[    1.471583] rcu: 	Max phase no-delay instances is 400.
[    1.476130] Timer migration: 1 hierarchy levels; 8 children per group; 1 crossnode level
[    1.491543] NMI watchdog: Perf NMI watchdog permanently disabled
[    1.495743] smp: Bringing up secondary CPUs ...
[    1.507976] smpboot: x86: Booting SMP configuration:
[    1.508043] .... node  #0, CPUs:      #1
[    1.593130] smp: Brought up 1 node, 2 CPUs
[    1.593735] smpboot: Total of 2 processors activated (11184.16 BogoMIPS)
[    1.611084] Memory: 1974256K/2096620K available (16384K kernel code, 2645K rwdata, 13032K rodata, 3424K init, 3344K bss, 111268K reserved, 0K cma-reserved)
[    1.634539] devtmpfs: initialized
[    1.644789] x86/mm: Memory block size: 128MB
[    1.670773] clocksource: jiffies: mask: 0xffffffff max_cycles: 0xffffffff, max_idle_ns: 1911260446275000 ns
[    1.671748] futex hash table entries: 512 (order: 3, 32768 bytes, linear)
[    1.684327] pinctrl core: initialized pinctrl subsystem
[    1.702722] PM: RTC time: 23:54:59, date: 2025-12-25
[    1.730089] NET: Registered PF_NETLINK/PF_ROUTE protocol family
[    1.740085] DMA: preallocated 256 KiB GFP_KERNEL pool for atomic allocations
[    1.741599] DMA: preallocated 256 KiB GFP_KERNEL|GFP_DMA pool for atomic allocations
[    1.742003] DMA: preallocated 256 KiB GFP_KERNEL|GFP_DMA32 pool for atomic allocations
[    1.742673] audit: initializing netlink subsys (disabled)
[    1.748196] audit: type=2000 audit(1766706898.834:1): state=initialized audit_enabled=0 res=1
[    1.757180] thermal_sys: Registered thermal governor 'bang_bang'
[    1.757247] thermal_sys: Registered thermal governor 'step_wise'
[    1.757267] thermal_sys: Registered thermal governor 'user_space'
[    1.758686] cpuidle: using governor menu
[    1.762133] acpiphp: ACPI Hot Plug PCI Controller Driver version: 0.5
[    1.768865] PCI: Using configuration type 1 for base access
[    1.770874] mtrr: your CPUs had inconsistent fixed MTRR settings
[    1.770914] mtrr: your CPUs had inconsistent variable MTRR settings
[    1.770943] mtrr: your CPUs had inconsistent MTRRdefType settings
[    1.770978] mtrr: probably your BIOS does not setup all CPUs.
[    1.770995] mtrr: corrected configuration.
[    1.775218] kprobes: kprobe jump-optimization is enabled. All kprobes are optimized if possible.
[    1.809133] HugeTLB: registered 2.00 MiB page size, pre-allocated 0 pages
[    1.809223] HugeTLB: 28 KiB vmemmap can be freed for a 2.00 MiB page
[    1.948290] ACPI: Added _OSI(Module Device)
[    1.948368] ACPI: Added _OSI(Processor Device)
[    1.948386] ACPI: Added _OSI(Processor Aggregator Device)
[    1.987582] ACPI: 1 ACPI AML tables successfully acquired and loaded
[    2.029572] ACPI: Interpreter enabled
[    2.032613] ACPI: PM: (supports S0 S3 S4 S5)
[    2.032802] ACPI: Using IOAPIC for interrupt routing
[    2.034610] PCI: Using host bridge windows from ACPI; if necessary, use "pci=nocrs" and report a bug
[    2.034750] PCI: Using E820 reservations for host bridge windows
[    2.038839] ACPI: Enabled 2 GPEs in block 00 to 0F
[    2.116407] ACPI: PCI Root Bridge [PCI0] (domain 0000 [bus 00-ff])
[    2.117953] acpi PNP0A03:00: _OSC: OS supports [ASPM ClockPM Segments MSI HPX-Type3]
[    2.118485] acpi PNP0A03:00: _OSC: not requesting OS control; OS requires [ExtendedConfig ASPM ClockPM MSI]
[    2.120006] acpi PNP0A03:00: fail to add MMCONFIG information, can't access extended configuration space under this bridge
[    2.132499] acpiphp: Slot [3] registered
[    2.132906] acpiphp: Slot [4] registered
[    2.133192] acpiphp: Slot [5] registered
[    2.133511] acpiphp: Slot [6] registered
[    2.133724] acpiphp: Slot [7] registered
[    2.133875] acpiphp: Slot [8] registered
[    2.134073] acpiphp: Slot [9] registered
[    2.134282] acpiphp: Slot [10] registered
[    2.134519] acpiphp: Slot [11] registered
[    2.134685] acpiphp: Slot [12] registered
[    2.134888] acpiphp: Slot [13] registered
[    2.135050] acpiphp: Slot [14] registered
[    2.135214] acpiphp: Slot [15] registered
[    2.135393] acpiphp: Slot [16] registered
[    2.135688] acpiphp: Slot [17] registered
[    2.135849] acpiphp: Slot [18] registered
[    2.136080] acpiphp: Slot [19] registered
[    2.136287] acpiphp: Slot [20] registered
[    2.136541] acpiphp: Slot [21] registered
[    2.136708] acpiphp: Slot [22] registered
[    2.136899] acpiphp: Slot [23] registered
[    2.137110] acpiphp: Slot [24] registered
[    2.137271] acpiphp: Slot [25] registered
[    2.137453] acpiphp: Slot [26] registered
[    2.137654] acpiphp: Slot [27] registered
[    2.137859] acpiphp: Slot [28] registered
[    2.138023] acpiphp: Slot [29] registered
[    2.138174] acpiphp: Slot [30] registered
[    2.138320] acpiphp: Slot [31] registered
[    2.139137] PCI host bridge to bus 0000:00
[    2.139865] pci_bus 0000:00: root bus resource [io  0x0000-0x0cf7 window]
[    2.140183] pci_bus 0000:00: root bus resource [io  0x0d00-0xffff window]
[    2.140206] pci_bus 0000:00: root bus resource [mem 0x000a0000-0x000bffff window]
[    2.140300] pci_bus 0000:00: root bus resource [mem 0x80000000-0xfebfffff window]
[    2.140319] pci_bus 0000:00: root bus resource [mem 0x100000000-0x17fffffff window]
[    2.140669] pci_bus 0000:00: root bus resource [bus 00-ff]
[    2.143674] pci 0000:00:00.0: [8086:1237] type 00 class 0x060000 conventional PCI endpoint
[    2.152924] pci 0000:00:01.0: [8086:7000] type 00 class 0x060100 conventional PCI endpoint
[    2.154316] pci 0000:00:01.1: [8086:7010] type 00 class 0x010180 conventional PCI endpoint
[    2.160728] pci 0000:00:01.1: BAR 4 [io  0xc0c0-0xc0cf]
[    2.162540] pci 0000:00:01.1: BAR 0 [io  0x01f0-0x01f7]: legacy IDE quirk
[    2.162646] pci 0000:00:01.1: BAR 1 [io  0x03f6]: legacy IDE quirk
[    2.162743] pci 0000:00:01.1: BAR 2 [io  0x0170-0x0177]: legacy IDE quirk
[    2.162781] pci 0000:00:01.1: BAR 3 [io  0x0376]: legacy IDE quirk
[    2.164497] pci 0000:00:01.3: [8086:7113] type 00 class 0x068000 conventional PCI endpoint
[    2.165292] pci 0000:00:01.3: quirk: [io  0x0600-0x063f] claimed by PIIX4 ACPI
[    2.165398] pci 0000:00:01.3: quirk: [io  0x0700-0x070f] claimed by PIIX4 SMB
[    2.166750] pci 0000:00:02.0: [1234:1111] type 00 class 0x030000 conventional PCI endpoint
[    2.168453] pci 0000:00:02.0: BAR 0 [mem 0xfd000000-0xfdffffff pref]
[    2.170501] pci 0000:00:02.0: BAR 2 [mem 0xfeb90000-0xfeb90fff]
[    2.174960] pci 0000:00:02.0: ROM [mem 0xfeb80000-0xfeb8ffff pref]
[    2.176618] pci 0000:00:02.0: Video device with shadowed ROM at [mem 0x000c0000-0x000dffff]
[    2.178251] pci 0000:00:03.0: [1af4:1005] type 00 class 0x00ff00 conventional PCI endpoint
[    2.180224] pci 0000:00:03.0: BAR 0 [io  0xc080-0xc09f]
[    2.181453] pci 0000:00:03.0: BAR 1 [mem 0xfeb91000-0xfeb91fff]
[    2.187504] pci 0000:00:03.0: BAR 4 [mem 0xfe000000-0xfe003fff 64bit pref]
[    2.203157] pci 0000:00:04.0: [1af4:1000] type 00 class 0x020000 conventional PCI endpoint
[    2.204503] pci 0000:00:04.0: BAR 0 [io  0xc0a0-0xc0bf]
[    2.205504] pci 0000:00:04.0: BAR 1 [mem 0xfeb92000-0xfeb92fff]
[    2.209509] pci 0000:00:04.0: BAR 4 [mem 0xfe004000-0xfe007fff 64bit pref]
[    2.210494] pci 0000:00:04.0: ROM [mem 0xfeb00000-0xfeb7ffff pref]
[    2.220983] pci 0000:00:05.0: [1af4:1001] type 00 class 0x010000 conventional PCI endpoint
[    2.221453] pci 0000:00:05.0: BAR 0 [io  0xc000-0xc07f]
[    2.223453] pci 0000:00:05.0: BAR 1 [mem 0xfeb93000-0xfeb93fff]
[    2.228984] pci 0000:00:05.0: BAR 4 [mem 0xfe008000-0xfe00bfff 64bit pref]
[    2.245934] ACPI: PCI: Interrupt link LNKA configured for IRQ 10
[    2.247624] ACPI: PCI: Interrupt link LNKB configured for IRQ 10
[    2.248641] ACPI: PCI: Interrupt link LNKC configured for IRQ 11
[    2.249768] ACPI: PCI: Interrupt link LNKD configured for IRQ 11
[    2.250283] ACPI: PCI: Interrupt link LNKS configured for IRQ 9
[    2.258767] iommu: Default domain type: Translated
[    2.258859] iommu: DMA domain TLB invalidation policy: lazy mode
[    2.260078] ACPI: bus type USB registered
[    2.261111] usbcore: registered new interface driver usbfs
[    2.261732] usbcore: registered new interface driver hub
[    2.262089] usbcore: registered new device driver usb
[    2.283821] NetLabel: Initializing
[    2.283865] NetLabel:  domain hash size = 128
[    2.283890] NetLabel:  protocols = UNLABELED CIPSOv4 CALIPSO
[    2.285336] NetLabel:  unlabeled traffic allowed by default
[    2.285472] PCI: Using ACPI for IRQ routing
[    2.285721] PCI: pci_cache_line_size set to 64 bytes
[    2.286589] e820: reserve RAM buffer [mem 0x0009fc00-0x0009ffff]
[    2.287015] e820: reserve RAM buffer [mem 0x7ffdd000-0x7fffffff]
[    2.296453] pci 0000:00:02.0: vgaarb: setting as boot VGA device
[    2.296453] pci 0000:00:02.0: vgaarb: bridge control possible
[    2.296453] pci 0000:00:02.0: vgaarb: VGA device added: decodes=io+mem,owns=io+mem,locks=none
[    2.296453] vgaarb: loaded
[    2.312040] hpet: 3 channels of 0 reserved for per-cpu timers
[    2.312594] hpet0: at MMIO 0xfed00000, IRQs 2, 8, 0
[    2.312773] hpet0: 3 comparators, 64-bit 100.000000 MHz counter
[    2.319623] clocksource: Switched to clocksource tsc-early
[    2.346272] VFS: Disk quotas dquot_6.6.0
[    2.346735] VFS: Dquot-cache hash table entries: 512 (order 0, 4096 bytes)
[    2.353430] pnp: PnP ACPI init
[    2.359110] pnp 00:02: [dma 2]
[    2.363810] pnp: PnP ACPI: found 6 devices
[    2.443671] clocksource: acpi_pm: mask: 0xffffff max_cycles: 0xffffff, max_idle_ns: 2085701024 ns
[    2.446794] NET: Registered PF_INET protocol family
[    2.449226] IP idents hash table entries: 32768 (order: 6, 262144 bytes, linear)
[    2.542686] tcp_listen_portaddr_hash hash table entries: 1024 (order: 2, 16384 bytes, linear)
[    2.543068] Table-perturb hash table entries: 65536 (order: 6, 262144 bytes, linear)
[    2.543398] TCP established hash table entries: 16384 (order: 5, 131072 bytes, linear)
[    2.544214] TCP bind hash table entries: 16384 (order: 7, 524288 bytes, linear)
[    2.544651] TCP: Hash tables configured (established 16384 bind 16384)
[    2.548271] MPTCP token hash table entries: 2048 (order: 3, 49152 bytes, linear)
[    2.549106] UDP hash table entries: 1024 (order: 3, 32768 bytes, linear)
[    2.549586] UDP-Lite hash table entries: 1024 (order: 3, 32768 bytes, linear)
[    2.552861] NET: Registered PF_UNIX/PF_LOCAL protocol family
[    2.553722] NET: Registered PF_XDP protocol family
[    2.555344] pci_bus 0000:00: resource 4 [io  0x0000-0x0cf7 window]
[    2.555403] pci_bus 0000:00: resource 5 [io  0x0d00-0xffff window]
[    2.555423] pci_bus 0000:00: resource 6 [mem 0x000a0000-0x000bffff window]
[    2.555441] pci_bus 0000:00: resource 7 [mem 0x80000000-0xfebfffff window]
[    2.555459] pci_bus 0000:00: resource 8 [mem 0x100000000-0x17fffffff window]
[    2.556506] pci 0000:00:01.0: PIIX3: Enabling Passive Release
[    2.556680] pci 0000:00:00.0: Limiting direct PCI/PCI transfers
[    2.556834] PCI: CLS 0 bytes, default 64
[    2.567469] Trying to unpack rootfs image as initramfs...
[    2.663077] Initialise system trusted keyrings
[    2.666588] workingset: timestamp_bits=40 max_order=19 bucket_order=0
[    2.797144] Key type asymmetric registered
[    2.797385] Asymmetric key parser 'x509' registered
[    2.798288] Block layer SCSI generic (bsg) driver version 0.4 loaded (major 251)
[    2.800210] io scheduler mq-deadline registered
[    2.800363] io scheduler kyber registered
[    2.817511] Serial: 8250/16550 driver, 4 ports, IRQ sharing enabled
[    2.825807] 00:04: ttyS0 at I/O 0x3f8 (irq = 4, base_baud = 115200) is a 16550A
[    2.844293] Linux agpgart interface v0.103
[    2.844729] ACPI: bus type drm_connector registered
[    2.857653] usbcore: registered new interface driver usbserial_generic
[    2.858231] usbserial: USB Serial support registered for generic
[    2.858562] amd_pstate: the _CPC object is not present in SBIOS or ACPI disabled
[    2.861648] drop_monitor: Initializing network drop monitor service
[    2.864917] NET: Registered PF_INET6 protocol family
[    3.568616] tsc: Refined TSC clocksource calibration: 2793.496 MHz
[    3.569596] clocksource: tsc: mask: 0xffffffffffffffff max_cycles: 0x2844407bdac, max_idle_ns: 440795282363 ns
[    3.569972] clocksource: Switched to clocksource tsc
[    4.513504] Freeing initrd memory: 26340K
[    4.539646] Segment Routing with IPv6
[    4.540412] In-situ OAM (IOAM) with IPv6
[    4.549627] IPI shorthand broadcast: enabled
[    4.580267] sched_clock: Marking stable (4529095233, 50929571)->(4675484224, -95459420)
[    4.587721] registered taskstats version 1
[    4.593530] Loading compiled-in X.509 certificates
[    4.650502] Demotion targets for Node 0: null
[    4.654465] Key type .fscrypt registered
[    4.654536] Key type fscrypt-provisioning registered
[    4.665223] PM:   Magic number: 5:250:960
[    4.665574] memory memory11: hash matches
[    4.673532] RAS: Correctable Errors collector initialized.
[    4.707572] clk: Disabling unused clocks
[    4.708307] PM: genpd: Disabling unused power domains
[    4.738571] Freeing unused decrypted memory: 2028K
[    4.856202] Freeing unused kernel image (initmem) memory: 3424K
[    4.856671] Write protecting the kernel read-only data: 30720k
[    4.861466] Freeing unused kernel image (rodata/data gap) memory: 1304K
[    5.125890] x86/mm: Checked W+X mappings: passed, no W+X pages found.
[    5.126735] Run /init as init process
[    5.126924]   with arguments:
[    5.127118]     /init
[    5.127199]   with environment:
[    5.127226]     HOME=/
[    5.127248]     TERM=linux
[    7.129789] stage-1-init: [Thu Dec 25 23:55:04 UTC 2025] loading module loop...
[    7.249765] loop: module loaded
[    7.388394] stage-1-init: [Thu Dec 25 23:55:04 UTC 2025] loading module overlay...
[    7.687843] stage-1-init: [Thu Dec 25 23:55:04 UTC 2025] loading module vfat...
[    7.882364] stage-1-init: [Thu Dec 25 23:55:04 UTC 2025] loading module nls_cp437...
[    8.044315] stage-1-init: [Thu Dec 25 23:55:05 UTC 2025] loading module nls_iso8859-1...
[    8.215816] stage-1-init: [Thu Dec 25 23:55:05 UTC 2025] loading module dm_mod...
[    8.354677] device-mapper: ioctl: 4.48.0-ioctl (2023-03-01) initialised: dm-devel@lists.linux.dev
[    8.436694] stage-1-init: [Thu Dec 25 23:55:05 UTC 2025] running udev...
[    9.157846] stage-1-init: [Thu Dec 25 23:55:06 UTC 2025] Starting systemd-udevd version 257.9
[   10.428766] i8042: PNP: PS/2 Controller [PNP0303:KBD,PNP0f13:MOU] at 0x60,0x64 irq 1,12
[   10.473646] serio: i8042 KBD port at 0x60,0x64 irq 1
[   10.474502] serio: i8042 AUX port at 0x60,0x64 irq 12
[   10.966351] SCSI subsystem initialized
[   11.472466] libata version 3.00 loaded.
[   11.498291] ata_piix 0000:00:01.1: version 2.13
[   11.514582] input: AT Translated Set 2 keyboard as /devices/platform/i8042/serio0/input/input0
[   11.664095] ACPI: \_SB_.LNKC: Enabled at IRQ 11
[   11.683325] scsi host0: ata_piix
[   11.694872] scsi host1: ata_piix
[   11.697913] ata1: PATA max MWDMA2 cmd 0x1f0 ctl 0x3f6 bmdma 0xc0c0 irq 14 lpm-pol 0
[   11.698200] ata2: PATA max MWDMA2 cmd 0x170 ctl 0x376 bmdma 0xc0c8 irq 15 lpm-pol 0
[   11.864649] ata2: found unknown device (class 0)
[   11.872391] ata2.00: ATAPI: QEMU DVD-ROM, 2.5+, max UDMA/100
[   11.900949] scsi 1:0:0:0: CD-ROM            QEMU     QEMU DVD-ROM     2.5+ PQ: 0 ANSI: 5
[   12.017822] sr 1:0:0:0: [sr0] scsi3-mmc drive: 4x/4x cd/rw xa/form2 tray
[   12.018425] cdrom: Uniform CD-ROM driver Revision: 3.20
[   12.049197] sr 1:0:0:0: Attached scsi CD-ROM sr0
[   12.054301] ACPI: \_SB_.LNKD: Enabled at IRQ 10
[   12.471694] ACPI: \_SB_.LNKA: Enabled at IRQ 10
[   12.518917] virtio_blk virtio2: 2/0/0 default/read/poll queues
[   12.547737] virtio_blk virtio2: [vda] 8388608 512-byte logical blocks (4.29 GB/4.00 GiB)
[   12.673153] virtio_net virtio1 ens4: renamed from eth0
[   13.184181] stage-1-init: [Thu Dec 25 23:55:10 UTC 2025] kbd_mode: KDSKBMODE: Inappropriate ioctl for device
[   13.272698] stage-1-init: [Thu Dec 25 23:55:10 UTC 2025] starting device mapper and LVM...
[   13.564959] random: crng init done
[   14.186352] stage-1-init: [Thu Dec 25 23:55:11 UTC 2025] mounting tmpfs on /...
[   14.741367] stage-1-init: [Thu Dec 25 23:55:11 UTC 2025] mounting /dev/root on /iso...
[   14.947640] /dev/root: Can't open blockdev
[   14.968706] ISO 9660 Extensions: Microsoft Joliet Level 3
[   14.973840] ISO 9660 Extensions: RRIP_1991A
[   15.351753] stage-1-init: [Thu Dec 25 23:55:12 UTC 2025] mounting /mnt-root/iso/nix-store.squashfs on /nix/.ro-store...
[   15.409412] loop0: detected capacity change from 0 to 2706448
[   15.549220] squashfs: version 4.0 (2009/01/31) Phillip Lougher
[   15.978278] stage-1-init: [Thu Dec 25 23:55:13 UTC 2025] mounting tmpfs on /nix/.rw-store...
[   16.672390] stage-1-init: [Thu Dec 25 23:55:13 UTC 2025] mounting overlay on /nix/store...
[   22.477734] booting system configuration /nix/store/fi7fkvcqdkk3qjagcgc4alqmx22d3rcf-nixos-system-nixos-25.05.20251022.c8aa8cc
[   23.719939] stage-2-init: running activation script...
[   29.805949] stage-2-init: setting up /etc...
[   41.207465] stage-2-init: unpacking the NixOS/Nixpkgs sources...
[   43.048441] stage-2-init: ln: failed to create symbolic link '/root/.nix-defexpr/channels/channels': Read-only file system
[   44.212499] systemd[1]: Inserted module 'autofs4'
[   45.243525] systemd[1]: systemd 257.9 running in system mode (+PAM +AUDIT -SELINUX +APPARMOR +IMA +IPE +SMACK +SECCOMP +GCRYPT -GNUTLS +OPENSSL +ACL +BLKID +CURL +ELFUTILS +FIDO2 +IDN2 -IDN +IPTC +KMOD +LIBCRYPTSETUP +LIBCRYPTSETUP_PLUGINS +LIBFDISK +PCRE2 +PWQUALITY +P11KIT +QRENCODE +TPM2 +BZIP2 +LZ4 +XZ +ZLIB +ZSTD +BPF_FRAMEWORK -BTF -XKBCOMMON +UTMP -SYSVINIT +LIBARCHIVE)
[   45.243845] systemd[1]: Detected virtualization qemu.
[   45.244753] systemd[1]: Detected architecture x86-64.
[   45.245504] systemd[1]: Detected first boot.
[   45.312494] systemd[1]: Hostname set to <nixos>.
[   45.316509] systemd[1]: Initializing machine ID from random generator.
[   47.051306] systemd[1]: bpf-restrict-fs: LSM BPF program attached
[   48.895339] Guest personality initialized and is inactive
[   48.897373] VMCI host device registered (name=vmci, major=10, minor=123)
[   48.897440] Initialized host personality
[   48.944809] NET: Registered PF_VSOCK protocol family
[   52.637464] systemd[1]: Populated /etc with preset unit settings.
[   57.276355] systemd[1]: Queued start job for default target Multi-User System.
[   57.525550] systemd[1]: Unnecessary job was removed for QEMU_DVD-ROM nixos-minimal-25.05-x86_64.
[   57.527372] systemd[1]: Unnecessary job was removed for /dev/loop0.
[   57.919598] systemd[1]: Created slice Slice /system/getty.
[   57.939394] systemd[1]: Created slice Slice /system/modprobe.
[   57.954962] systemd[1]: Created slice Slice /system/serial-getty.
[   57.968515] systemd[1]: Created slice User and Session Slice.
[   57.974400] systemd[1]: Started Dispatch Password Requests to Console Directory Watch.
[   57.977808] systemd[1]: Started Forward Password Requests to Wall Directory Watch.
[   57.982177] systemd[1]: Expecting device /dev/ttyS0...
[   58.532099] systemd[1]: Reached target Local Encrypted Volumes.
[   58.534662] systemd[1]: Reached target Containers.
[   58.536755] systemd[1]: Reached target Path Units.
[   58.538400] systemd[1]: Reached target Remote File Systems.
[   58.540388] systemd[1]: Reached target Slice Units.
[   58.541923] systemd[1]: Reached target Swaps.
[   58.543926] systemd[1]: Reached target ZFS pool import target.
[   61.526960] systemd[1]: Listening on Process Core Dump Socket.
[   61.563878] systemd[1]: Listening on Credential Encryption/Decryption.
[   63.572373] systemd[1]: Listening on Journal Audit Socket.
[   63.578352] systemd[1]: Listening on Journal Socket (/dev/log).
[   63.581901] systemd[1]: Listening on Journal Sockets.
[   63.585765] systemd[1]: Listening on Network Service Netlink Socket.
[   63.589847] systemd[1]: Listening on Userspace Out-Of-Memory (OOM) Killer Socket.
[   63.592721] systemd[1]: Make TPM PCR Policy was skipped because of an unmet condition check (ConditionSecurity=measured-uki).
[   63.597889] systemd[1]: Listening on udev Control Socket.
[   63.604077] systemd[1]: Listening on udev Kernel Socket.
[   65.935532] systemd[1]: Mounting Huge Pages File System...
[   65.968406] systemd[1]: Mounting POSIX Message Queue File System...
[   66.021435] systemd[1]: Mounting Kernel Debug File System...
[   66.085662] systemd[1]: Mounting Kernel Trace File System...
[   66.188483] systemd[1]: Starting Create List of Static Device Nodes...
[   66.288319] systemd[1]: Starting Load Kernel Module configfs...
[   66.382404] systemd[1]: Starting Load Kernel Module drm...
[   66.486568] systemd[1]: Starting Load Kernel Module efi_pstore...
[   66.622903] systemd[1]: Starting Load Kernel Module fuse...
[   66.702883] systemd[1]: Starting mount-pstore.service...
[   66.709931] systemd[1]: Clear Stale Hibernate Storage Info was skipped because of an unmet condition check (ConditionPathExists=/sys/firmware/efi/efivars/HibernateLocation-8cf2644b-4b0b-428f-9387-6d876050dc67).
[   66.974634] systemd[1]: Starting Journal Service...
[   67.595893] systemd[1]: Starting Load Kernel Modules...
[   68.673934] systemd[1]: Starting Userspace Out-Of-Memory (OOM) Killer...
[   68.924705] systemd[1]: Starting Remount Root and Kernel File Systems...
[   68.930638] systemd[1]: Early TPM SRK Setup was skipped because of an unmet condition check (ConditionSecurity=measured-uki).
[   69.033182] systemd[1]: Starting Coldplug All udev Devices...
[   69.192886] systemd[1]: Mounted Huge Pages File System.
[   69.202434] systemd[1]: Mounted POSIX Message Queue File System.
[   69.209486] systemd[1]: Mounted Kernel Debug File System.
[   69.214971] systemd[1]: Mounted Kernel Trace File System.
[   69.242610] systemd[1]: Finished Create List of Static Device Nodes.
[   69.308337] systemd[1]: Starting Create Static Device Nodes in /dev gracefully...
[   73.635535] systemd-journald[400]: Collecting audit messages is enabled.
[   76.105673] fuse: init (API version 7.41)
[   78.689646] spl: loading out-of-tree module taints kernel.
[   78.713265] systemd[1]: Finished Remount Root and Kernel File Systems.
[   78.757691] systemd[1]: modprobe@drm.service: Deactivated successfully.
[   78.773271] systemd[1]: Finished Load Kernel Module drm.
[   78.808085] systemd[1]: modprobe@efi_pstore.service: Deactivated successfully.
[   78.820627] systemd[1]: Finished Load Kernel Module efi_pstore.
[   78.825469] systemd[1]: modprobe@efi_pstore.service: Consumed 400ms CPU time, 1.6M memory peak, 1M read from disk.
[   78.837752] systemd[1]: Started Journal Service.
[   81.313897] systemd-journald[400]: Received client request to flush runtime journal.
[   85.034265] zfs: module license 'CDDL' taints kernel.
[   85.034413] Disabling lock debugging due to kernel taint
[   85.034650] zfs: module license taints kernel.
[   90.277661] ZFS: Loaded module v2.3.4-1, ZFS pool version 5000, ZFS filesystem version 5
[  112.226829] input: Power Button as /devices/LNXSYSTM:00/LNXPWRBN:00/input/input2
[  112.373264] ACPI: button: Power Button [PWRF]
[  114.465257] rtc_cmos 00:05: RTC can wake from S4
[  114.737979] rtc_cmos 00:05: registered as rtc0
[  114.760334] rtc_cmos 00:05: setting system clock to 2025-12-25T23:56:52 UTC (1766707012)
[  114.825306] parport_pc 00:03: reported by Plug and Play ACPI
[  114.847803] parport0: PC-style at 0x378, irq 7 [PCSPP(,...)]
[  114.855609] rtc_cmos 00:05: alarms up to one day, y3k, 242 bytes nvram, hpet irqs
[  114.997000] Floppy drive(s): fd0 is 2.88M AMI BIOS
[  115.038829] FDC 0 is a S82078B
[  115.501720] piix4_smbus 0000:00:01.3: SMBus Host Controller at 0x700, revision 0
[  115.517623] i2c i2c-0: Memory type 0x07 not supported yet, not instantiating SPD
[  116.849173] input: ImExPS/2 Generic Explorer Mouse as /devices/platform/i8042/serio1/input/input3
[  117.063637] bochs-drm 0000:00:02.0: vgaarb: deactivate vga console
[  117.137356] Console: switching to colour dummy device 80x25
[  117.366368] [drm] Found bochs VGA, ID 0xb0c5.
[  117.366480] [drm] Framebuffer size 16384 kB @ 0xfd000000, mmio @ 0xfeb90000.
[  117.454059] [drm] Found EDID data blob.
[  117.700865] [drm] Initialized bochs-drm 1.0.0 for 0000:00:02.0 on minor 0
[  118.116453] fbcon: bochs-drmdrmfb (fb0) is primary device
[  118.350914] Console: switching to colour frame buffer device 160x50
[  118.413291] bochs-drm 0000:00:02.0: [drm] fb0: bochs-drmdrmfb frame buffer device
[  122.236575] ppdev: user-space parallel port driver
[  123.742638] cfg80211: Loading compiled-in X.509 certificates for regulatory database
[  123.913856] Loaded X.509 cert 'sforshee: 00b28ddf47aef9cea7'
[  123.916449] Loaded X.509 cert 'wens: 61c038651aabdcf94bd0ac7ff06c7248db18c600'
[  123.999289] mousedev: PS/2 mouse device common for all mice
[  124.039816] kvm_amd: Nested Virtualization enabled
[  124.040274] kvm_amd: Nested Paging disabled
[  124.042579] kvm_amd: PMU virtualization is disabled
[  126.663870] powernow_k8: Power state transitions not supported
[  126.667805] powernow_k8: Power state transitions not supported
[  127.938213] EDAC MC: Ver: 3.0.0
[  136.839647] virtio_net virtio1 lan: renamed from ens4
[  140.250222] NET: Registered PF_PACKET protocol family
[  224.189646]  vda:
[  225.194748]  vda:
[  226.377533]  vda: vda1
[  229.029670]  vda: vda1 vda2
[  230.032839]  vda: vda1 vda2
[  242.752374] EXT4-fs (dm-0): mounted filesystem a2fbc23e-ed75-4497-890e-75dbbf5e26bd r/w with ordered data mode. Quota mode: none.
[  243.491495] Adding 4092k swap on /dev/mapper/main-swap.  Priority:-2 extents:1 across:4092k
