
ISOLINUX 6.04   Copyright (C) 1994-2015 H. Peter Anvin et al
e%@)0(B[0;37;40m[?25l[2J[1;1H[0;30;44mlqqqqqqqqqqqqqqqqqqqqqqqqqqqqqqqqqqqqqqqqqqqqqqqqqqqqqqqqqqqqqqqqqqqqqqqqqqqqqqqqqqqqqqqqqqqqqqqqk[2;1H[0;30;44mx[0;1;36;44m                                             NixOS                                              [0;30;44mx[3;1H[0;30;44mtqqqqqqqqqqqqqqqqqqqqqqqqqqqqqqqqqqqqqqqqqqqqqqqqqqqqqqqqqqqqqqqqqqqqqqqqqqqqqqqqqqqqqqqqqqqqqqqqu[4;1H[0;30;44mx[0;7;37;40m NixOS 25.05.20251022.c8aa8cc Installer                                                         [0;30;44mx[5;1H[0;30;44mx[0;37;44m Options                                                                                      > [0;30;44mx[6;1H[0;30;44mx[0;37;44m Memtest86+                                                                                     [0;30;44mx[7;1H[0;30;44mx[0;37;44m                                                                                                [0;30;44mx[8;1H[0;30;44mx[0;37;44m                                                                                                [0;30;44mx[9;1H[0;30;44mx[0;37;44m                                                                                                [0;30;44mx[10;1H[0;30;44mmqqqqqqqqqqqqqqqqqqqqqqqqqqqqqqqqqqqqqqqqqqqqqqqqqqqqqqqqqqqqqqqqqqqqqqqqqqqqqqqqqqqqqqqqqqqqqqqqj[0;31;40m[34;36HPress [Tab] to edit options[0;37;40m[35;1H[0;37;40m[35;1H[K[K[36;1H[33;34H[0;37;40mAutomatic boot in [0;1;37;40m10[0;37;40m seconds...[33;34H[0;37;40m Automatic boot in [0;1;37;40m9[0;37;40m seconds... [33;35H[0;37;40mAutomatic boot in [0;1;37;40m8[0;37;40m seconds...[33;35H[0;37;40mAutomatic boot in [0;1;37;40m7[0;37;40m seconds...[33;35H[0;37;40mAutomatic boot in [0;1;37;40m6[0;37;40m seconds...[33;35H[0;37;40mAutomatic boot in [0;1;37;40m5[0;37;40m seconds...[33;35H[0;37;40mAutomatic boot in [0;1;37;40m4[0;37;40m seconds...[33;35H[0;37;40mAutomatic boot in [0;1;37;40m3[0;37;40m seconds...[33;35H[0;37;40mAutomatic boot in [0;1;37;40m2[0;37;40m seconds...[33;34H[0;37;40m Automatic boot in [0;1;37;40m1[0;37;40m second... [1;1H[0;30;44mlqqqqqqqqqqqqqqqqqqqqqqqqqqqqqqqqqqqqqqqqqqqqqqqqqqqqqqqqqqqqqqqqqqqqqqqqqqqqqqqqqqqqqqqqqqqqqqqqk[2;1H[0;30;44mx[0;1;36;44m                                             NixOS                                              [0;30;44mx[3;1H[0;30;44mtqqqqqqqqqqqqqqqqqqqqqqqqqqqqqqqqqqqqqqqqqqqqqqqqqqqqqqqqqqqqqqqqqqqqqqqqqqqqqqqqqqqqqqqqqqqqqqqqu[4;1H[0;30;44mx[0;7;37;40m NixOS 25.05.20251022.c8aa8cc Installer                                                         [0;30;44mx[5;1H[0;30;44mx[0;37;44m Options                                                                                      > [0;30;44mx[6;1H[0;30;44mx[0;37;44m Memtest86+                                                                                     [0;30;44mx[7;1H[0;30;44mx[0;37;44m                                                                                                [0;30;44mx[8;1H[0;30;44mx[0;37;44m                                                                                                [0;30;44mx[9;1H[0;30;44mx[0;37;44m                                                                                                [0;30;44mx[10;1H[0;30;44mmqqqqqqqqqqqqqqqqqqqqqqqqqqqqqqqqqqqqqqqqqqqqqqqqqqqqqqqqqqqqqqqqqqqqqqqqqqqqqqqqqqqqqqqqqqqqqqqqj[0;31;40m[34;36HPress [Tab] to edit options[0;37;40m[35;1H[?25he%@)0(B[0;37;40m[?25l[2J[?25h[35;1H[0mLoading /boot//nix/store/cjrhr0f61a0c68r4vq0qxws3jadn48yj-linux-6.12.54/bzImage... ok
Loading /boot//nix/store/y4jkdvcm47cc5kr7mijnbs4969x71frv-initrd-linux-6.12.54/initrd...ok

[1;32m<<< NixOS Stage 1 >>>[0m

loading module loop...
loading module overlay...
loading module vfat...
loading module nls_cp437...
loading module nls_iso8859-1...
loading module dm_mod...
running udev...
Starting systemd-udevd version 257.9
kbd_mode: KDSKBMODE: Inappropriate ioctl for device
%Gstarting device mapper and LVM...
mounting tmpfs on /...
mounting /dev/root on /iso...
[   10.301966] /dev/root: Can't open blockdev
mounting /mnt-root/iso/nix-store.squashfs on /nix/.ro-store...
mounting tmpfs on /nix/.rw-store...
mounting overlay on /nix/store...

[1;32m<<< NixOS Stage 2 >>>[0m

running activation script...
setting up /etc...
unpacking the NixOS/Nixpkgs sources...
ln: failed to create symbolic link '/root/.nix-defexpr/channels/channels': Read-only file system
starting systemd...
[!p]104[?7h
[0;1;39mWelcome to [0m[0;38;2;126;186;228mNixOS 25.05 (Warbler)[0m[0;1;39m![0m

[[0;32m  OK  [0m] Created slice [0;1;39mSlice /system/getty[0m.
[[0;32m  OK  [0m] Created slice [0;1;39mSlice /system/modprobe[0m.
[[0;32m  OK  [0m] Created slice [0;1;39mSlice /system/serial-getty[0m.
[[0;32m  OK  [0m] Created slice [0;1;39mUser and Session Slice[0m.
[[0;32m  OK  [0m] Started [0;1;39mDispatch Password Requests to Console Directory Watch[0m.
[[0;32m  OK  [0m] Started [0;1;39mForward Password Requests to Wall Directory Watch[0m.
         Expecting device [0;1;39m/dev/ttyS0[0m...
[[0;32m  OK  [0m] Reached target [0;1;39mLocal Encrypted Volumes[0m.
[[0;32m  OK  [0m] Reached target [0;1;39mContainers[0m.
[[0;32m  OK  [0m] Reached target [0;1;39mPath Units[0m.
[[0;32m  OK  [0m] Reached target [0;1;39mRemote File Systems[0m.
[[0;32m  OK  [0m] Reached target [0;1;39mSlice Units[0m.
[[0;32m  OK  [0m] Reached target [0;1;39mSwaps[0m.
[[0;32m  OK  [0m] Reached target [0;1;39mZFS pool import target[0m.
[[0;32m  OK  [0m] Listening on [0;1;39mProcess Core Dump Socket[0m.
[[0;32m  OK  [0m] Listening on [0;1;39mCredential Encryption/Decryption[0m.
[[0;32m  OK  [0m] Listening on [0;1;39mJournal Audit Socket[0m.
[[0;32m  OK  [0m] Listening on [0;1;39mJournal Socket (/dev/log)[0m.
[[0;32m  OK  [0m] Listening on [0;1;39mJournal Sockets[0m.
[[0;32m  OK  [0m] Listening on [0;1;39mNetwork Service Netlink Socket[0m.
[[0;32m  OK  [0m] Listening on [0;1;39mUserspace Out-Of-Memory (OOM) Killer Socket[0m.
[[0;32m  OK  [0m] Listening on [0;1;39mudev Control Socket[0m.
[[0;32m  OK  [0m] Listening on [0;1;39mudev Kernel Socket[0m.
         Mounting [0;1;39mHuge Pages File System[0m...
         Mounting [0;1;39mPOSIX Message Queue File System[0m...
         Mounting [0;1;39mKernel Debug File System[0m...
         Mounting [0;1;39mKernel Trace File System[0m...
         Starting [0;1;39mCreate List of Static Device Nodes[0m...
         Starting [0;1;39mLoad Kernel Module configfs[0m...
         Starting [0;1;39mLoad Kernel Module drm[0m...
         Starting [0;1;39mLoad Kernel Module efi_pstore[0m...
         Starting [0;1;39mLoad Kernel Module fuse[0m...
         Starting [0;1;39mmount-pstore.service[0m...
         Starting [0;1;39mJournal Service[0m...
         Starting [0;1;39mLoad Kernel Modules[0m...
         Starting [0;1;39mUserspace Out-Of-Memory (OOM) Killer[0m...
         Starting [0;1;39mRemount Root and Kernel File Systems[0m...
         Starting [0;1;39mColdplug All udev Devices[0m...
[[0;32m  OK  [0m] Mounted [0;1;39mHuge Pages File System[0m.
[[0;32m  OK  [0m] Mounted [0;1;39mPOSIX Message Queue File System[0m.
[[0;32m  OK  [0m] Mounted [0;1;39mKernel Debug File System[0m.
[[0;32m  OK  [0m] Mounted [0;1;39mKernel Trace File System[0m.
[[0;32m  OK  [0m] Finished [0;1;39mCreate List of Static Device Nodes[0m.
         Starting [0;1;39mCreate Static Device Nodes in /dev gracefully[0m...
[[0;32m  OK  [0m] Finished [0;1;39mRemount Root and Kernel File Systems[0m.
         Starting [0;1;39mLoad/Save OS Random Seed[0m...
         Starting [0;1;39mNetwork Time Synchronization[0m...
[[0;32m  OK  [0m] Finished [0;1;39mLoad/Save OS Random Seed[0m.
[[0;32m  OK  [0m] Reached target [0;1;39mFirst Boot Complete[0m.
[[0;32m  OK  [0m] Finished [0;1;39mCreate Static Device Nodes in /dev gracefully[0m.
         Starting [0;1;39mCreate Static Device Nodes in /dev[0m...
[[0;32m  OK  [0m] Finished [0;1;39mLoad Kernel Module drm[0m.
[[0;32m  OK  [0m] Finished [0;1;39mLoad Kernel Module configfs[0m.
         Mounting [0;1;39mKernel Configuration File System[0m...
[[0;32m  OK  [0m] Finished [0;1;39mLoad Kernel Module fuse[0m.
         Mounting [0;1;39mFUSE Control File System[0m...
[[0;32m  OK  [0m] Finished [0;1;39mLoad Kernel Module efi_pstore[0m.
[[0;32m  OK  [0m] Mounted [0;1;39mKernel Configuration File System[0m.
[[0;32m  OK  [0m] Started [0;1;39mUserspace Out-Of-Memory (OOM) Killer[0m.
[[0;32m  OK  [0m] Mounted [0;1;39mFUSE Control File System[0m.
[[0;32m  OK  [0m] Started [0;1;39mJournal Service[0m.
         Starting [0;1;39mFlush Journal to Persistent Storage[0m...
[[0;32m  OK  [0m] Finished [0;1;39mCreate Static Device Nodes in /dev[0m.
[[0;32m  OK  [0m] Finished [0;1;39mColdplug All udev Devices[0m.
[[0;32m  OK  [0m] Finished [0;1;39mFlush Journal to Persistent Storage[0m.
[[0;32m  OK  [0m] Reached target [0;1;39mPreparation for Local File Systems[0m.
         Mounting [0;1;39m/run/wrappers[0m...
         Starting [0;1;39mRule-based Manager for Device Events and Files[0m...
[[0;32m  OK  [0m] Mounted [0;1;39m/run/wrappers[0m.
         Starting [0;1;39mCreate SUID/SGID Wrappers[0m...
[[0;32m  OK  [0m] Finished [0;1;39mmount-pstore.service[0m.
[[0m[0;31m*     [0m] (1 of 5) A start job is running for /dev/ttyS0 (26s / 1min 30s)
M[K[[0;32m  OK  [0m] Started [0;1;39mRule-based Manager for Device Events and Files[0m.
[K[[0;32m  OK  [0m] Finished [0;1;39mLoad Kernel Modules[0m.
         Starting [0;1;39mFirewall[0m...
         Starting [0;1;39mApply Kernel Variables[0m...
         Starting [0;1;39mMount ZFS filesystems[0m...
[[0;32m  OK  [0m] Started [0;1;39mNetwork Time Synchronization[0m.
[[0;32m  OK  [0m] Finished [0;1;39mApply Kernel Variables[0m.
         Starting [0;1;39mNetwork Name Resolution[0m...
[[0;32m  OK  [0m] Finished [0;1;39mMount ZFS filesystems[0m.
[[0;32m  OK  [0m] Reached target [0;1;39mLocal File Systems[0m.
[[0;32m  OK  [0m] Listening on [0;1;39mBoot Entries Service Socket[0m.
         Starting [0;1;39mSave Transient machine-id to Disk[0m...
         Starting [0;1;39mCreate System Files and Directories[0m...
[[0;32m  OK  [0m] Finished [0;1;39mSave Transient machine-id to Disk[0m.
[[0;32m  OK  [0m] Finished [0;1;39mCreate System Files and Directories[0m.
         Starting [0;1;39mRebuild Journal Catalog[0m...
         Starting [0;1;39mRecord System Boot/Shutdown in UTMP[0m...
[[0;32m  OK  [0m] Finished [0;1;39mRecord System Boot/Shutdown in UTMP[0m.
[[0;32m  OK  [0m] Found device [0;1;39m/dev/ttyS0[0m.
[[0;32m  OK  [0m] Finished [0;1;39mRebuild Journal Catalog[0m.
         Starting [0;1;39mUpdate is Completed[0m...
[[0;32m  OK  [0m] Finished [0;1;39mUpdate is Completed[0m.
[[0;32m  OK  [0m] Started [0;1;39mNetwork Name Resolution[0m.
[[0;32m  OK  [0m] Finished [0;1;39mCreate SUID/SGID Wrappers[0m.
[[0;32m  OK  [0m] Reached target [0;1;39mSystem Initialization[0m.
[[0;32m  OK  [0m] Started [0;1;39mDiscard unused filesystem blocks once a week[0m.
[[0;32m  OK  [0m] Started [0;1;39mDaily Cleanup of Temporary Directories[0m.
[[0;32m  OK  [0m] Started [0;1;39mzpool-trim.timer[0m.
[[0;32m  OK  [0m] Reached target [0;1;39mTimer Units[0m.
[[0;32m  OK  [0m] Listening on [0;1;39mD-Bus System Message Bus Socket[0m.
[[0;32m  OK  [0m] Listening on [0;1;39mNix Daemon Socket[0m.
[[0;32m  OK  [0m] Listening on [0;1;39mOpenSSH Server Socketâ€¦temd-ssh-generator, AF_UNIX Local)[0m.
[[0;32m  OK  [0m] Listening on [0;1;39mOpenSSH Server Socket (systemd-ssh-generator, AF_VSOCK)[0m.
[[0;32m  OK  [0m] Listening on [0;1;39mHostname Service Socket[0m.
[[0;32m  OK  [0m] Reached target [0;1;39mSocket Units[0m.
[[0;32m  OK  [0m] Reached target [0;1;39mBasic System[0m.
         Starting [0;1;39mKernel Auditing[0m...
         Starting [0;1;39mName Service Cache Daemon (nsncd)[0m...
         Starting [0;1;39mPre-NixOS setup[0m...
[[0;32m  OK  [0m] Started [0;1;39mReset console on configuration changes[0m.
         Starting [0;1;39mZFS file system shares[0m...
[[0;32m  OK  [0m] Started [0;1;39mZFS Event Daemon (zed)[0m.
         Starting [0;1;39mD-Bus System Message Bus[0m...
[[0;32m  OK  [0m] Finished [0;1;39mZFS file system shares[0m.
[[0;32m  OK  [0m] Reached target [0;1;39mZFS startup target[0m.
[[0;32m  OK  [0m] Started [0;1;39mName Service Cache Daemon (nsncd)[0m.
[[0;32m  OK  [0m] Reached target [0;1;39mHost and Network Name Lookups[0m.
[[0;32m  OK  [0m] Reached target [0;1;39mUser and Group Name Lookups[0m.
         Starting [0;1;39mUser Login Management[0m...
[[0;32m  OK  [0m] Finished [0;1;39mKernel Auditing[0m.
[[0;32m  OK  [0m] Started [0;1;39mD-Bus System Message Bus[0m.
[[0;32m  OK  [0m] Started [0;1;39mUser Login Management[0m.
[[0;1;31m*[0m[0;31m*    [0m] (1 of 2) A start job is running for Firewall (42s / no limit)
M[K[[0;31m*[0;1;31m*[0m[0;31m*   [0m] (1 of 2) A start job is running for Firewall (43s / no limit)
M[K[ [0;31m*[0;1;31m*[0m[0;31m*  [0m] (2 of 2) A start job is running for Pre-NixOS setup (43s / no limit)
M[K[  [0;31m*[0;1;31m*[0m[0;31m* [0m] (2 of 2) A start job is running for Pre-NixOS setup (44s / no limit)
M[K[   [0;31m*[0;1;31m*[0m[0;31m*[0m] (2 of 2) A start job is running for Pre-NixOS setup (44s / no limit)
M[K[    [0;31m*[0;1;31m*[0m] (1 of 2) A start job is running for Firewall (45s / no limit)
M[K[[0;32m  OK  [0m] Finished [0;1;39mFirewall[0m.
[K[[0;32m  OK  [0m] Reached target [0;1;39mPreparation for Network[0m.
         Starting [0;1;39mNetwork Configuration[0m...
         Starting [0;1;39mVirtual Console Setup[0m...
pre-nixos boot image version 0.7.10
pre-nixos boot image version 0.7.10
[[0;32m  OK  [0m] Stopped [0;1;39mVirtual Console Setup[0m.
         Starting [0;1;39mVirtual Console Setup[0m...
[[0;32m  OK  [0m] Listening on [0;1;39mLoad/Save RF Kill Switch Status /dev/rfkill Watch[0m.
[[0;32m  OK  [0m] Stopped [0;1;39mVirtual Console Setup[0m.
         Starting [0;1;39mVirtual Console Setup[0m...
[[0;32m  OK  [0m] Started [0;1;39mNetwork Configuration[0m.
[[0;32m  OK  [0m] Reached target [0;1;39mNetwork[0m.
         Starting [0;1;39mEnable Persistent Storage in systemd-networkd[0m...
         Starting [0;1;39mPermit User Sessions[0m...
[[0;32m  OK  [0m] Finished [0;1;39mPermit User Sessions[0m.
[[0;32m  OK  [0m] Started [0;1;39mGetty on tty1[0m.
[[0;32m  OK  [0m] Started [0;1;39mSerial Getty on ttyS0[0m.
[[0;32m  OK  [0m] Reached target [0;1;39mLogin Prompts[0m.
[[0;32m  OK  [0m] Finished [0;1;39mEnable Persistent Storage in systemd-networkd[0m.
[[0;32m  OK  [0m] Finished [0;1;39mVirtual Console Setup[0m.
[!p]104[?7h[6n[32766;32766H[6n[!p]104[?7h[6n[32766;32766H[6n
<<< Welcome to the pre-nixos auto-install boot image (25.05.20251022.c8aa8cc, x86_64) - ttyS0 >>>
Automatic installation is disabled; run pre-nixos to configure networking and start installation.
(PRE_NIXOS_AUTO_INSTALL=)
The "nixos" and "root" accounts have empty passwords for console logins.

SSH access:
  - Use the matching private key for the embedded root SSH key to log in as root.
  - Add additional public keys to /root/.ssh/authorized_keys if needed.


Networking starts automatically; verify connectivity with ip addr or networkctl.

Run "nixos-help" for the NixOS manual.
nixos login: nixos (automatic login)

export PS1='PRE-NIXOS> '; printf '__PROMPT_READY__1766536349148__\n'
export PS1='PRE-NIXOS> '; printf '__PROMPT_READY__1766536349148__\n'
LAN IPv4 address: 10.0.2.15
LAN IPv4 address: 10.0.2.15
pre-nixos boot image version 0.7.10
LAN IPv4 address: 10.0.2.15
[?2004h
[1;32m[]0;nixos@nixos: ~nixos@nixos:~]$[0m export PS1='PRE-NIXOS> '; printf '__PROMPT_READY__1766536349148__\n'
[?2004l
__PROMPT_READY__1766536349148__
[?2004hPRE-NIXOS> printf '__UID_MARK__1766536357250__%s__UID_MARK__1766536357250__\n' "$(id -u)"

[?2004l[?2004hPRE-NIXOS> export PS1='PRE-NIXOS> '; printf '__PROMPT_READY__1766536357353__\n'
printf '__UID_MARK__1766536357250__%s__UID_MARK__1766536357250__\n' "$(id -u)"
[?2004lexport PS1='PRE-NIXOS> '; printf '__PROMPT_READY__1766536357353__\n'
__UID_MARK__1766536357250__1000__UID_MARK__1766536357250__
[?2004hPRE-NIXOS> 
export PS1='PRE-NIXOS> '; printf '__PROMPT_READY__1766536357353__\n'
[?2004l__PROMPT_READY__1766536357353__
[?2004hPRE-NIXOS> printf '__UID_MARK__1766536357250__%s__UID_MARK__1766536357250__\n' "$(id -u)"
sudo -i

[?2004l[?2004hPRE-NIXOS> printf '__UID_MARK__1766536357250__%s__UID_MARK__1766536357250__\n' "$(id -u)"
[?2004lsudo -i
__UID_MARK__1766536357250__1000__UID_MARK__1766536357250__
[?2004hPRE-NIXOS> sudo -i
[?2004lpre-nixos boot image version 0.7.10
LAN IPv4 address: 10.0.2.15
[?2004h
[1;31m[]0;root@nixos: ~root@nixos:~]#[0m export PS1='PRE-NIXOS> '; printf '__PROMPT_READY__1766536358985__\n'
export PS1='PRE-NIXOS> '; printf '__PROMPT_READY__1766536358985__\n'
[?2004l__PROMPT_READY__1766536358985__
[?2004hPRE-NIXOS> 

[?2004l[?2004hPRE-NIXOS> printf '__UID_MARK__1766536359050__%s__UID_MARK__1766536359050__\n' "$(id -u)"
printf '__UID_MARK__1766536359050__%s__UID_MARK__1766536359050__\n' "$(id -u)"
[?2004l__UID_MARK__1766536359050__0__UID_MARK__1766536359050__
[?2004hPRE-NIXOS> :
:
[?2004l[?2004hPRE-NIXOS> command -v disko >/dev/null 2>&1 && echo OK || echo MISSING
command -v disko >/dev/null 2>&1 && echo OK || echo MISSING
[?2004lOK
[?2004hPRE-NIXOS> command -v findmnt >/dev/null 2>&1 && echo OK || echo MISSING
command -v findmnt >/dev/null 2>&1 && echo OK || echo MISSING
[?2004lOK
[?2004hPRE-NIXOS> command -v lsblk >/dev/null 2>&1 && echo OK || echo MISSING
command -v lsblk >/dev/null 2>&1 && echo OK || echo MISSING
[?2004lOK
[?2004hPRE-NIXOS> command -v wipefs >/dev/null 2>&1 && echo OK || echo MISSING
command -v wipefs >/dev/null 2>&1 && echo OK || echo MISSING
[?2004lOK
[?2004hPRE-NIXOS> cat /run/pre-nixos/storage-status 2>/dev/null || true
cat /run/pre-nixos/storage-status 2>/dev/null || true
[?2004l[?2004hPRE-NIXOS> cat /run/pre-nixos/storage-status 2>/dev/null || true
cat /run/pre-nixos/storage-status 2>/dev/null || true
[?2004l[?2004hPRE-NIXOS> cat /run/pre-nixos/storage-status 2>/dev/null || true
cat /run/pre-nixos/storage-status 2>/dev/null || true
[?2004l[?2004hPRE-NIXOS> cat /run/pre-nixos/storage-status 2>/dev/null || true
cat /run/pre-nixos/storage-status 2>/dev/null || true
[?2004l[?2004hPRE-NIXOS> cat /run/pre-nixos/storage-status 2>/dev/null || true
cat /run/pre-nixos/storage-status 2>/dev/null || true
[?2004l[?2004hPRE-NIXOS> cat /run/pre-nixos/storage-status 2>/dev/null || true
cat /run/pre-nixos/storage-status 2>/dev/null || true
[?2004l[?2004hPRE-NIXOS> cat /run/pre-nixos/storage-status 2>/dev/null || true
cat /run/pre-nixos/storage-status 2>/dev/null || true
[?2004l[?2004hPRE-NIXOS> cat /run/pre-nixos/storage-status 2>/dev/null || true
cat /run/pre-nixos/storage-status 2>/dev/null || true
[?2004l[?2004hPRE-NIXOS> cat /run/pre-nixos/storage-status 2>/dev/null || true
cat /run/pre-nixos/storage-status 2>/dev/null || true
[?2004l[?2004hPRE-NIXOS> cat /run/pre-nixos/storage-status 2>/dev/null || true
cat /run/pre-nixos/storage-status 2>/dev/null || true
[?2004l[?2004hPRE-NIXOS> cat /run/pre-nixos/storage-status 2>/dev/null || true
cat /run/pre-nixos/storage-status 2>/dev/null || true
[?2004l[?2004hPRE-NIXOS> cat /run/pre-nixos/storage-status 2>/dev/null || true
cat /run/pre-nixos/storage-status 2>/dev/null || true
[?2004l[?2004hPRE-NIXOS> cat /run/pre-nixos/storage-status 2>/dev/null || true
cat /run/pre-nixos/storage-status 2>/dev/null || true
[?2004l[?2004hPRE-NIXOS> cat /run/pre-nixos/storage-status 2>/dev/null || true
cat /run/pre-nixos/storage-status 2>/dev/null || true
[?2004lSTATE=applied
DETAIL=auto-applied
AUTO_INSTALL=skipped
AUTO_INSTALL_REASON=disabled
[?2004hPRE-NIXOS> :
:
[?2004l[?2004hPRE-NIXOS> 

[?2004l[?2004hPRE-NIXOS> printf '__UID_MARK__1766536426601__%s__UID_MARK__1766536426601__\n' "$(id -u)"
printf '__UID_MARK__1766536426601__%s__UID_MARK__1766536426601__\n' "$(id -u)"
[?2004l__UID_MARK__1766536426601__0__UID_MARK__1766536426601__
[?2004hPRE-NIXOS> vgs --noheadings --separator '|' -o vg_name
vgs --noheadings --separator '|' -o vg_name
[?2004l  main
[?2004hPRE-NIXOS> 

[?2004l[?2004hPRE-NIXOS> printf '__UID_MARK__1766536427023__%s__UID_MARK__1766536427023__\n' "$(id -u)"
printf '__UID_MARK__1766536427023__%s__UID_MARK__1766536427023__\n' "$(id -u)"
[?2004l__UID_MARK__1766536427023__0__UID_MARK__1766536427023__
[?2004hPRE-NIXOS> lvs --noheadings --separator '|' -o lv_name,vg_name
lvs --noheadings --separator '|' -o lv_name,vg_name
[?2004l  slash|main
  swap|main
[?2004hPRE-NIXOS> ip -o -4 addr show dev lan 2>/dev/null || true
ip -o -4 addr show dev lan 2>/dev/null || true
[?2004l2: lan    inet [35m10.0.2.15[0m/24 metric 1024 brd [35m10.0.2.255 [0mscope global dynamic lan\       valid_lft 86325sec preferred_lft 86325sec
[?2004hPRE-NIXOS> :
:
[?2004l[?2004hPRE-NIXOS> :
:
[?2004l[?2004hPRE-NIXOS> systemctl is-active pre-nixos 2>/dev/null || true
systemctl is-active pre-nixos 2>/dev/null || true
[?2004lactivating
[?2004hPRE-NIXOS> systemctl is-active pre-nixos 2>/dev/null || true
LAN IPv4 address: 10.0.2.15
LAN IPv4 address: 10.0.2.15
LAN IPv4 address: 10.0.2.15
systemctl is-active pre-nixos 2>/dev/null || true
[?2004linactive
[?2004hPRE-NIXOS> :
:
[?2004l[?2004hPRE-NIXOS> ip -o -4 addr show dev lan 2>/dev/null || true
ip -o -4 addr show dev lan 2>/dev/null || true
[?2004l2: lan    inet [35m10.0.2.15[0m/24 metric 1024 brd [35m10.0.2.255 [0mscope global dynamic lan\       valid_lft 86312sec preferred_lft 86312sec
[?2004hPRE-NIXOS> :
:
[?2004l[?2004hPRE-NIXOS> :
:
[?2004l[?2004hPRE-NIXOS> command -v mdadm >/dev/null 2>&1 && echo OK || echo MISSING
command -v mdadm >/dev/null 2>&1 && echo OK || echo MISSING
[?2004lOK
[?2004hPRE-NIXOS> command -v pvcreate >/dev/null 2>&1 && echo OK || echo MISSING
command -v pvcreate >/dev/null 2>&1 && echo OK || echo MISSING
[?2004lOK
[?2004hPRE-NIXOS> command -v vgcreate >/dev/null 2>&1 && echo OK || echo MISSING
command -v vgcreate >/dev/null 2>&1 && echo OK || echo MISSING
[?2004lOK
[?2004hPRE-NIXOS> command -v lvcreate >/dev/null 2>&1 && echo OK || echo MISSING
command -v lvcreate >/dev/null 2>&1 && echo OK || echo MISSING
[?2004lOK
[?2004hPRE-NIXOS> command -v blkid >/dev/null 2>&1 && echo OK || echo MISSING
command -v blkid >/dev/null 2>&1 && echo OK || echo MISSING
[?2004lOK
[?2004hPRE-NIXOS> 

[?2004l[?2004hPRE-NIXOS> printf '__UID_MARK__1766536440414__%s__UID_MARK__1766536440414__\n' "$(id -u)"
printf '__UID_MARK__1766536440414__%s__UID_MARK__1766536440414__\n' "$(id -u)"
[?2004l__UID_MARK__1766536440414__0__UID_MARK__1766536440414__
[?2004hPRE-NIXOS> mdadm --create /dev/md127 --force --raid1 --level=1 --metadata=1.2 --raid-devices=2 /dev/vdb /dev/vdc
mdadm --create /dev/md127 --force --raid1 --level=1 --metadata=1.2 --raid-devices=2 /dev/vdb /dev/vdc
[?2004lmdadm: unrecognized option '--raid1'
Usage: mdadm --help
  for help
[?2004hPRE-NIXOS> 

[?2004l[?2004hPRE-NIXOS> printf '__UID_MARK__1766536440731__%s__UID_MARK__1766536440731__\n' "$(id -u)"
printf '__UID_MARK__1766536440731__%s__UID_MARK__1766536440731__\n' "$(id -u)"
[?2004l__UID_MARK__1766536440731__0__UID_MARK__1766536440731__
[?2004hPRE-NIXOS> pvcreate /dev/md127
pvcreate /dev/md127
[?2004l  No device found for /dev/md127.
[?2004hPRE-NIXOS> 

[?2004l[?2004hPRE-NIXOS> printf '__UID_MARK__1766536441159__%s__UID_MARK__1766536441159__\n' "$(id -u)"
printf '__UID_MARK__1766536441159__%s__UID_MARK__1766536441159__\n' "$(id -u)"
[?2004l__UID_MARK__1766536441159__0__UID_MARK__1766536441159__
[?2004hPRE-NIXOS> vgcreate vg_residue /dev/md127
vgcreate vg_residue /dev/md127
[?2004l  No device found for /dev/md127.
[?2004hPRE-NIXOS> 

[?2004l[?2004hPRE-NIXOS> printf '__UID_MARK__1766536441559__%s__UID_MARK__1766536441559__\n' "$(id -u)"
printf '__UID_MARK__1766536441559__%s__UID_MARK__1766536441559__\n' "$(id -u)"
[?2004l__UID_MARK__1766536441559__0__UID_MARK__1766536441559__
[?2004hPRE-NIXOS> lvcreate -n lv_residue -l 100%FREE vg_residue
lvcreate -n lv_residue -l 100%FREE vg_residue
[?2004l  Volume group "vg_residue" not found
  Cannot process volume group vg_residue
[?2004hPRE-NIXOS> 

[?2004l[?2004hPRE-NIXOS> printf '__UID_MARK__1766536441978__%s__UID_MARK__1766536441978__\n' "$(id -u)"
printf '__UID_MARK__1766536441978__%s__UID_MARK__1766536441978__\n' "$(id -u)"
[?2004l__UID_MARK__1766536441978__0__UID_MARK__1766536441978__
[?2004hPRE-NIXOS> bash -c 'echo residue-marker >/dev/vg_residue/lv_residue && sync'
bash -c 'echo residue-marker >/dev/vg_residue/lv_residue && sync'
[?2004lbash: line 1: /dev/vg_residue/lv_residue: No such file or directory
[?2004hPRE-NIXOS> 

[?2004l[?2004hPRE-NIXOS> printf '__UID_MARK__1766536442309__%s__UID_MARK__1766536442309__\n' "$(id -u)"
printf '__UID_MARK__1766536442309__%s__UID_MARK__1766536442309__\n' "$(id -u)"
[?2004l__UID_MARK__1766536442309__0__UID_MARK__1766536442309__
[?2004hPRE-NIXOS> cat /dev/vg_residue/lv_residue 2>/dev/null || true
cat /dev/vg_residue/lv_residue 2>/dev/null || true
[?2004l[?2004hPRE-NIXOS> dmesg --color=never 2>&1 || dmesg 2>&1 || true
dmesg --color=never 2>&1 || dmesg 2>&1 || true
[?2004l[    0.000000] Linux version 6.12.54 (nixbld@localhost) (gcc (GCC) 14.3.0, GNU ld (GNU Binutils) 2.44) #1-NixOS SMP PREEMPT_DYNAMIC Sun Oct 19 14:34:07 UTC 2025
[    0.000000] Command line: BOOT_IMAGE=/boot//nix/store/cjrhr0f61a0c68r4vq0qxws3jadn48yj-linux-6.12.54/bzImage init=/nix/store/dfhm82gd0sqgk4iwqpmqbff4xadk8l49-nixos-system-nixos-25.05.20251022.c8aa8cc/init root=LABEL=nixos-minimal-25.05-x86_64 boot.shell_on_fail console=tty0 console=ttyS0,115200n8 nohibernate loglevel=4 lsm=landlock,yama,bpf  initrd=/boot//nix/store/y4jkdvcm47cc5kr7mijnbs4969x71frv-initrd-linux-6.12.54/initrd
[    0.000000] BIOS-provided physical RAM map:
[    0.000000] BIOS-e820: [mem 0x0000000000000000-0x000000000009fbff] usable
[    0.000000] BIOS-e820: [mem 0x000000000009fc00-0x000000000009ffff] reserved
[    0.000000] BIOS-e820: [mem 0x00000000000f0000-0x00000000000fffff] reserved
[    0.000000] BIOS-e820: [mem 0x0000000000100000-0x000000007ffdcfff] usable
[    0.000000] BIOS-e820: [mem 0x000000007ffdd000-0x000000007fffffff] reserved
[    0.000000] BIOS-e820: [mem 0x00000000fffc0000-0x00000000ffffffff] reserved
[    0.000000] BIOS-e820: [mem 0x000000fd00000000-0x000000ffffffffff] reserved
[    0.000000] NX (Execute Disable) protection: active
[    0.000000] APIC: Static calls initialized
[    0.000000] SMBIOS 3.0.0 present.
[    0.000000] DMI: QEMU Ubuntu 24.04 PC (i440FX + PIIX, 1996), BIOS 1.16.3-debian-1.16.3-2 04/01/2014
[    0.000000] DMI: Memory slots populated: 1/1
[    0.000000] tsc: Fast TSC calibration using PIT
[    0.000000] tsc: Detected 2793.483 MHz processor
[    0.012612] e820: update [mem 0x00000000-0x00000fff] usable ==> reserved
[    0.012930] e820: remove [mem 0x000a0000-0x000fffff] usable
[    0.013201] last_pfn = 0x7ffdd max_arch_pfn = 0x400000000
[    0.014235] MTRR map: 4 entries (3 fixed + 1 variable; max 19), built from 8 variable MTRRs
[    0.014459] x86/PAT: Configuration [0-7]: WB  WC  UC- UC  WB  WP  UC- WT  
[    0.037529] found SMP MP-table at [mem 0x000f5470-0x000f547f]
[    0.045244] RAMDISK: [mem 0x7e624000-0x7ffdcfff]
[    0.045932] ACPI: Early table checksum verification disabled
[    0.046604] ACPI: RSDP 0x00000000000F5290 000014 (v00 BOCHS )
[    0.047025] ACPI: RSDT 0x000000007FFE1CB9 000034 (v01 BOCHS  BXPC     00000001 BXPC 00000001)
[    0.048033] ACPI: FACP 0x000000007FFE1B65 000074 (v01 BOCHS  BXPC     00000001 BXPC 00000001)
[    0.049023] ACPI: DSDT 0x000000007FFE0040 001B25 (v01 BOCHS  BXPC     00000001 BXPC 00000001)
[    0.049149] ACPI: FACS 0x000000007FFE0000 000040
[    0.049262] ACPI: APIC 0x000000007FFE1BD9 000080 (v03 BOCHS  BXPC     00000001 BXPC 00000001)
[    0.049301] ACPI: HPET 0x000000007FFE1C59 000038 (v01 BOCHS  BXPC     00000001 BXPC 00000001)
[    0.049356] ACPI: WAET 0x000000007FFE1C91 000028 (v01 BOCHS  BXPC     00000001 BXPC 00000001)
[    0.049501] ACPI: Reserving FACP table memory at [mem 0x7ffe1b65-0x7ffe1bd8]
[    0.049532] ACPI: Reserving DSDT table memory at [mem 0x7ffe0040-0x7ffe1b64]
[    0.049543] ACPI: Reserving FACS table memory at [mem 0x7ffe0000-0x7ffe003f]
[    0.049551] ACPI: Reserving APIC table memory at [mem 0x7ffe1bd9-0x7ffe1c58]
[    0.049558] ACPI: Reserving HPET table memory at [mem 0x7ffe1c59-0x7ffe1c90]
[    0.049565] ACPI: Reserving WAET table memory at [mem 0x7ffe1c91-0x7ffe1cb8]
[    0.055621] No NUMA configuration found
[    0.055660] Faking a node at [mem 0x0000000000000000-0x000000007ffdcfff]
[    0.056612] NODE_DATA(0) allocated [mem 0x7e61e8c0-0x7e623dff]
[    0.060227] Zone ranges:
[    0.060276]   DMA      [mem 0x0000000000001000-0x0000000000ffffff]
[    0.060377]   DMA32    [mem 0x0000000001000000-0x000000007ffdcfff]
[    0.060393]   Normal   empty
[    0.060410]   Device   empty
[    0.060423] Movable zone start for each node
[    0.060467] Early memory node ranges
[    0.060499]   node   0: [mem 0x0000000000001000-0x000000000009efff]
[    0.060752]   node   0: [mem 0x0000000000100000-0x000000007ffdcfff]
[    0.060956] Initmem setup node 0 [mem 0x0000000000001000-0x000000007ffdcfff]
[    0.062635] On node 0, zone DMA: 1 pages in unavailable ranges
[    0.063663] On node 0, zone DMA: 97 pages in unavailable ranges
[    0.160252] On node 0, zone DMA32: 35 pages in unavailable ranges
[    0.161573] ACPI: PM-Timer IO Port: 0x608
[    0.162375] ACPI: LAPIC_NMI (acpi_id[0xff] dfl dfl lint[0x1])
[    0.163034] IOAPIC[0]: apic_id 0, version 32, address 0xfec00000, GSI 0-23
[    0.163221] ACPI: INT_SRC_OVR (bus 0 bus_irq 0 global_irq 2 dfl dfl)
[    0.163593] ACPI: INT_SRC_OVR (bus 0 bus_irq 5 global_irq 5 high level)
[    0.163667] ACPI: INT_SRC_OVR (bus 0 bus_irq 9 global_irq 9 high level)
[    0.163818] ACPI: INT_SRC_OVR (bus 0 bus_irq 10 global_irq 10 high level)
[    0.163848] ACPI: INT_SRC_OVR (bus 0 bus_irq 11 global_irq 11 high level)
[    0.164161] ACPI: Using ACPI (MADT) for SMP configuration information
[    0.164232] ACPI: HPET id: 0x8086a201 base: 0xfed00000
[    0.164813] CPU topo: Max. logical packages:   1
[    0.164834] CPU topo: Max. logical dies:       1
[    0.164847] CPU topo: Max. dies per package:   1
[    0.164936] CPU topo: Max. threads per core:   1
[    0.165206] CPU topo: Num. cores per package:     2
[    0.165228] CPU topo: Num. threads per package:   2
[    0.165239] CPU topo: Allowing 2 present CPUs plus 0 hotplug CPUs
[    0.166676] PM: hibernation: Registered nosave memory: [mem 0x00000000-0x00000fff]
[    0.166716] PM: hibernation: Registered nosave memory: [mem 0x0009f000-0x000fffff]
[    0.166882] [mem 0x80000000-0xfffbffff] available for PCI devices
[    0.166964] Booting paravirtualized kernel on bare hardware
[    0.167663] clocksource: refined-jiffies: mask: 0xffffffff max_cycles: 0xffffffff, max_idle_ns: 1910969940391419 ns
[    0.181294] setup_percpu: NR_CPUS:384 nr_cpumask_bits:2 nr_cpu_ids:2 nr_node_ids:1
[    0.189829] percpu: Embedded 116 pages/cpu s294912 r65536 d114688 u1048576
[    0.190403] pcpu-alloc: s294912 r65536 d114688 u1048576 alloc=1*2097152
[    0.190521] pcpu-alloc: [0] 0 1 
[    0.191938] Kernel command line: BOOT_IMAGE=/boot//nix/store/cjrhr0f61a0c68r4vq0qxws3jadn48yj-linux-6.12.54/bzImage init=/nix/store/dfhm82gd0sqgk4iwqpmqbff4xadk8l49-nixos-system-nixos-25.05.20251022.c8aa8cc/init root=LABEL=nixos-minimal-25.05-x86_64 boot.shell_on_fail console=tty0 console=ttyS0,115200n8 nohibernate loglevel=4 lsm=landlock,yama,bpf  initrd=/boot//nix/store/y4jkdvcm47cc5kr7mijnbs4969x71frv-initrd-linux-6.12.54/initrd
[    0.199820] Dentry cache hash table entries: 262144 (order: 9, 2097152 bytes, linear)
[    0.202914] Inode-cache hash table entries: 131072 (order: 8, 1048576 bytes, linear)
[    0.207253] Fallback order for Node 0: 0 
[    0.207871] Built 1 zonelists, mobility grouping on.  Total pages: 524155
[    0.207896] Policy zone: DMA32
[    0.220579] mem auto-init: stack:all(zero), heap alloc:on, heap free:off
[    0.476966] SLUB: HWalign=64, Order=0-3, MinObjects=0, CPUs=2, Nodes=1
[    0.482275] allocated 4194304 bytes of page_ext
[    0.485973] ftrace: allocating 46196 entries in 181 pages
[    0.529542] ftrace: allocated 181 pages with 5 groups
[    0.544811] Dynamic Preempt: voluntary
[    0.553047] rcu: Preemptible hierarchical RCU implementation.
[    0.553071] rcu: 	RCU event tracing is enabled.
[    0.553134] rcu: 	RCU restricting CPUs from NR_CPUS=384 to nr_cpu_ids=2.
[    0.553352] 	Trampoline variant of Tasks RCU enabled.
[    0.553363] 	Rude variant of Tasks RCU enabled.
[    0.553372] 	Tracing variant of Tasks RCU enabled.
[    0.553538] rcu: RCU calculated value of scheduler-enlistment delay is 100 jiffies.
[    0.553606] rcu: Adjusting geometry for rcu_fanout_leaf=16, nr_cpu_ids=2
[    0.555719] RCU Tasks: Setting shift to 1 and lim to 1 rcu_task_cb_adjust=1 rcu_task_cpu_ids=2.
[    0.555800] RCU Tasks Rude: Setting shift to 1 and lim to 1 rcu_task_cb_adjust=1 rcu_task_cpu_ids=2.
[    0.555830] RCU Tasks Trace: Setting shift to 1 and lim to 1 rcu_task_cb_adjust=1 rcu_task_cpu_ids=2.
[    0.603160] NR_IRQS: 24832, nr_irqs: 440, preallocated irqs: 16
[    0.617912] rcu: srcu_init: Setting srcu_struct sizes based on contention.
[    0.623444] kfence: initialized - using 2097152 bytes for 255 objects at 0x(____ptrval____)-0x(____ptrval____)
[    0.630982] Console: colour VGA+ 80x25
[    0.631589] printk: legacy console [tty0] enabled
[    0.634814] printk: legacy console [ttyS0] enabled
[    0.638403] ACPI: Core revision 20240827
[    0.648291] clocksource: hpet: mask: 0xffffffff max_cycles: 0xffffffff, max_idle_ns: 19112604467 ns
[    0.655314] APIC: Switch to symmetric I/O mode setup
[    0.662391] ..TIMER: vector=0x30 apic1=0 pin1=2 apic2=-1 pin2=-1
[    0.668255] clocksource: tsc-early: mask: 0xffffffffffffffff max_cycles: 0x2844349bbe6, max_idle_ns: 440795277905 ns
[    0.669503] Calibrating delay loop (skipped), value calculated using timer frequency.. 5586.96 BogoMIPS (lpj=2793483)
[    0.677188] Last level iTLB entries: 4KB 512, 2MB 255, 4MB 127
[    0.677226] Last level dTLB entries: 4KB 512, 2MB 255, 4MB 127, 1GB 0
[    0.677818] Spectre V1 : Mitigation: usercopy/swapgs barriers and __user pointer sanitization
[    0.678122] Spectre V2 : Mitigation: Retpolines
[    0.678160] Spectre V2 : Spectre v2 / SpectreRSB: Filling RSB on context switch and VMEXIT
[    0.681840] x86/fpu: x87 FPU will use FXSAVE
[    0.866522] Freeing SMP alternatives memory: 40K
[    0.868052] pid_max: default: 32768 minimum: 301
[    0.882400] LSM: initializing lsm=capability,landlock,yama,bpf
[    0.889095] landlock: Up and running.
[    0.889131] Yama: becoming mindful.
[    0.891366] LSM support for eBPF active
[    0.897852] Mount-cache hash table entries: 4096 (order: 3, 32768 bytes, linear)
[    0.898060] Mountpoint-cache hash table entries: 4096 (order: 3, 32768 bytes, linear)
[    1.050503] smpboot: CPU0: AMD QEMU Virtual CPU version 2.5+ (family: 0xf, model: 0x6b, stepping: 0x1)
[    1.071955] Performance Events: PMU not available due to virtualization, using software events only.
[    1.075130] signal: max sigframe size: 1440
[    1.077842] rcu: Hierarchical SRCU implementation.
[    1.077899] rcu: 	Max phase no-delay instances is 400.
[    1.082169] Timer migration: 1 hierarchy levels; 8 children per group; 1 crossnode level
[    1.092094] NMI watchdog: Perf NMI watchdog permanently disabled
[    1.095212] smp: Bringing up secondary CPUs ...
[    1.104883] smpboot: x86: Booting SMP configuration:
[    1.104934] .... node  #0, CPUs:      #1
[    1.183843] smp: Brought up 1 node, 2 CPUs
[    1.184689] smpboot: Total of 2 processors activated (11180.92 BogoMIPS)
[    1.195457] Memory: 1974868K/2096620K available (16384K kernel code, 2645K rwdata, 13032K rodata, 3424K init, 3344K bss, 111272K reserved, 0K cma-reserved)
[    1.212574] devtmpfs: initialized
[    1.215864] x86/mm: Memory block size: 128MB
[    1.235081] clocksource: jiffies: mask: 0xffffffff max_cycles: 0xffffffff, max_idle_ns: 1911260446275000 ns
[    1.235663] futex hash table entries: 512 (order: 3, 32768 bytes, linear)
[    1.243873] pinctrl core: initialized pinctrl subsystem
[    1.256277] PM: RTC time: 00:30:55, date: 2025-12-24
[    1.274701] NET: Registered PF_NETLINK/PF_ROUTE protocol family
[    1.282151] DMA: preallocated 256 KiB GFP_KERNEL pool for atomic allocations
[    1.282362] DMA: preallocated 256 KiB GFP_KERNEL|GFP_DMA pool for atomic allocations
[    1.282686] DMA: preallocated 256 KiB GFP_KERNEL|GFP_DMA32 pool for atomic allocations
[    1.283054] audit: initializing netlink subsys (disabled)
[    1.287090] audit: type=2000 audit(1766536254.631:1): state=initialized audit_enabled=0 res=1
[    1.293885] thermal_sys: Registered thermal governor 'bang_bang'
[    1.293934] thermal_sys: Registered thermal governor 'step_wise'
[    1.293949] thermal_sys: Registered thermal governor 'user_space'
[    1.294730] cpuidle: using governor menu
[    1.297357] acpiphp: ACPI Hot Plug PCI Controller Driver version: 0.5
[    1.303024] PCI: Using configuration type 1 for base access
[    1.303726] mtrr: your CPUs had inconsistent fixed MTRR settings
[    1.303756] mtrr: your CPUs had inconsistent variable MTRR settings
[    1.303777] mtrr: your CPUs had inconsistent MTRRdefType settings
[    1.303788] mtrr: probably your BIOS does not setup all CPUs.
[    1.303814] mtrr: corrected configuration.
[    1.315207] kprobes: kprobe jump-optimization is enabled. All kprobes are optimized if possible.
[    1.406077] HugeTLB: registered 2.00 MiB page size, pre-allocated 0 pages
[    1.406156] HugeTLB: 28 KiB vmemmap can be freed for a 2.00 MiB page
[    1.436674] ACPI: Added _OSI(Module Device)
[    1.436737] ACPI: Added _OSI(Processor Device)
[    1.436759] ACPI: Added _OSI(Processor Aggregator Device)
[    1.464957] ACPI: 1 ACPI AML tables successfully acquired and loaded
[    1.498465] ACPI: Interpreter enabled
[    1.500339] ACPI: PM: (supports S0 S3 S4 S5)
[    1.500415] ACPI: Using IOAPIC for interrupt routing
[    1.501180] PCI: Using host bridge windows from ACPI; if necessary, use "pci=nocrs" and report a bug
[    1.501243] PCI: Using E820 reservations for host bridge windows
[    1.503884] ACPI: Enabled 2 GPEs in block 00 to 0F
[    1.559704] ACPI: PCI Root Bridge [PCI0] (domain 0000 [bus 00-ff])
[    1.560861] acpi PNP0A03:00: _OSC: OS supports [ASPM ClockPM Segments MSI HPX-Type3]
[    1.561146] acpi PNP0A03:00: _OSC: not requesting OS control; OS requires [ExtendedConfig ASPM ClockPM MSI]
[    1.562287] acpi PNP0A03:00: fail to add MMCONFIG information, can't access extended configuration space under this bridge
[    1.569430] acpiphp: Slot [3] registered
[    1.570251] acpiphp: Slot [4] registered
[    1.570471] acpiphp: Slot [5] registered
[    1.570680] acpiphp: Slot [6] registered
[    1.570862] acpiphp: Slot [7] registered
[    1.571035] acpiphp: Slot [8] registered
[    1.571161] acpiphp: Slot [9] registered
[    1.571274] acpiphp: Slot [10] registered
[    1.571384] acpiphp: Slot [11] registered
[    1.571631] acpiphp: Slot [12] registered
[    1.571778] acpiphp: Slot [13] registered
[    1.571893] acpiphp: Slot [14] registered
[    1.572006] acpiphp: Slot [15] registered
[    1.572165] acpiphp: Slot [16] registered
[    1.572305] acpiphp: Slot [17] registered
[    1.572436] acpiphp: Slot [18] registered
[    1.572603] acpiphp: Slot [19] registered
[    1.572769] acpiphp: Slot [20] registered
[    1.572895] acpiphp: Slot [21] registered
[    1.573006] acpiphp: Slot [22] registered
[    1.573174] acpiphp: Slot [23] registered
[    1.573300] acpiphp: Slot [24] registered
[    1.573431] acpiphp: Slot [25] registered
[    1.573599] acpiphp: Slot [26] registered
[    1.573832] acpiphp: Slot [27] registered
[    1.573962] acpiphp: Slot [28] registered
[    1.574096] acpiphp: Slot [29] registered
[    1.574228] acpiphp: Slot [30] registered
[    1.574500] acpiphp: Slot [31] registered
[    1.574974] PCI host bridge to bus 0000:00
[    1.575618] pci_bus 0000:00: root bus resource [io  0x0000-0x0cf7 window]
[    1.575821] pci_bus 0000:00: root bus resource [io  0x0d00-0xffff window]
[    1.575841] pci_bus 0000:00: root bus resource [mem 0x000a0000-0x000bffff window]
[    1.575901] pci_bus 0000:00: root bus resource [mem 0x80000000-0xfebfffff window]
[    1.575916] pci_bus 0000:00: root bus resource [mem 0x100000000-0x17fffffff window]
[    1.576180] pci_bus 0000:00: root bus resource [bus 00-ff]
[    1.578226] pci 0000:00:00.0: [8086:1237] type 00 class 0x060000 conventional PCI endpoint
[    1.584396] pci 0000:00:01.0: [8086:7000] type 00 class 0x060100 conventional PCI endpoint
[    1.585315] pci 0000:00:01.1: [8086:7010] type 00 class 0x010180 conventional PCI endpoint
[    1.591813] pci 0000:00:01.1: BAR 4 [io  0xc0c0-0xc0cf]
[    1.594503] pci 0000:00:01.1: BAR 0 [io  0x01f0-0x01f7]: legacy IDE quirk
[    1.594503] pci 0000:00:01.1: BAR 1 [io  0x03f6]: legacy IDE quirk
[    1.594503] pci 0000:00:01.1: BAR 2 [io  0x0170-0x0177]: legacy IDE quirk
[    1.594503] pci 0000:00:01.1: BAR 3 [io  0x0376]: legacy IDE quirk
[    1.595308] pci 0000:00:01.3: [8086:7113] type 00 class 0x068000 conventional PCI endpoint
[    1.595873] pci 0000:00:01.3: quirk: [io  0x0600-0x063f] claimed by PIIX4 ACPI
[    1.595950] pci 0000:00:01.3: quirk: [io  0x0700-0x070f] claimed by PIIX4 SMB
[    1.596861] pci 0000:00:02.0: [1234:1111] type 00 class 0x030000 conventional PCI endpoint
[    1.598538] pci 0000:00:02.0: BAR 0 [mem 0xfd000000-0xfdffffff pref]
[    1.603156] pci 0000:00:02.0: BAR 2 [mem 0xfeb90000-0xfeb90fff]
[    1.608541] pci 0000:00:02.0: ROM [mem 0xfeb80000-0xfeb8ffff pref]
[    1.609143] pci 0000:00:02.0: Video device with shadowed ROM at [mem 0x000c0000-0x000dffff]
[    1.609761] pci 0000:00:03.0: [1af4:1005] type 00 class 0x00ff00 conventional PCI endpoint
[    1.611531] pci 0000:00:03.0: BAR 0 [io  0xc080-0xc09f]
[    1.613503] pci 0000:00:03.0: BAR 1 [mem 0xfeb91000-0xfeb91fff]
[    1.617531] pci 0000:00:03.0: BAR 4 [mem 0xfe000000-0xfe003fff 64bit pref]
[    1.628091] pci 0000:00:04.0: [1af4:1000] type 00 class 0x020000 conventional PCI endpoint
[    1.629920] pci 0000:00:04.0: BAR 0 [io  0xc0a0-0xc0bf]
[    1.631208] pci 0000:00:04.0: BAR 1 [mem 0xfeb92000-0xfeb92fff]
[    1.635069] pci 0000:00:04.0: BAR 4 [mem 0xfe004000-0xfe007fff 64bit pref]
[    1.635503] pci 0000:00:04.0: ROM [mem 0xfeb00000-0xfeb7ffff pref]
[    1.643117] pci 0000:00:05.0: [1af4:1001] type 00 class 0x010000 conventional PCI endpoint
[    1.645195] pci 0000:00:05.0: BAR 0 [io  0xc000-0xc07f]
[    1.647029] pci 0000:00:05.0: BAR 1 [mem 0xfeb93000-0xfeb93fff]
[    1.650503] pci 0000:00:05.0: BAR 4 [mem 0xfe008000-0xfe00bfff 64bit pref]
[    1.664819] ACPI: PCI: Interrupt link LNKA configured for IRQ 10
[    1.666024] ACPI: PCI: Interrupt link LNKB configured for IRQ 10
[    1.666879] ACPI: PCI: Interrupt link LNKC configured for IRQ 11
[    1.667686] ACPI: PCI: Interrupt link LNKD configured for IRQ 11
[    1.668048] ACPI: PCI: Interrupt link LNKS configured for IRQ 9
[    1.674257] iommu: Default domain type: Translated
[    1.674304] iommu: DMA domain TLB invalidation policy: lazy mode
[    1.675240] ACPI: bus type USB registered
[    1.676058] usbcore: registered new interface driver usbfs
[    1.676544] usbcore: registered new interface driver hub
[    1.676902] usbcore: registered new device driver usb
[    1.691887] NetLabel: Initializing
[    1.691920] NetLabel:  domain hash size = 128
[    1.691938] NetLabel:  protocols = UNLABELED CIPSOv4 CALIPSO
[    1.693040] NetLabel:  unlabeled traffic allowed by default
[    1.693104] PCI: Using ACPI for IRQ routing
[    1.693263] PCI: pci_cache_line_size set to 64 bytes
[    1.693897] e820: reserve RAM buffer [mem 0x0009fc00-0x0009ffff]
[    1.694157] e820: reserve RAM buffer [mem 0x7ffdd000-0x7fffffff]
[    1.700503] pci 0000:00:02.0: vgaarb: setting as boot VGA device
[    1.701534] pci 0000:00:02.0: vgaarb: bridge control possible
[    1.701534] pci 0000:00:02.0: vgaarb: VGA device added: decodes=io+mem,owns=io+mem,locks=none
[    1.701559] vgaarb: loaded
[    1.702839] hpet: 3 channels of 0 reserved for per-cpu timers
[    1.703168] hpet0: at MMIO 0xfed00000, IRQs 2, 8, 0
[    1.703312] hpet0: 3 comparators, 64-bit 100.000000 MHz counter
[    1.708507] clocksource: Switched to clocksource tsc-early
[    1.735419] VFS: Disk quotas dquot_6.6.0
[    1.735932] VFS: Dquot-cache hash table entries: 512 (order 0, 4096 bytes)
[    1.740528] pnp: PnP ACPI init
[    1.745088] pnp 00:02: [dma 2]
[    1.748660] pnp: PnP ACPI: found 6 devices
[    1.805376] clocksource: acpi_pm: mask: 0xffffff max_cycles: 0xffffff, max_idle_ns: 2085701024 ns
[    1.807906] NET: Registered PF_INET protocol family
[    1.809752] IP idents hash table entries: 32768 (order: 6, 262144 bytes, linear)
[    1.879401] tcp_listen_portaddr_hash hash table entries: 1024 (order: 2, 16384 bytes, linear)
[    1.879656] Table-perturb hash table entries: 65536 (order: 6, 262144 bytes, linear)
[    1.880007] TCP established hash table entries: 16384 (order: 5, 131072 bytes, linear)
[    1.880578] TCP bind hash table entries: 16384 (order: 7, 524288 bytes, linear)
[    1.881016] TCP: Hash tables configured (established 16384 bind 16384)
[    1.883766] MPTCP token hash table entries: 2048 (order: 3, 49152 bytes, linear)
[    1.884384] UDP hash table entries: 1024 (order: 3, 32768 bytes, linear)
[    1.884748] UDP-Lite hash table entries: 1024 (order: 3, 32768 bytes, linear)
[    1.887118] NET: Registered PF_UNIX/PF_LOCAL protocol family
[    1.887684] NET: Registered PF_XDP protocol family
[    1.888862] pci_bus 0000:00: resource 4 [io  0x0000-0x0cf7 window]
[    1.888908] pci_bus 0000:00: resource 5 [io  0x0d00-0xffff window]
[    1.888923] pci_bus 0000:00: resource 6 [mem 0x000a0000-0x000bffff window]
[    1.888938] pci_bus 0000:00: resource 7 [mem 0x80000000-0xfebfffff window]
[    1.888951] pci_bus 0000:00: resource 8 [mem 0x100000000-0x17fffffff window]
[    1.889695] pci 0000:00:01.0: PIIX3: Enabling Passive Release
[    1.889874] pci 0000:00:00.0: Limiting direct PCI/PCI transfers
[    1.890012] PCI: CLS 0 bytes, default 64
[    1.897015] Trying to unpack rootfs image as initramfs...
[    1.965480] Initialise system trusted keyrings
[    1.968023] workingset: timestamp_bits=40 max_order=19 bucket_order=0
[    2.058185] Key type asymmetric registered
[    2.058382] Asymmetric key parser 'x509' registered
[    2.059215] Block layer SCSI generic (bsg) driver version 0.4 loaded (major 251)
[    2.062619] io scheduler mq-deadline registered
[    2.062718] io scheduler kyber registered
[    2.077456] Serial: 8250/16550 driver, 4 ports, IRQ sharing enabled
[    2.083878] 00:04: ttyS0 at I/O 0x3f8 (irq = 4, base_baud = 115200) is a 16550A
[    2.098186] Linux agpgart interface v0.103
[    2.098533] ACPI: bus type drm_connector registered
[    2.108910] usbcore: registered new interface driver usbserial_generic
[    2.109285] usbserial: USB Serial support registered for generic
[    2.109509] amd_pstate: the _CPC object is not present in SBIOS or ACPI disabled
[    2.111669] drop_monitor: Initializing network drop monitor service
[    2.114203] NET: Registered PF_INET6 protocol family
[    2.927210] tsc: Refined TSC clocksource calibration: 2793.473 MHz
[    2.927786] clocksource: tsc: mask: 0xffffffffffffffff max_cycles: 0x28442b1bacb, max_idle_ns: 440795340311 ns
[    2.928278] clocksource: Switched to clocksource tsc
[    3.361964] Freeing initrd memory: 26340K
[    3.378900] Segment Routing with IPv6
[    3.379402] In-situ OAM (IOAM) with IPv6
[    3.385332] IPI shorthand broadcast: enabled
[    3.406623] sched_clock: Marking stable (3370057543, 35755526)->(3459776692, -53963623)
[    3.411862] registered taskstats version 1
[    3.415169] Loading compiled-in X.509 certificates
[    3.459280] Demotion targets for Node 0: null
[    3.461636] Key type .fscrypt registered
[    3.461699] Key type fscrypt-provisioning registered
[    3.469982] PM:   Magic number: 5:316:507
[    3.476400] RAS: Correctable Errors collector initialized.
[    3.500935] clk: Disabling unused clocks
[    3.501229] PM: genpd: Disabling unused power domains
[    3.524762] Freeing unused decrypted memory: 2028K
[    3.610752] Freeing unused kernel image (initmem) memory: 3424K
[    3.611242] Write protecting the kernel read-only data: 30720k
[    3.614554] Freeing unused kernel image (rodata/data gap) memory: 1304K
[    3.803964] x86/mm: Checked W+X mappings: passed, no W+X pages found.
[    3.805023] Run /init as init process
[    3.805241]   with arguments:
[    3.805334]     /init
[    3.805370]   with environment:
[    3.805388]     HOME=/
[    3.805406]     TERM=linux
[    5.158670] stage-1-init: [Wed Dec 24 00:30:58 UTC 2025] loading module loop...
[    5.243282] loop: module loaded
[    5.351513] stage-1-init: [Wed Dec 24 00:30:58 UTC 2025] loading module overlay...
[    5.540247] stage-1-init: [Wed Dec 24 00:30:58 UTC 2025] loading module vfat...
[    5.701503] stage-1-init: [Wed Dec 24 00:30:59 UTC 2025] loading module nls_cp437...
[    5.808035] stage-1-init: [Wed Dec 24 00:30:59 UTC 2025] loading module nls_iso8859-1...
[    5.925020] stage-1-init: [Wed Dec 24 00:30:59 UTC 2025] loading module dm_mod...
[    6.011881] device-mapper: ioctl: 4.48.0-ioctl (2023-03-01) initialised: dm-devel@lists.linux.dev
[    6.070764] stage-1-init: [Wed Dec 24 00:30:59 UTC 2025] running udev...
[    6.567768] stage-1-init: [Wed Dec 24 00:30:59 UTC 2025] Starting systemd-udevd version 257.9
[    7.203455] i8042: PNP: PS/2 Controller [PNP0303:KBD,PNP0f13:MOU] at 0x60,0x64 irq 1,12
[    7.216725] serio: i8042 KBD port at 0x60,0x64 irq 1
[    7.225227] serio: i8042 AUX port at 0x60,0x64 irq 12
[    7.553329] SCSI subsystem initialized
[    7.791981] input: AT Translated Set 2 keyboard as /devices/platform/i8042/serio0/input/input0
[    7.797676] libata version 3.00 loaded.
[    7.814130] ata_piix 0000:00:01.1: version 2.13
[    7.877342] ACPI: \_SB_.LNKC: Enabled at IRQ 11
[    7.884431] scsi host0: ata_piix
[    7.889675] scsi host1: ata_piix
[    7.890711] ata1: PATA max MWDMA2 cmd 0x1f0 ctl 0x3f6 bmdma 0xc0c0 irq 14 lpm-pol 0
[    7.890766] ata2: PATA max MWDMA2 cmd 0x170 ctl 0x376 bmdma 0xc0c8 irq 15 lpm-pol 0
[    8.047984] ata2: found unknown device (class 0)
[    8.055319] ata2.00: ATAPI: QEMU DVD-ROM, 2.5+, max UDMA/100
[    8.075241] scsi 1:0:0:0: CD-ROM            QEMU     QEMU DVD-ROM     2.5+ PQ: 0 ANSI: 5
[    8.140505] sr 1:0:0:0: [sr0] scsi3-mmc drive: 4x/4x cd/rw xa/form2 tray
[    8.140869] cdrom: Uniform CD-ROM driver Revision: 3.20
[    8.148735] ACPI: \_SB_.LNKD: Enabled at IRQ 10
[    8.160024] sr 1:0:0:0: Attached scsi CD-ROM sr0
[    8.424764] ACPI: \_SB_.LNKA: Enabled at IRQ 10
[    8.470261] virtio_blk virtio2: 2/0/0 default/read/poll queues
[    8.500969] virtio_blk virtio2: [vda] 8388608 512-byte logical blocks (4.29 GB/4.00 GiB)
[    8.566381] virtio_net virtio1 ens4: renamed from eth0
[    8.871440] stage-1-init: [Wed Dec 24 00:31:02 UTC 2025] kbd_mode: KDSKBMODE: Inappropriate ioctl for device
[    8.924765] stage-1-init: [Wed Dec 24 00:31:02 UTC 2025] starting device mapper and LVM...
[    9.240780] random: crng init done
[    9.680397] stage-1-init: [Wed Dec 24 00:31:03 UTC 2025] mounting tmpfs on /...
[   10.156215] stage-1-init: [Wed Dec 24 00:31:03 UTC 2025] mounting /dev/root on /iso...
[   10.301966] /dev/root: Can't open blockdev
[   10.315125] ISO 9660 Extensions: Microsoft Joliet Level 3
[   10.318308] ISO 9660 Extensions: RRIP_1991A
[   10.603474] stage-1-init: [Wed Dec 24 00:31:03 UTC 2025] mounting /mnt-root/iso/nix-store.squashfs on /nix/.ro-store...
[   10.639763] loop0: detected capacity change from 0 to 2706320
[   10.742233] squashfs: version 4.0 (2009/01/31) Phillip Lougher
[   11.064282] stage-1-init: [Wed Dec 24 00:31:04 UTC 2025] mounting tmpfs on /nix/.rw-store...
[   11.583077] stage-1-init: [Wed Dec 24 00:31:04 UTC 2025] mounting overlay on /nix/store...
[   16.201141] booting system configuration /nix/store/dfhm82gd0sqgk4iwqpmqbff4xadk8l49-nixos-system-nixos-25.05.20251022.c8aa8cc
[   17.085516] stage-2-init: running activation script...
[   21.369615] stage-2-init: setting up /etc...
[   27.754973] stage-2-init: unpacking the NixOS/Nixpkgs sources...
[   28.919278] stage-2-init: ln: failed to create symbolic link '/root/.nix-defexpr/channels/channels': Read-only file system
[   29.750563] systemd[1]: Inserted module 'autofs4'
[   30.103018] systemd[1]: systemd 257.9 running in system mode (+PAM +AUDIT -SELINUX +APPARMOR +IMA +IPE +SMACK +SECCOMP +GCRYPT -GNUTLS +OPENSSL +ACL +BLKID +CURL +ELFUTILS +FIDO2 +IDN2 -IDN +IPTC +KMOD +LIBCRYPTSETUP +LIBCRYPTSETUP_PLUGINS +LIBFDISK +PCRE2 +PWQUALITY +P11KIT +QRENCODE +TPM2 +BZIP2 +LZ4 +XZ +ZLIB +ZSTD +BPF_FRAMEWORK -BTF -XKBCOMMON +UTMP -SYSVINIT +LIBARCHIVE)
[   30.103234] systemd[1]: Detected virtualization qemu.
[   30.103663] systemd[1]: Detected architecture x86-64.
[   30.104257] systemd[1]: Detected first boot.
[   30.156179] systemd[1]: Hostname set to <nixos>.
[   30.159066] systemd[1]: Initializing machine ID from random generator.
[   31.227114] systemd[1]: bpf-restrict-fs: LSM BPF program attached
[   32.297010] Guest personality initialized and is inactive
[   32.298304] VMCI host device registered (name=vmci, major=10, minor=123)
[   32.298352] Initialized host personality
[   32.324395] NET: Registered PF_VSOCK protocol family
[   34.662395] systemd[1]: Populated /etc with preset unit settings.
[   37.149548] systemd[1]: Queued start job for default target Multi-User System.
[   37.323692] systemd[1]: Unnecessary job was removed for /dev/loop0.
[   37.324952] systemd[1]: Unnecessary job was removed for QEMU_DVD-ROM nixos-minimal-25.05-x86_64.
[   37.357129] systemd[1]: Created slice Slice /system/getty.
[   37.372973] systemd[1]: Created slice Slice /system/modprobe.
[   37.385307] systemd[1]: Created slice Slice /system/serial-getty.
[   37.396381] systemd[1]: Created slice User and Session Slice.
[   37.402113] systemd[1]: Started Dispatch Password Requests to Console Directory Watch.
[   37.404454] systemd[1]: Started Forward Password Requests to Wall Directory Watch.
[   37.407415] systemd[1]: Expecting device /dev/ttyS0...
[   37.408609] systemd[1]: Reached target Local Encrypted Volumes.
[   37.409689] systemd[1]: Reached target Containers.
[   37.411061] systemd[1]: Reached target Path Units.
[   37.412114] systemd[1]: Reached target Remote File Systems.
[   37.413127] systemd[1]: Reached target Slice Units.
[   37.414219] systemd[1]: Reached target Swaps.
[   37.415356] systemd[1]: Reached target ZFS pool import target.
[   37.454194] systemd[1]: Listening on Process Core Dump Socket.
[   37.483989] systemd[1]: Listening on Credential Encryption/Decryption.
[   37.490696] systemd[1]: Listening on Journal Audit Socket.
[   37.495365] systemd[1]: Listening on Journal Socket (/dev/log).
[   37.497749] systemd[1]: Listening on Journal Sockets.
[   37.500625] systemd[1]: Listening on Network Service Netlink Socket.
[   37.503613] systemd[1]: Listening on Userspace Out-Of-Memory (OOM) Killer Socket.
[   37.505578] systemd[1]: Make TPM PCR Policy was skipped because of an unmet condition check (ConditionSecurity=measured-uki).
[   37.507304] systemd[1]: Listening on udev Control Socket.
[   37.509629] systemd[1]: Listening on udev Kernel Socket.
[   37.561542] systemd[1]: Mounting Huge Pages File System...
[   37.580943] systemd[1]: Mounting POSIX Message Queue File System...
[   37.616292] systemd[1]: Mounting Kernel Debug File System...
[   37.657136] systemd[1]: Mounting Kernel Trace File System...
[   37.749139] systemd[1]: Starting Create List of Static Device Nodes...
[   37.805538] systemd[1]: Starting Load Kernel Module configfs...
[   37.877553] systemd[1]: Starting Load Kernel Module drm...
[   37.967189] systemd[1]: Starting Load Kernel Module efi_pstore...
[   38.072963] systemd[1]: Starting Load Kernel Module fuse...
[   38.141487] systemd[1]: Starting mount-pstore.service...
[   38.149658] systemd[1]: Clear Stale Hibernate Storage Info was skipped because of an unmet condition check (ConditionPathExists=/sys/firmware/efi/efivars/HibernateLocation-8cf2644b-4b0b-428f-9387-6d876050dc67).
[   38.235359] systemd[1]: Starting Journal Service...
[   38.266684] systemd[1]: Starting Load Kernel Modules...
[   38.328083] systemd[1]: Starting Userspace Out-Of-Memory (OOM) Killer...
[   38.368989] systemd[1]: Starting Remount Root and Kernel File Systems...
[   38.371543] systemd[1]: Early TPM SRK Setup was skipped because of an unmet condition check (ConditionSecurity=measured-uki).
[   38.443081] systemd[1]: Starting Coldplug All udev Devices...
[   38.583773] systemd[1]: Mounted Huge Pages File System.
[   38.590639] systemd[1]: Mounted POSIX Message Queue File System.
[   38.594716] systemd[1]: Mounted Kernel Debug File System.
[   38.598299] systemd[1]: Mounted Kernel Trace File System.
[   39.242413] systemd[1]: Finished Create List of Static Device Nodes.
[   39.289991] systemd[1]: Starting Create Static Device Nodes in /dev gracefully...
[   40.233431] systemd[1]: Finished Remount Root and Kernel File Systems.
[   40.273142] systemd[1]: Starting Load/Save OS Random Seed...
[   40.321135] systemd[1]: Starting Network Time Synchronization...
[   40.325615] systemd[1]: TPM SRK Setup was skipped because of an unmet condition check (ConditionSecurity=measured-uki).
[   40.476498] spl: loading out-of-tree module taints kernel.
[   41.490538] systemd-journald[401]: Collecting audit messages is enabled.
[   41.688299] systemd[1]: Finished Load/Save OS Random Seed.
[   41.700228] systemd[1]: Reached target First Boot Complete.
[   42.194195] systemd[1]: Finished Create Static Device Nodes in /dev gracefully.
[   42.242911] systemd[1]: Starting Create Static Device Nodes in /dev...
[   42.291453] systemd[1]: modprobe@drm.service: Deactivated successfully.
[   42.297564] systemd[1]: Finished Load Kernel Module drm.
[   42.498535] systemd[1]: modprobe@configfs.service: Deactivated successfully.
[   42.505290] systemd[1]: Finished Load Kernel Module configfs.
[   42.508990] systemd[1]: modprobe@configfs.service: Consumed 257ms CPU time, 2.1M memory peak, 1.3M read from disk.
[   42.532425] systemd[1]: Mounting Kernel Configuration File System...
[   42.546979] fuse: init (API version 7.41)
[   42.699511] systemd[1]: modprobe@fuse.service: Deactivated successfully.
[   42.709534] systemd[1]: Finished Load Kernel Module fuse.
[   42.714686] systemd[1]: modprobe@fuse.service: Consumed 299ms CPU time, 2.9M memory peak, 2M read from disk.
[   42.750299] systemd[1]: Mounting FUSE Control File System...
[   42.773978] systemd[1]: modprobe@efi_pstore.service: Deactivated successfully.
[   42.781359] systemd[1]: Finished Load Kernel Module efi_pstore.
[   42.853465] systemd[1]: Mounted Kernel Configuration File System.
[   43.046595] systemd[1]: Started Userspace Out-Of-Memory (OOM) Killer.
[   43.089427] systemd[1]: Mounted FUSE Control File System.
[   43.395782] systemd[1]: Started Journal Service.
[   44.862246] systemd-journald[401]: Received client request to flush runtime journal.
[   61.512681] zfs: module license 'CDDL' taints kernel.
[   61.512793] Disabling lock debugging due to kernel taint
[   61.513070] zfs: module license taints kernel.
[   65.617636] ZFS: Loaded module v2.3.4-1, ZFS pool version 5000, ZFS filesystem version 5
[   77.276351] input: Power Button as /devices/LNXSYSTM:00/LNXPWRBN:00/input/input2
[   77.287772] ACPI: button: Power Button [PWRF]
[   78.047578] piix4_smbus 0000:00:01.3: SMBus Host Controller at 0x700, revision 0
[   78.128217] i2c i2c-0: Memory type 0x07 not supported yet, not instantiating SPD
[   78.492777] bochs-drm 0000:00:02.0: vgaarb: deactivate vga console
[   78.507378] Console: switching to colour dummy device 80x25
[   78.675095] [drm] Found bochs VGA, ID 0xb0c5.
[   78.675295] [drm] Framebuffer size 16384 kB @ 0xfd000000, mmio @ 0xfeb90000.
[   78.856035] Floppy drive(s): fd0 is 2.88M AMI BIOS
[   78.873319] FDC 0 is a S82078B
[   78.873564] [drm] Found EDID data blob.
[   78.888646] [drm] Initialized bochs-drm 1.0.0 for 0000:00:02.0 on minor 0
[   78.914376] fbcon: bochs-drmdrmfb (fb0) is primary device
[   78.949452] Console: switching to colour frame buffer device 160x50
[   78.971393] bochs-drm 0000:00:02.0: [drm] fb0: bochs-drmdrmfb frame buffer device
[   79.452803] input: ImExPS/2 Generic Explorer Mouse as /devices/platform/i8042/serio1/input/input3
[   79.469929] rtc_cmos 00:05: RTC can wake from S4
[   79.587235] rtc_cmos 00:05: registered as rtc0
[   79.611534] rtc_cmos 00:05: setting system clock to 2025-12-24T00:32:13 UTC (1766536333)
[   79.670550] rtc_cmos 00:05: alarms up to one day, y3k, 242 bytes nvram, hpet irqs
[   79.780225] parport_pc 00:03: reported by Plug and Play ACPI
[   79.784066] parport0: PC-style at 0x378, irq 7 [PCSPP(,...)]
[   84.295209] mousedev: PS/2 mouse device common for all mice
[   84.623382] ppdev: user-space parallel port driver
[   85.781616] cfg80211: Loading compiled-in X.509 certificates for regulatory database
[   85.936570] Loaded X.509 cert 'sforshee: 00b28ddf47aef9cea7'
[   85.937613] Loaded X.509 cert 'wens: 61c038651aabdcf94bd0ac7ff06c7248db18c600'
[   86.045240] kvm_amd: Nested Virtualization enabled
[   86.045396] kvm_amd: Nested Paging disabled
[   86.047347] kvm_amd: PMU virtualization is disabled
[   87.009635] powernow_k8: Power state transitions not supported
[   87.012752] powernow_k8: Power state transitions not supported
[   87.400915] EDAC MC: Ver: 3.0.0
[   93.413324] virtio_net virtio1 lan: renamed from ens4
[   96.674729] NET: Registered PF_PACKET protocol family
[  157.236077]  vda:
[  158.360403]  vda:
[  159.482458]  vda: vda1
[  161.601039]  vda: vda1 vda2
[  162.605138]  vda: vda1 vda2
[  170.793485] EXT4-fs (dm-0): mounted filesystem 041bc89c-05cf-4623-b279-166b827920e3 r/w with ordered data mode. Quota mode: none.
[  171.277430] Adding 4092k swap on /dev/mapper/main-swap.  Priority:-2 extents:1 across:4092k 
[  180.178831] hrtimer: interrupt took 2862120 ns
[?2004hPRE-NIXOS> journalctl --no-pager -u pre-nixos.service -b || true
journalctl --no-pager -u pre-nixos.service -b || true
[?2004lDec 24 00:32:06 nixos systemd[1]: Starting Pre-NixOS setup...
Dec 24 00:32:08 nixos pre-nixos-start[661]: pre-nixos boot image version 0.7.10
Dec 24 00:32:40 nixos pre-nixos-start[899]: disko version 1.12.0-dirty
Dec 24 00:33:19 nixos pre-nixos-start[903]: warning: error: unable to download 'https://cache.nixos.org/nix-cache-info': Could not connect to server (7) Failed to connect to cache.nixos.org port 443 after 1132 ms: Could not connect to server; retrying in 300 ms
Dec 24 00:33:19 nixos pre-nixos-start[903]: warning: error: unable to download 'https://cache.nixos.org/nix-cache-info': Could not connect to server (7) Failed to connect to cache.nixos.org port 443 after 4 ms: Could not connect to server; retrying in 587 ms
Dec 24 00:33:20 nixos pre-nixos-start[903]: warning: error: unable to download 'https://cache.nixos.org/nix-cache-info': Could not connect to server (7) Failed to connect to cache.nixos.org port 443 after 4 ms: Could not connect to server; retrying in 1205 ms
Dec 24 00:33:21 nixos pre-nixos-start[903]: warning: error: unable to download 'https://cache.nixos.org/nix-cache-info': Could not connect to server (7) Failed to connect to cache.nixos.org port 443 after 4 ms: Could not connect to server; retrying in 2392 ms
Dec 24 00:33:23 nixos pre-nixos-start[903]: warning: unable to download 'https://cache.nixos.org/nix-cache-info': Could not connect to server (7) Failed to connect to cache.nixos.org port 443 after 4 ms: Could not connect to server
Dec 24 00:33:23 nixos pre-nixos-start[903]: these 3 derivations will be built:
Dec 24 00:33:23 nixos pre-nixos-start[903]:   /nix/store/j84k3mh068chl60l0hn9y90q2k9xhj89-die-hook.drv
Dec 24 00:33:23 nixos pre-nixos-start[903]:   /nix/store/p12dh2wg9hpdrcm1n78srjhs7brfazjj-make-binary-wrapper-hook.drv
Dec 24 00:33:23 nixos pre-nixos-start[903]:   /nix/store/spmwgcp5pz6nv1dr6pk8wk10n1q46cfg-disko-destroy-format-mount.drv
Dec 24 00:33:25 nixos pre-nixos-start[903]: building '/nix/store/j84k3mh068chl60l0hn9y90q2k9xhj89-die-hook.drv'...
Dec 24 00:33:26 nixos pre-nixos-start[903]: building '/nix/store/p12dh2wg9hpdrcm1n78srjhs7brfazjj-make-binary-wrapper-hook.drv'...
Dec 24 00:33:27 nixos pre-nixos-start[903]: building '/nix/store/spmwgcp5pz6nv1dr6pk8wk10n1q46cfg-disko-destroy-format-mount.drv'...
Dec 24 00:33:28 nixos pre-nixos-start[987]: umount: /mnt: not mounted
Dec 24 00:33:29 nixos pre-nixos-start[989]: ++ realpath /dev/vda
Dec 24 00:33:29 nixos pre-nixos-start[988]: + disk=/dev/vda
Dec 24 00:33:29 nixos pre-nixos-start[988]: + lsblk -a -f
Dec 24 00:33:29 nixos pre-nixos-start[990]: NAME  FSTYPE   FSVER            LABEL                      UUID                                 FSAVAIL FSUSE% MOUNTPOINTS
Dec 24 00:33:29 nixos pre-nixos-start[990]: fd0
Dec 24 00:33:29 nixos pre-nixos-start[990]: loop0 squashfs 4.0                                                                                    0   100% /nix/.ro-store
Dec 24 00:33:29 nixos pre-nixos-start[990]: loop1
Dec 24 00:33:29 nixos pre-nixos-start[990]: loop2
Dec 24 00:33:29 nixos pre-nixos-start[990]: loop3
Dec 24 00:33:29 nixos pre-nixos-start[990]: loop4
Dec 24 00:33:29 nixos pre-nixos-start[990]: loop5
Dec 24 00:33:29 nixos pre-nixos-start[990]: loop6
Dec 24 00:33:29 nixos pre-nixos-start[990]: loop7
Dec 24 00:33:29 nixos pre-nixos-start[990]: sr0   iso9660  Joliet Extension nixos-minimal-25.05-x86_64 1980-01-01-00-00-00-00                     0   100% /iso
Dec 24 00:33:29 nixos pre-nixos-start[990]: vda
Dec 24 00:33:29 nixos pre-nixos-start[991]: + lsblk --output-all --json
Dec 24 00:33:29 nixos pre-nixos-start[993]: + bash -x
Dec 24 00:33:29 nixos pre-nixos-start[994]: ++ dirname /nix/store/01kl43q8l71ql3brwkq318yzxwlbfi1d-disk-deactivate/disk-deactivate
Dec 24 00:33:29 nixos pre-nixos-start[992]: + jq -r -f /nix/store/01kl43q8l71ql3brwkq318yzxwlbfi1d-disk-deactivate/zfs-swap-deactivate.jq
Dec 24 00:33:29 nixos pre-nixos-start[995]: + lsblk --output-all --json
Dec 24 00:33:29 nixos pre-nixos-start[997]: + bash -x
Dec 24 00:33:29 nixos pre-nixos-start[998]: ++ dirname /nix/store/01kl43q8l71ql3brwkq318yzxwlbfi1d-disk-deactivate/disk-deactivate
Dec 24 00:33:29 nixos pre-nixos-start[996]: + jq -r --arg disk_to_clear /dev/vda -f /nix/store/01kl43q8l71ql3brwkq318yzxwlbfi1d-disk-deactivate/disk-deactivate.jq
Dec 24 00:33:29 nixos pre-nixos-start[997]: + set -fu
Dec 24 00:33:29 nixos pre-nixos-start[999]: ++ type zdb
Dec 24 00:33:29 nixos pre-nixos-start[1000]: ++ zdb -l /dev/vda
Dec 24 00:33:29 nixos pre-nixos-start[1001]: ++ sed -nr 's/ +name: '\''(.*)'\''/\1/p'
Dec 24 00:33:30 nixos pre-nixos-start[997]: + zpool=
Dec 24 00:33:30 nixos pre-nixos-start[997]: + [[ -n '' ]]
Dec 24 00:33:30 nixos pre-nixos-start[997]: + unset zpool
Dec 24 00:33:30 nixos pre-nixos-start[1102]: ++ lsblk /dev/vda -l -p -o type,name
Dec 24 00:33:30 nixos pre-nixos-start[1103]: ++ awk 'match($1,"raid.*") {print $2}'
Dec 24 00:33:30 nixos pre-nixos-start[997]: + md_dev=
Dec 24 00:33:30 nixos pre-nixos-start[997]: + [[ -n '' ]]
Dec 24 00:33:30 nixos pre-nixos-start[997]: + wipefs --all -f /dev/vda
Dec 24 00:33:30 nixos pre-nixos-start[997]: + dd if=/dev/zero of=/dev/vda bs=440 count=1
Dec 24 00:33:30 nixos pre-nixos-start[1106]: 1+0 records in
Dec 24 00:33:30 nixos pre-nixos-start[1106]: 1+0 records out
Dec 24 00:33:30 nixos pre-nixos-start[1106]: 440 bytes copied, 0.00353571 s, 124 kB/s
Dec 24 00:33:30 nixos pre-nixos-start[988]: + lsblk -a -f
Dec 24 00:33:30 nixos pre-nixos-start[1109]: NAME  FSTYPE   FSVER            LABEL                      UUID                                 FSAVAIL FSUSE% MOUNTPOINTS
Dec 24 00:33:30 nixos pre-nixos-start[1109]: fd0
Dec 24 00:33:30 nixos pre-nixos-start[1109]: loop0 squashfs 4.0                                                                                    0   100% /nix/.ro-store
Dec 24 00:33:30 nixos pre-nixos-start[1109]: loop1
Dec 24 00:33:30 nixos pre-nixos-start[1109]: loop2
Dec 24 00:33:30 nixos pre-nixos-start[1109]: loop3
Dec 24 00:33:30 nixos pre-nixos-start[1109]: loop4
Dec 24 00:33:30 nixos pre-nixos-start[1109]: loop5
Dec 24 00:33:30 nixos pre-nixos-start[1109]: loop6
Dec 24 00:33:30 nixos pre-nixos-start[1109]: loop7
Dec 24 00:33:30 nixos pre-nixos-start[1109]: sr0   iso9660  Joliet Extension nixos-minimal-25.05-x86_64 1980-01-01-00-00-00-00                     0   100% /iso
Dec 24 00:33:30 nixos pre-nixos-start[1109]: vda
Dec 24 00:33:30 nixos pre-nixos-start[1110]: ++ mktemp -d
Dec 24 00:33:30 nixos pre-nixos-start[899]: + disko_devices_dir=/tmp/tmp.ujQQb6aNpN
Dec 24 00:33:30 nixos pre-nixos-start[899]: + trap 'rm -rf "$disko_devices_dir"' EXIT
Dec 24 00:33:30 nixos pre-nixos-start[899]: + mkdir -p /tmp/tmp.ujQQb6aNpN
Dec 24 00:33:30 nixos pre-nixos-start[1112]: + destroy=1
Dec 24 00:33:30 nixos pre-nixos-start[1112]: + device=/dev/vda
Dec 24 00:33:30 nixos pre-nixos-start[1112]: + imageName=vda
Dec 24 00:33:30 nixos pre-nixos-start[1112]: + imageSize=2G
Dec 24 00:33:30 nixos pre-nixos-start[1112]: + name=vda
Dec 24 00:33:30 nixos pre-nixos-start[1112]: + type=disk
Dec 24 00:33:30 nixos pre-nixos-start[1113]: + device=/dev/vda
Dec 24 00:33:30 nixos pre-nixos-start[1113]: + efiGptPartitionFirst=1
Dec 24 00:33:30 nixos pre-nixos-start[1113]: + type=gpt
Dec 24 00:33:30 nixos pre-nixos-start[1113]: + blkid /dev/vda
Dec 24 00:33:31 nixos pre-nixos-start[1113]: + sgdisk --clear /dev/vda
Dec 24 00:33:32 nixos pre-nixos-start[1115]: Creating new GPT entries in memory.
Dec 24 00:33:32 nixos pre-nixos-start[1115]: The operation has completed successfully.
Dec 24 00:33:32 nixos pre-nixos-start[1113]: + sgdisk --align-end --new=1:0:+1G --partition-guid=1:R --change-name=1:disk-vda-vda1 --typecode=1:EF00 --attributes=1:=:0 /dev/vda
Dec 24 00:33:33 nixos pre-nixos-start[1118]: The operation has completed successfully.
Dec 24 00:33:33 nixos pre-nixos-start[1113]: + partprobe /dev/vda
Dec 24 00:33:33 nixos pre-nixos-start[1113]: + udevadm trigger --subsystem-match=block
Dec 24 00:33:33 nixos pre-nixos-start[1113]: + udevadm settle --timeout 120
Dec 24 00:33:35 nixos pre-nixos-start[1113]: + sgdisk --align-end --new=2:0:-0 --partition-guid=2:R --change-name=2:disk-vda-vda2 --typecode=2:8300 --attributes=2:=:0 /dev/vda
Dec 24 00:33:36 nixos pre-nixos-start[1151]: The operation has completed successfully.
Dec 24 00:33:36 nixos pre-nixos-start[1113]: + partprobe /dev/vda
Dec 24 00:33:36 nixos pre-nixos-start[1113]: + udevadm trigger --subsystem-match=block
Dec 24 00:33:36 nixos pre-nixos-start[1113]: + udevadm settle --timeout 120
Dec 24 00:33:38 nixos pre-nixos-start[1181]: + device=/dev/disk/by-partlabel/disk-vda-vda1
Dec 24 00:33:38 nixos pre-nixos-start[1181]: + extraArgs=('-n' 'EFI')
Dec 24 00:33:38 nixos pre-nixos-start[1181]: + declare -a extraArgs
Dec 24 00:33:38 nixos pre-nixos-start[1181]: + format=vfat
Dec 24 00:33:38 nixos pre-nixos-start[1181]: + mountOptions=('umask=0077')
Dec 24 00:33:38 nixos pre-nixos-start[1181]: + declare -a mountOptions
Dec 24 00:33:38 nixos pre-nixos-start[1181]: + mountpoint=/boot
Dec 24 00:33:38 nixos pre-nixos-start[1181]: + type=filesystem
Dec 24 00:33:38 nixos pre-nixos-start[1183]: + blkid /dev/disk/by-partlabel/disk-vda-vda1
Dec 24 00:33:38 nixos pre-nixos-start[1184]: + grep -q TYPE=
Dec 24 00:33:38 nixos pre-nixos-start[1181]: + mkfs.vfat -n EFI /dev/disk/by-partlabel/disk-vda-vda1
Dec 24 00:33:39 nixos pre-nixos-start[1185]: mkfs.fat 4.2 (2021-01-31)
Dec 24 00:33:39 nixos pre-nixos-start[1186]: + device=/dev/disk/by-partlabel/disk-vda-vda2
Dec 24 00:33:39 nixos pre-nixos-start[1186]: + type=lvm_pv
Dec 24 00:33:39 nixos pre-nixos-start[1186]: + vg=main
Dec 24 00:33:39 nixos pre-nixos-start[1188]: + blkid /dev/disk/by-partlabel/disk-vda-vda2
Dec 24 00:33:39 nixos pre-nixos-start[1189]: + grep -q TYPE=
Dec 24 00:33:39 nixos pre-nixos-start[1186]: + pvcreate /dev/disk/by-partlabel/disk-vda-vda2
Dec 24 00:33:39 nixos pre-nixos-start[1191]:   Physical volume "/dev/disk/by-partlabel/disk-vda-vda2" successfully created.
Dec 24 00:33:39 nixos pre-nixos-start[1186]: + echo /dev/disk/by-partlabel/disk-vda-vda2
Dec 24 00:33:39 nixos pre-nixos-start[1192]: + name=main
Dec 24 00:33:39 nixos pre-nixos-start[1192]: + type=lvm_vg
Dec 24 00:33:39 nixos pre-nixos-start[1192]: + modprobe dm-snapshot
Dec 24 00:33:39 nixos pre-nixos-start[1192]: + readarray -t lvm_devices
Dec 24 00:33:39 nixos pre-nixos-start[1196]: ++ cat /tmp/tmp.ujQQb6aNpN/lvm_main
Dec 24 00:33:39 nixos pre-nixos-start[1192]: + vgdisplay main
Dec 24 00:33:40 nixos pre-nixos-start[1197]:   Volume group "main" not found
Dec 24 00:33:40 nixos pre-nixos-start[1197]:   Cannot process volume group main
Dec 24 00:33:40 nixos pre-nixos-start[1192]: + vgcreate main /dev/disk/by-partlabel/disk-vda-vda2
Dec 24 00:33:40 nixos pre-nixos-start[1198]:   Volume group "main" successfully created
Dec 24 00:33:40 nixos pre-nixos-start[1192]: + lvdisplay main/slash
Dec 24 00:33:40 nixos pre-nixos-start[1200]:   Failed to find logical volume "main/slash"
Dec 24 00:33:40 nixos pre-nixos-start[1192]: + lvcreate --yes -L 3064M -n slash main
Dec 24 00:33:41 nixos pre-nixos-start[1202]:   Logical volume "slash" created.
Dec 24 00:33:41 nixos pre-nixos-start[1192]: + lvdisplay main/swap
Dec 24 00:33:41 nixos pre-nixos-start[1210]:   Failed to find logical volume "main/swap"
Dec 24 00:33:41 nixos pre-nixos-start[1192]: + lvcreate --yes -L 4M -n swap main
Dec 24 00:33:42 nixos pre-nixos-start[1213]:   Logical volume "swap" created.
Dec 24 00:33:42 nixos pre-nixos-start[1221]: + device=/dev/main/slash
Dec 24 00:33:42 nixos pre-nixos-start[1221]: + extraArgs=('-L' 'slash')
Dec 24 00:33:42 nixos pre-nixos-start[1221]: + declare -a extraArgs
Dec 24 00:33:42 nixos pre-nixos-start[1221]: + format=ext4
Dec 24 00:33:42 nixos pre-nixos-start[1221]: + mountOptions=('relatime')
Dec 24 00:33:42 nixos pre-nixos-start[1221]: + declare -a mountOptions
Dec 24 00:33:42 nixos pre-nixos-start[1221]: + mountpoint=/
Dec 24 00:33:42 nixos pre-nixos-start[1221]: + type=filesystem
Dec 24 00:33:42 nixos pre-nixos-start[1223]: + blkid /dev/main/slash
Dec 24 00:33:42 nixos pre-nixos-start[1224]: + grep -q TYPE=
Dec 24 00:33:42 nixos pre-nixos-start[1221]: + mkfs.ext4 -L slash /dev/main/slash
Dec 24 00:33:43 nixos pre-nixos-start[1227]: mke2fs 1.47.2 (1-Jan-2025)
Dec 24 00:33:43 nixos pre-nixos-start[1227]: [82B blob data]
Dec 24 00:33:43 nixos pre-nixos-start[1227]: Creating filesystem with 784384 4k blocks and 196224 inodes
Dec 24 00:33:43 nixos pre-nixos-start[1227]: Filesystem UUID: 041bc89c-05cf-4623-b279-166b827920e3
Dec 24 00:33:43 nixos pre-nixos-start[1227]: Superblock backups stored on blocks:
Dec 24 00:33:43 nixos pre-nixos-start[1227]:         32768, 98304, 163840, 229376, 294912
Dec 24 00:33:43 nixos pre-nixos-start[1227]: [49B blob data]
Dec 24 00:33:43 nixos pre-nixos-start[1227]: [46B blob data]
Dec 24 00:33:43 nixos pre-nixos-start[1227]: Creating journal (16384 blocks): done
Dec 24 00:33:43 nixos pre-nixos-start[1227]: [83B blob data]
Dec 24 00:33:43 nixos pre-nixos-start[1228]: + device=/dev/main/swap
Dec 24 00:33:43 nixos pre-nixos-start[1228]: + discardPolicy=
Dec 24 00:33:43 nixos pre-nixos-start[1228]: + extraArgs=('--label' 'swap')
Dec 24 00:33:43 nixos pre-nixos-start[1228]: + declare -a extraArgs
Dec 24 00:33:43 nixos pre-nixos-start[1228]: + mountOptions=('defaults')
Dec 24 00:33:43 nixos pre-nixos-start[1228]: + declare -a mountOptions
Dec 24 00:33:43 nixos pre-nixos-start[1228]: + priority=
Dec 24 00:33:43 nixos pre-nixos-start[1228]: + randomEncryption=
Dec 24 00:33:43 nixos pre-nixos-start[1228]: + resumeDevice=
Dec 24 00:33:43 nixos pre-nixos-start[1228]: + type=swap
Dec 24 00:33:43 nixos pre-nixos-start[1230]: + blkid /dev/main/swap -o export
Dec 24 00:33:43 nixos pre-nixos-start[1231]: + grep -q '^TYPE='
Dec 24 00:33:43 nixos pre-nixos-start[1228]: + mkswap --label swap /dev/main/swap
Dec 24 00:33:43 nixos pre-nixos-start[1233]: Setting up swapspace version 1, size = 4 MiB (4190208 bytes)
Dec 24 00:33:43 nixos pre-nixos-start[1233]: LABEL=swap, UUID=d38082c9-44c2-492d-a8d0-01e66c4bb58f
Dec 24 00:33:43 nixos pre-nixos-start[899]: + set -efux
Dec 24 00:33:43 nixos pre-nixos-start[1234]: + destroy=1
Dec 24 00:33:43 nixos pre-nixos-start[1234]: + device=/dev/vda
Dec 24 00:33:43 nixos pre-nixos-start[1234]: + imageName=vda
Dec 24 00:33:43 nixos pre-nixos-start[1234]: + imageSize=2G
Dec 24 00:33:43 nixos pre-nixos-start[1234]: + name=vda
Dec 24 00:33:43 nixos pre-nixos-start[1234]: + type=disk
Dec 24 00:33:43 nixos pre-nixos-start[1235]: + device=/dev/vda
Dec 24 00:33:43 nixos pre-nixos-start[1235]: + efiGptPartitionFirst=1
Dec 24 00:33:43 nixos pre-nixos-start[1235]: + type=gpt
Dec 24 00:33:43 nixos pre-nixos-start[1237]: + name=main
Dec 24 00:33:43 nixos pre-nixos-start[1237]: + type=lvm_vg
Dec 24 00:33:43 nixos pre-nixos-start[1237]: + vgchange -a y
Dec 24 00:33:43 nixos pre-nixos-start[1237]:   2 logical volume(s) in volume group "main" now active
Dec 24 00:33:43 nixos pre-nixos-start[1239]: + name=main
Dec 24 00:33:43 nixos pre-nixos-start[1239]: + type=lvm_vg
Dec 24 00:33:43 nixos pre-nixos-start[1240]: + device=/dev/main/slash
Dec 24 00:33:43 nixos pre-nixos-start[1240]: + extraArgs=('-L' 'slash')
Dec 24 00:33:43 nixos pre-nixos-start[1240]: + declare -a extraArgs
Dec 24 00:33:43 nixos pre-nixos-start[1240]: + format=ext4
Dec 24 00:33:43 nixos pre-nixos-start[1240]: + mountOptions=('relatime')
Dec 24 00:33:43 nixos pre-nixos-start[1240]: + declare -a mountOptions
Dec 24 00:33:43 nixos pre-nixos-start[1240]: + mountpoint=/
Dec 24 00:33:43 nixos pre-nixos-start[1240]: + type=filesystem
Dec 24 00:33:43 nixos pre-nixos-start[1240]: + findmnt /dev/main/slash /mnt/
Dec 24 00:33:43 nixos pre-nixos-start[1240]: + mount /dev/main/slash /mnt/ -t ext4 -o relatime -o X-mount.mkdir
Dec 24 00:33:44 nixos pre-nixos-start[1247]: + destroy=1
Dec 24 00:33:44 nixos pre-nixos-start[1247]: + device=/dev/vda
Dec 24 00:33:44 nixos pre-nixos-start[1247]: + imageName=vda
Dec 24 00:33:44 nixos pre-nixos-start[1247]: + imageSize=2G
Dec 24 00:33:44 nixos pre-nixos-start[1247]: + name=vda
Dec 24 00:33:44 nixos pre-nixos-start[1247]: + type=disk
Dec 24 00:33:44 nixos pre-nixos-start[1248]: + device=/dev/vda
Dec 24 00:33:44 nixos pre-nixos-start[1248]: + efiGptPartitionFirst=1
Dec 24 00:33:44 nixos pre-nixos-start[1248]: + type=gpt
Dec 24 00:33:44 nixos pre-nixos-start[1249]: + device=/dev/disk/by-partlabel/disk-vda-vda1
Dec 24 00:33:44 nixos pre-nixos-start[1249]: + extraArgs=('-n' 'EFI')
Dec 24 00:33:44 nixos pre-nixos-start[1249]: + declare -a extraArgs
Dec 24 00:33:44 nixos pre-nixos-start[1249]: + format=vfat
Dec 24 00:33:44 nixos pre-nixos-start[1249]: + mountOptions=('umask=0077')
Dec 24 00:33:44 nixos pre-nixos-start[1249]: + declare -a mountOptions
Dec 24 00:33:44 nixos pre-nixos-start[1249]: + mountpoint=/boot
Dec 24 00:33:44 nixos pre-nixos-start[1249]: + type=filesystem
Dec 24 00:33:44 nixos pre-nixos-start[1249]: + findmnt /dev/disk/by-partlabel/disk-vda-vda1 /mnt/boot
Dec 24 00:33:44 nixos pre-nixos-start[1249]: + mount /dev/disk/by-partlabel/disk-vda-vda1 /mnt/boot -t vfat -o umask=0077 -o X-mount.mkdir
Dec 24 00:33:44 nixos pre-nixos-start[1252]: + name=main
Dec 24 00:33:44 nixos pre-nixos-start[1252]: + type=lvm_vg
Dec 24 00:33:44 nixos pre-nixos-start[1253]: + device=/dev/main/swap
Dec 24 00:33:44 nixos pre-nixos-start[1253]: + discardPolicy=
Dec 24 00:33:44 nixos pre-nixos-start[1253]: + extraArgs=('--label' 'swap')
Dec 24 00:33:44 nixos pre-nixos-start[1253]: + declare -a extraArgs
Dec 24 00:33:44 nixos pre-nixos-start[1253]: + mountOptions=('defaults')
Dec 24 00:33:44 nixos pre-nixos-start[1253]: + declare -a mountOptions
Dec 24 00:33:44 nixos pre-nixos-start[1253]: + priority=
Dec 24 00:33:44 nixos pre-nixos-start[1253]: + randomEncryption=
Dec 24 00:33:44 nixos pre-nixos-start[1253]: + resumeDevice=
Dec 24 00:33:44 nixos pre-nixos-start[1253]: + type=swap
Dec 24 00:33:44 nixos pre-nixos-start[1253]: + test '' '!=' 1
Dec 24 00:33:44 nixos pre-nixos-start[1254]: + swapon --show
Dec 24 00:33:44 nixos pre-nixos-start[1256]: ++ readlink -f /dev/main/swap
Dec 24 00:33:45 nixos pre-nixos-start[1255]: + grep -q '^/dev/dm-1 '
Dec 24 00:33:45 nixos pre-nixos-start[1253]: + swapon --options=defaults /dev/main/swap
Dec 24 00:33:45 nixos pre-nixos-start[899]: + rm -rf /tmp/tmp.ujQQb6aNpN
Dec 24 00:33:45 nixos pre-nixos-start[807]: LAN IPv4 address: 10.0.2.15
Dec 24 00:33:45 nixos pre-nixos-start[1265]: LAN IPv4 address: 10.0.2.15
Dec 24 00:33:47 nixos systemd[1]: pre-nixos.service: Deactivated successfully.
Dec 24 00:33:47 nixos systemd[1]: Finished Pre-NixOS setup.
Dec 24 00:33:47 nixos systemd[1]: [0;1;39m[0;1;31m[0;1;39mpre-nixos.service: Consumed 1min 639ms CPU time, 411.8M memory peak, 239.4M read from disk, 135.6M written to disk, 188B incoming IP traffic, 924B outgoing IP traffic.[0m
[?2004hPRE-NIXOS> 

[?2004l[?2004hPRE-NIXOS> printf '__UID_MARK__1766536443234__%s__UID_MARK__1766536443234__\n' "$(id -u)"
printf '__UID_MARK__1766536443234__%s__UID_MARK__1766536443234__\n' "$(id -u)"
[?2004l__UID_MARK__1766536443234__0__UID_MARK__1766536443234__
[?2004hPRE-NIXOS> ls -1 /tmp/pre-nixos*.log 2>/dev/null || true
ls -1 /tmp/pre-nixos*.log 2>/dev/null || true
[?2004l[?2004hPRE-NIXOS> poweroff
poweroff
[?2004l
Broadcast message from root@nixos on pts/0 (Wed 2025-12-24 00:34:03 UTC):

The system will power off now!

[?2004hPRE-NIXOS>          Stopping [0;1;39mSession 1 of User nixos[0m...
         Stopping [0;1;39mSession 2 of User nixos[0m...
[[0;32m  OK  [0m] Removed slice [0;1;39mSlice /system/modprobe[0m.
[[0;32m  OK  [0m] Stopped target [0;1;39mMulti-User System[0m.
[[0;32m  OK  [0m] Stopped target [0;1;39mLogin Prompts[0m.
[[0;32m  OK  [0m] Stopped target [0;1;39mContainers[0m.
[[0;32m  OK  [0m] Stopped target [0;1;39mHost and Network Name Lookups[0m.
[[0;32m  OK  [0m] Stopped target [0;1;39mTimer Units[0m.
[[0;32m  OK  [0m] Stopped [0;1;39mDiscard unused filesystem blocks once a week[0m.
[[0;32m  OK  [0m] Stopped [0;1;39mDaily Cleanup of Temporary Directories[0m.
[[0;32m  OK  [0m] Stopped [0;1;39mzpool-trim.timer[0m.
[[0;32m  OK  [0m] Stopped target [0;1;39mZFS startup target[0m.
[[0;32m  OK  [0m] Closed [0;1;39mLoad/Save RF Kill Switch Status /dev/rfkill Watch[0m.
         Mounting [0;1;39m/run/initramfs[0m...
         Stopping [0;1;39mKernel Auditing[0m...
         Stopping [0;1;39mGetty on tty1[0m...
[[0;32m  OK  [0m] Stopped [0;1;39mmount-pstore.service[0m.
[[0;32m  OK  [0m] Stopped [0;1;39mReset console on configuration changes[0m.
         Starting [0;1;39mSave Hardware Clock[0m...
         Stopping [0;1;39mSerial Getty on ttyS0[0m...
         Stopping [0;1;39mSSH Daemon[0m...
[[0;32m  OK  [0m] Stopped [0;1;39mSave Transient machine-id to Disk[0m.
[[0;32m  OK  [0m] Stopped target [0;1;39mFirst Boot Complete[0m.
         Stopping [0;1;39mEnable Persistent Storage in systemd-networkd[0m...
         Stopping [0;1;39mLoad/Save OS Random Seed[0m...
         Stopping [0;1;39mUser Manager for UID 0[0m...
[[0;32m  OK  [0m] Stopped [0;1;39mZFS file system shares[0m.
         Stopping [0;1;39mZFS Event Daemon (zed)[0m...
[[0;32m  OK  [0m] Stopped [0;1;39mGetty on tty1[0m.
[[0;32m  OK  [0m] Stopped [0;1;39mSerial Getty on ttyS0[0m.
[!p]104[?7h[6n[32766;32766H[6n[[0;32m  OK  [0m] Stopped [0;1;39mZFS Event Daemon (zed)[0m.
[[0;32m  OK  [0m] Stopped [0;1;39mSSH Daemon[0m.
[[0;32m  OK  [0m] Mounted [0;1;39m/run/initramfs[0m.
[[0;32m  OK  [0m] Stopped [0;1;39mUser Manager for UID 0[0m.
[[0;32m  OK  [0m] Stopped [0;1;39mSession 2 of User nixos[0m.
[[0;32m  OK  [0m] Stopped [0;1;39mSession 1 of User nixos[0m.
[[0;32m  OK  [0m] Stopped [0;1;39mLoad/Save OS Random Seed[0m.
[[0;32m  OK  [0m] Removed slice [0;1;39mSlice /system/getty[0m.
[[0;32m  OK  [0m] Removed slice [0;1;39mSlice /system/serial-getty[0m.
         Starting [0;1;39mGenerate shutdown ramfs[0m...
         Stopping [0;1;39mPermit User Sessions[0m...
         Stopping [0;1;39mUser Runtime Directory /run/user/0[0m...
         Stopping [0;1;39mUser Manager for UID 1000[0m...
[[0;32m  OK  [0m] Stopped [0;1;39mUser Manager for UID 1000[0m.
[[0;32m  OK  [0m] Unmounted [0;1;39m/run/user/0[0m.
[[0;32m  OK  [0m] Stopped [0;1;39mUser Runtime Directory /run/user/0[0m.
[[0;32m  OK  [0m] Stopped [0;1;39mKernel Auditing[0m.
[[0;32m  OK  [0m] Removed slice [0;1;39mSlice /user/0[0m.
         Stopping [0;1;39mUserspace Out-Of-Memory (OOM) Killer[0m...
         Stopping [0;1;39mUser Runtime Directory /run/user/1000[0m...
[[0;32m  OK  [0m] Stopped [0;1;39mUserspace Out-Of-Memory (OOM) Killer[0m.
[[0;32m  OK  [0m] Unmounted [0;1;39m/run/user/1000[0m.
[[0;32m  OK  [0m] Stopped [0;1;39mUser Runtime Directory /run/user/1000[0m.
[[0;32m  OK  [0m] Removed slice [0;1;39mSlice /user/1000[0m.
         Stopping [0;1;39mD-Bus System Message Bus[0m...
         Stopping [0;1;39mUser Login Management[0m...
[[0;32m  OK  [0m] Stopped [0;1;39mPermit User Sessions[0m.
[[0;32m  OK  [0m] Stopped target [0;1;39mNetwork[0m.
[[0;32m  OK  [0m] Stopped target [0;1;39mRemote File Systems[0m.
[[0;32m  OK  [0m] Stopped [0;1;39mEnable Persistent Storage in systemd-networkd[0m.
         Stopping [0;1;39mNetwork Configuration[0m...
[[0;32m  OK  [0m] Stopped [0;1;39mD-Bus System Message Bus[0m.
[[0;32m  OK  [0m] Stopped [0;1;39mUser Login Management[0m.
[[0;32m  OK  [0m] Stopped [0;1;39mNetwork Configuration[0m.
[[0;32m  OK  [0m] Stopped target [0;1;39mPreparation for Network[0m.
[[0;32m  OK  [0m] Stopped target [0;1;39mUser and Group Name Lookups[0m.
         Stopping [0;1;39mFirewall[0m...
         Stopping [0;1;39mName Service Cache Daemon (nsncd)[0m...
[[0;32m  OK  [0m] Stopped [0;1;39mName Service Cache Daemon (nsncd)[0m.
[[0;32m  OK  [0m] Stopped target [0;1;39mBasic System[0m.
[[0;32m  OK  [0m] Stopped target [0;1;39mPath Units[0m.
[[0;32m  OK  [0m] Stopped target [0;1;39mSlice Units[0m.
[[0;32m  OK  [0m] Removed slice [0;1;39mUser and Session Slice[0m.
[[0;32m  OK  [0m] Stopped target [0;1;39mSocket Units[0m.
[[0;32m  OK  [0m] Closed [0;1;39mD-Bus System Message Bus Socket[0m.
[[0;32m  OK  [0m] Closed [0;1;39mNix Daemon Socket[0m.
[[0;32m  OK  [0m] Closed [0;1;39mOpenSSH Server Socket (systemd-ssh-generator, AF_UNIX Local)[0m.
[[0;32m  OK  [0m] Closed [0;1;39mOpenSSH Server Socket (systemd-ssh-generator, AF_VSOCK)[0m.
[[0;32m  OK  [0m] Closed [0;1;39mHostname Service Socket[0m.
[[0;32m  OK  [0m] Stopped target [0;1;39mSystem Initialization[0m.
[[0;32m  OK  [0m] Stopped target [0;1;39mLocal Encrypted Volumes[0m.
[[0;32m  OK  [0m] Stopped [0;1;39mDispatch Password Requests to Console Directory Watch[0m.
[[0;32m  OK  [0m] Stopped [0;1;39mForward Password Requests to Wall Directory Watch[0m.
[[0;32m  OK  [0m] Closed [0;1;39mNetwork Service Netlink Socket[0m.
[[0;32m  OK  [0m] Closed [0;1;39mUserspace Out-Of-Memory (OOM) Killer Socket[0m.
         Stopping [0;1;39mNetwork Name Resolution[0m...
         Stopping [0;1;39mNetwork Time Synchronization[0m...
[[0;32m  OK  [0m] Stopped [0;1;39mUpdate is Completed[0m.
[[0;32m  OK  [0m] Stopped [0;1;39mRebuild Journal Catalog[0m.
         Stopping [0;1;39mRecord System Boot/Shutdown in UTMP[0m...
[[0;32m  OK  [0m] Stopped [0;1;39mNetwork Time Synchronization[0m.
[[0;32m  OK  [0m] Stopped [0;1;39mNetwork Name Resolution[0m.
[[0;32m  OK  [0m] Finished [0;1;39mSave Hardware Clock[0m.
[[0;32m  OK  [0m] Stopped [0;1;39mApply Kernel Variables[0m.
[[0;32m  OK  [0m] Closed [0;1;39mProcess Core Dump Socket[0m.
[[0;32m  OK  [0m] Stopped [0;1;39mRecord System Boot/Shutdown in UTMP[0m.
[[0;32m  OK  [0m] Stopped [0;1;39mCreate System Files and Directories[0m.
[[0;32m  OK  [0m] Stopped target [0;1;39mLocal File Systems[0m.
         Unmounting [0;1;39m/mnt/boot[0m...
         Unmounting [0;1;39m/nix/.ro-store[0m...
         Unmounting [0;1;39m/nix/.rw-store[0m...
         Unmounting [0;1;39m/run/keys[0m...
         Unmounting [0;1;39m/run/wrappers[0m...
[[0;32m  OK  [0m] Stopped [0;1;39mMount ZFS filesystems[0m.
[[0;32m  OK  [0m] Stopped target [0;1;39mZFS pool import target[0m.
[[0;32m  OK  [0m] Unmounted [0;1;39m/nix/.ro-store[0m.
[[0;32m  OK  [0m] Unmounted [0;1;39m/nix/.rw-store[0m.
         Unmounting [0;1;39m/iso[0m...
[[0;1;31mFAILED[0m] Failed unmounting [0;1;39m/iso[0m.
[[0;32m  OK  [0m] Unmounted [0;1;39m/run/wrappers[0m.
[[0;32m  OK  [0m] Unmounted [0;1;39m/run/keys[0m.
[[0;32m  OK  [0m] Unmounted [0;1;39m/mnt/boot[0m.
[[0;32m  OK  [0m] Stopped target [0;1;39mSwaps[0m.
         Deactivating swap [0;1;39m/dev/disk/by-diskseq/23[0m...
         Unmounting [0;1;39m/mnt[0m...
[[0;32m  OK  [0m] Stopped [0;1;39mFirewall[0m.
[[0;32m  OK  [0m] Stopped [0;1;39mLoad Kernel Modules[0m.
[[0;32m  OK  [0m] Finished [0;1;39mGenerate shutdown ramfs[0m.
[[0;32m  OK  [0m] Deactivated swap [0;1;39m/dev/disk/by-label/swap[0m.
[[0;32m  OK  [0m] Deactivated swap [0;1;39m/dev/disk/by-uuidâ€¦8082c9-44c2-492d-a8d0-01e66c4bb58f[0m.
[[0;32m  OK  [0m] Deactivated swap [0;1;39m/dev/disk/by-id/dâ€¦624j2Ukmw2istlAawMazD62YTbzCi6Yzfz[0m.
[[0;32m  OK  [0m] Deactivated swap [0;1;39m/dev/disk/by-id/dm-name-main-swap[0m.
[[0;32m  OK  [0m] Deactivated swap [0;1;39m/dev/mapper/main-swap[0m.
[[0;32m  OK  [0m] Deactivated swap [0;1;39m/dev/main/swap[0m.
[[0;32m  OK  [0m] Deactivated swap [0;1;39m/dev/disk/by-diskseq/23[0m.
[[0;32m  OK  [0m] Deactivated swap [0;1;39m/dev/dm-1[0m.
[[0;32m  OK  [0m] Unmounted [0;1;39m/mnt[0m.
[[0;32m  OK  [0m] Stopped target [0;1;39mPreparation for Local File Systems[0m.
[[0;32m  OK  [0m] Reached target [0;1;39mUnmount All Filesystems[0m.
[[0;32m  OK  [0m] Stopped [0;1;39mRemount Root and Kernel File Systems[0m.
[[0;32m  OK  [0m] Stopped [0;1;39mCreate Static Device Nodes in /dev[0m.
[[0;32m  OK  [0m] Stopped [0;1;39mCreate Static Device Nodes in /dev gracefully[0m.
[[0;32m  OK  [0m] Reached target [0;1;39mSystem Shutdown[0m.
[[0;32m  OK  [0m] Reached target [0;1;39mLate Shutdown Services[0m.
[[0;32m  OK  [0m] Finished [0;1;39mSystem Power Off[0m.
[[0;32m  OK  [0m] Reached target [0;1;39mSystem Power Off[0m.
[6n[32766;32766H[6n[!p]104[?7h[  197.092774] reboot: Power down
